Component: ARM Compiler 6.9 Tool: armlink [5ced1b00]

==============================================================================

Section Cross References

    stm32h7xx_hal_timebase_tim.o(.text.HAL_InitTick) refers to stm32h7xx_hal_cortex.o(.text.HAL_NVIC_SetPriority) for HAL_NVIC_SetPriority
    stm32h7xx_hal_timebase_tim.o(.text.HAL_InitTick) refers to stm32h7xx_hal_cortex.o(.text.HAL_NVIC_EnableIRQ) for HAL_NVIC_EnableIRQ
    stm32h7xx_hal_timebase_tim.o(.text.HAL_InitTick) refers to stm32h7xx_hal_rcc.o(.text.HAL_RCC_GetClockConfig) for HAL_RCC_GetClockConfig
    stm32h7xx_hal_timebase_tim.o(.text.HAL_InitTick) refers to stm32h7xx_hal_rcc.o(.text.HAL_RCC_GetPCLK1Freq) for HAL_RCC_GetPCLK1Freq
    stm32h7xx_hal_timebase_tim.o(.text.HAL_InitTick) refers to stm32h7xx_hal_timebase_tim.o(.bss.htim7) for htim7
    stm32h7xx_hal_timebase_tim.o(.text.HAL_InitTick) refers to stm32h7xx_hal_tim.o(.text.HAL_TIM_Base_Init) for HAL_TIM_Base_Init
    stm32h7xx_hal_timebase_tim.o(.text.HAL_InitTick) refers to stm32h7xx_hal_tim.o(.text.HAL_TIM_Base_Start_IT) for HAL_TIM_Base_Start_IT
    stm32h7xx_hal_timebase_tim.o(.ARM.exidx.text.HAL_InitTick) refers to stm32h7xx_hal_timebase_tim.o(.text.HAL_InitTick) for [Anonymous Symbol]
    stm32h7xx_hal_timebase_tim.o(.text.HAL_SuspendTick) refers to stm32h7xx_hal_timebase_tim.o(.bss.htim7) for htim7
    stm32h7xx_hal_timebase_tim.o(.ARM.exidx.text.HAL_SuspendTick) refers to stm32h7xx_hal_timebase_tim.o(.text.HAL_SuspendTick) for [Anonymous Symbol]
    stm32h7xx_hal_timebase_tim.o(.text.HAL_ResumeTick) refers to stm32h7xx_hal_timebase_tim.o(.bss.htim7) for htim7
    stm32h7xx_hal_timebase_tim.o(.ARM.exidx.text.HAL_ResumeTick) refers to stm32h7xx_hal_timebase_tim.o(.text.HAL_ResumeTick) for [Anonymous Symbol]
    main.o(.text.main) refers to stm32h7xx_hal.o(.text.HAL_Init) for HAL_Init
    main.o(.text.main) refers to main.o(.text.SystemClock_Config) for SystemClock_Config
    main.o(.text.main) refers to rtx_kernel.o(.text.osKernelInitialize) for osKernelInitialize
    main.o(.text.main) refers to rt_memclr_w.o(.text) for __aeabi_memclr4
    main.o(.text.main) refers to thread.o(.text.Thread) for Thread
    main.o(.text.main) refers to rtx_thread.o(.text.osThreadNew) for osThreadNew
    main.o(.text.main) refers to thread.o(.bss.tid_Thread) for tid_Thread
    main.o(.text.main) refers to stm32h7xx_hal_gpio.o(.text.HAL_GPIO_WritePin) for HAL_GPIO_WritePin
    main.o(.text.main) refers to stm32h7xx_hal_gpio.o(.text.HAL_GPIO_Init) for HAL_GPIO_Init
    main.o(.text.main) refers to stm32h7xx_hal_cortex.o(.text.HAL_NVIC_SetPriority) for HAL_NVIC_SetPriority
    main.o(.text.main) refers to stm32h7xx_hal_cortex.o(.text.HAL_NVIC_EnableIRQ) for HAL_NVIC_EnableIRQ
    main.o(.text.main) refers to main.o(.bss..L_MergedGlobals.4) for .L_MergedGlobals.4
    main.o(.text.main) refers to stm32h7xx_hal_dma.o(.text.HAL_DMA_Init) for HAL_DMA_Init
    main.o(.text.main) refers to main.o(.bss..L_MergedGlobals.3) for .L_MergedGlobals.3
    main.o(.text.main) refers to stm32h7xx_hal_mdma.o(.text.HAL_MDMA_Init) for HAL_MDMA_Init
    main.o(.text.main) refers to main.o(.bss..L_MergedGlobals.2) for .L_MergedGlobals.2
    main.o(.text.main) refers to stm32h7xx_hal_nand.o(.text.HAL_NAND_Init) for HAL_NAND_Init
    main.o(.text.main) refers to main.o(.bss..L_MergedGlobals.1) for .L_MergedGlobals.1
    main.o(.text.main) refers to stm32h7xx_hal_tim.o(.text.HAL_TIM_PWM_Init) for HAL_TIM_PWM_Init
    main.o(.text.main) refers to stm32h7xx_hal_tim_ex.o(.text.HAL_TIMEx_MasterConfigSynchronization) for HAL_TIMEx_MasterConfigSynchronization
    main.o(.text.main) refers to stm32h7xx_hal_tim.o(.text.HAL_TIM_PWM_ConfigChannel) for HAL_TIM_PWM_ConfigChannel
    main.o(.text.main) refers to stm32h7xx_hal_msp.o(.text.HAL_TIM_MspPostInit) for HAL_TIM_MspPostInit
    main.o(.text.main) refers to main.o(.bss.huart4) for huart4
    main.o(.text.main) refers to stm32h7xx_hal_uart.o(.text.HAL_UART_Init) for HAL_UART_Init
    main.o(.text.main) refers to main.o(.bss.hspi1) for hspi1
    main.o(.text.main) refers to stm32h7xx_hal_spi.o(.text.HAL_SPI_Init) for HAL_SPI_Init
    main.o(.text.main) refers to main.o(.bss..L_MergedGlobals) for .L_MergedGlobals
    main.o(.text.main) refers to stm32h7xx_hal_tim_ex.o(.text.HAL_TIMEx_ConfigBreakDeadTime) for HAL_TIMEx_ConfigBreakDeadTime
    main.o(.text.main) refers to rtx_kernel.o(.text.osKernelGetState) for osKernelGetState
    main.o(.text.main) refers to rtx_kernel.o(.text.osKernelStart) for osKernelStart
    main.o(.ARM.exidx.text.main) refers to main.o(.text.main) for [Anonymous Symbol]
    main.o(.text.SystemClock_Config) refers to stm32h7xx_hal_rcc.o(.text.HAL_RCC_OscConfig) for HAL_RCC_OscConfig
    main.o(.text.SystemClock_Config) refers to stm32h7xx_hal_rcc.o(.text.HAL_RCC_ClockConfig) for HAL_RCC_ClockConfig
    main.o(.text.SystemClock_Config) refers to stm32h7xx_hal_rcc_ex.o(.text.HAL_RCCEx_PeriphCLKConfig) for HAL_RCCEx_PeriphCLKConfig
[...]
    __rt_lib_init_lc_time_1                  0x08000313   Thumb Code     0  libinit2.o(.ARM.Collect$$libinit$$00000019)
    __rt_lib_init_preinit_1                  0x08000313   Thumb Code     0  libinit2.o(.ARM.Collect$$libinit$$00000004)
    __rt_lib_init_rand_1                     0x08000313   Thumb Code     0  libinit2.o(.ARM.Collect$$libinit$$0000000E)
    __rt_lib_init_return                     0x08000313   Thumb Code     0  libinit2.o(.ARM.Collect$$libinit$$00000033)
    __rt_lib_init_signal_1                   0x08000313   Thumb Code     0  libinit2.o(.ARM.Collect$$libinit$$0000001D)
    __rt_lib_init_stdio_1                    0x08000313   Thumb Code     0  libinit2.o(.ARM.Collect$$libinit$$00000025)
    __rt_lib_init_user_alloc_1               0x08000313   Thumb Code     0  libinit2.o(.ARM.Collect$$libinit$$0000000C)
    __rt_lib_shutdown                        0x08000315   Thumb Code     0  libshutdown.o(.ARM.Collect$$libshutdown$$00000000)
    __rt_lib_shutdown_cpp_1                  0x08000317   Thumb Code     0  libshutdown2.o(.ARM.Collect$$libshutdown$$00000002)
    __rt_lib_shutdown_fp_trap_1              0x08000317   Thumb Code     0  libshutdown2.o(.ARM.Collect$$libshutdown$$00000007)
    __rt_lib_shutdown_heap_1                 0x08000317   Thumb Code     0  libshutdown2.o(.ARM.Collect$$libshutdown$$0000000F)
    __rt_lib_shutdown_return                 0x08000317   Thumb Code     0  libshutdown2.o(.ARM.Collect$$libshutdown$$00000010)
    __rt_lib_shutdown_signal_1               0x08000317   Thumb Code     0  libshutdown2.o(.ARM.Collect$$libshutdown$$0000000A)
    __rt_lib_shutdown_stdio_1                0x08000317   Thumb Code     0  libshutdown2.o(.ARM.Collect$$libshutdown$$00000004)
    __rt_lib_shutdown_user_alloc_1           0x08000317   Thumb Code     0  libshutdown2.o(.ARM.Collect$$libshutdown$$0000000C)
    __rt_entry                               0x08000319   Thumb Code     0  __rtentry.o(.ARM.Collect$$rtentry$$00000000)
    __rt_entry_presh_1                       0x08000319   Thumb Code     0  __rtentry2.o(.ARM.Collect$$rtentry$$00000002)
    __rt_entry_sh                            0x08000319   Thumb Code     0  __rtentry4.o(.ARM.Collect$$rtentry$$00000004)
    __rt_entry_postsh_1                      0x0800031f   Thumb Code     0  __rtentry2.o(.ARM.Collect$$rtentry$$00000008)
    __rt_entry_li                            0x08000327   Thumb Code     0  __rtentry2.o(.ARM.Collect$$rtentry$$0000000A)
    __rt_entry_main                          0x0800032b   Thumb Code     0  __rtentry2.o(.ARM.Collect$$rtentry$$0000000D)
    __rt_entry_postli_1                      0x0800032b   Thumb Code     0  __rtentry2.o(.ARM.Collect$$rtentry$$0000000C)
    __rt_exit                                0x08000333   Thumb Code     0  rtexit.o(.ARM.Collect$$rtexit$$00000000)
    __rt_exit_ls                             0x08000335   Thumb Code     0  rtexit2.o(.ARM.Collect$$rtexit$$00000003)
    __rt_exit_prels_1                        0x08000335   Thumb Code     0  rtexit2.o(.ARM.Collect$$rtexit$$00000002)
    __rt_exit_exit                           0x08000339   Thumb Code     0  rtexit2.o(.ARM.Collect$$rtexit$$00000004)
    Reset_Handler                            0x08000341   Thumb Code     8  startup_stm32h743xx.o(.text)
    ADC3_IRQHandler                          0x0800035b   Thumb Code     0  startup_stm32h743xx.o(.text)
    ADC_IRQHandler                           0x0800035b   Thumb Code     0  startup_stm32h743xx.o(.text)
    BDMA_Channel0_IRQHandler                 0x0800035b   Thumb Code     0  startup_stm32h743xx.o(.text)
    BDMA_Channel1_IRQHandler                 0x0800035b   Thumb Code     0  startup_stm32h743xx.o(.text)
    BDMA_Channel2_IRQHandler                 0x0800035b   Thumb Code     0  startup_stm32h743xx.o(.text)
    BDMA_Channel3_IRQHandler                 0x0800035b   Thumb Code     0  startup_stm32h743xx.o(.text)
    BDMA_Channel4_IRQHandler                 0x0800035b   Thumb Code     0  startup_stm32h743xx.o(.text)
    BDMA_Channel5_IRQHandler                 0x0800035b   Thumb Code     0  startup_stm32h743xx.o(.text)
    BDMA_Channel6_IRQHandler                 0x0800035b   Thumb Code     0  startup_stm32h743xx.o(.text)
    BDMA_Channel7_IRQHandler                 0x0800035b   Thumb Code     0  startup_stm32h743xx.o(.text)
    CEC_IRQHandler                           0x0800035b   Thumb Code     0  startup_stm32h743xx.o(.text)
    COMP1_IRQHandler                         0x0800035b   Thumb Code     0  startup_stm32h743xx.o(.text)
    CRS_IRQHandler                           0x0800035b   Thumb Code     0  startup_stm32h743xx.o(.text)
    DCMI_IRQHandler                          0x0800035b   Thumb Code     0  startup_stm32h743xx.o(.text)
    DFSDM1_FLT0_IRQHandler                   0x0800035b   Thumb Code     0  startup_stm32h743xx.o(.text)
    DFSDM1_FLT1_IRQHandler                   0x0800035b   Thumb Code     0  startup_stm32h743xx.o(.text)
    DFSDM1_FLT2_IRQHandler                   0x0800035b   Thumb Code     0  startup_stm32h743xx.o(.text)
    DFSDM1_FLT3_IRQHandler                   0x0800035b   Thumb Code     0  startup_stm32h743xx.o(.text)
    DMA1_Stream0_IRQHandler                  0x0800035b   Thumb Code     0  startup_stm32h743xx.o(.text)
    DMA1_Stream6_IRQHandler                  0x0800035b   Thumb Code     0  startup_stm32h743xx.o(.text)
    DMA1_Stream7_IRQHandler                  0x0800035b   Thumb Code     0  startup_stm32h743xx.o(.text)
    DMA2D_IRQHandler                         0x0800035b   Thumb Code     0  startup_stm32h743xx.o(.text)
    DMA2_Stream0_IRQHandler                  0x0800035b   Thumb Code     0  startup_stm32h743xx.o(.text)
    DMA2_Stream1_IRQHandler                  0x0800035b   Thumb Code     0  startup_stm32h743xx.o(.text)
    DMA2_Stream2_IRQHandler                  0x0800035b   Thumb Code     0  startup_stm32h743xx.o(.text)
    DMA2_Stream3_IRQHandler                  0x0800035b   Thumb Code     0  startup_stm32h743xx.o(.text)
    DMA2_Stream4_IRQHandler                  0x0800035b   Thumb Code     0  startup_stm32h743xx.o(.text)
    DMA2_Stream5_IRQHandler                  0x0800035b   Thumb Code     0  startup_stm32h743xx.o(.text)
    DMA2_Stream6_IRQHandler                  0x0800035b   Thumb Code     0  startup_stm32h743xx.o(.text)
    DMA2_Stream7_IRQHandler                  0x0800035b   Thumb Code     0  startup_stm32h743xx.o(.text)
    DMAMUX1_OVR_IRQHandler                   0x0800035b   Thumb Code     0  startup_stm32h743xx.o(.text)
    DMAMUX2_OVR_IRQHandler                   0x0800035b   Thumb Code     0  startup_stm32h743xx.o(.text)
    ETH_IRQHandler                           0x0800035b   Thumb Code     0  startup_stm32h743xx.o(.text)
    ETH_WKUP_IRQHandler                      0x0800035b   Thumb Code     0  startup_stm32h743xx.o(.text)
    EXTI0_IRQHandler                         0x0800035b   Thumb Code     0  startup_stm32h743xx.o(.text)
    EXTI15_10_IRQHandler                     0x0800035b   Thumb Code     0  startup_stm32h743xx.o(.text)
    EXTI1_IRQHandler                         0x0800035b   Thumb Code     0  startup_stm32h743xx.o(.text)
    EXTI2_IRQHandler                         0x0800035b   Thumb Code     0  startup_stm32h743xx.o(.text)
    EXTI3_IRQHandler                         0x0800035b   Thumb Code     0  startup_stm32h743xx.o(.text)
    EXTI4_IRQHandler                         0x0800035b   Thumb Code     0  startup_stm32h743xx.o(.text)
    FDCAN1_IT0_IRQHandler                    0x0800035b   Thumb Code     0  startup_stm32h743xx.o(.text)
    FDCAN1_IT1_IRQHandler                    0x0800035b   Thumb Code     0  startup_stm32h743xx.o(.text)
    FDCAN2_IT0_IRQHandler                    0x0800035b   Thumb Code     0  startup_stm32h743xx.o(.text)
    FDCAN2_IT1_IRQHandler                    0x0800035b   Thumb Code     0  startup_stm32h743xx.o(.text)
    FDCAN_CAL_IRQHandler                     0x0800035b   Thumb Code     0  startup_stm32h743xx.o(.text)
    FLASH_IRQHandler                         0x0800035b   Thumb Code     0  startup_stm32h743xx.o(.text)
    FMC_IRQHandler                           0x0800035b   Thumb Code     0  startup_stm32h743xx.o(.text)
    FPU_IRQHandler                           0x0800035b   Thumb Code     0  startup_stm32h743xx.o(.text)
    HRTIM1_FLT_IRQHandler                    0x0800035b   Thumb Code     0  startup_stm32h743xx.o(.text)
    HRTIM1_Master_IRQHandler                 0x0800035b   Thumb Code     0  startup_stm32h743xx.o(.text)
    HRTIM1_TIMA_IRQHandler                   0x0800035b   Thumb Code     0  startup_stm32h743xx.o(.text)
    HRTIM1_TIMB_IRQHandler                   0x0800035b   Thumb Code     0  startup_stm32h743xx.o(.text)
    HRTIM1_TIMC_IRQHandler                   0x0800035b   Thumb Code     0  startup_stm32h743xx.o(.text)
    HRTIM1_TIMD_IRQHandler                   0x0800035b   Thumb Code     0  startup_stm32h743xx.o(.text)
    HRTIM1_TIME_IRQHandler                   0x0800035b   Thumb Code     0  startup_stm32h743xx.o(.text)
    HSEM1_IRQHandler                         0x0800035b   Thumb Code     0  startup_stm32h743xx.o(.text)
    I2C1_ER_IRQHandler                       0x0800035b   Thumb Code     0  startup_stm32h743xx.o(.text)
    I2C1_EV_IRQHandler                       0x0800035b   Thumb Code     0  startup_stm32h743xx.o(.text)
    I2C2_ER_IRQHandler                       0x0800035b   Thumb Code     0  startup_stm32h743xx.o(.text)
    I2C2_EV_IRQHandler                       0x0800035b   Thumb Code     0  startup_stm32h743xx.o(.text)
    I2C3_ER_IRQHandler                       0x0800035b   Thumb Code     0  startup_stm32h743xx.o(.text)
    I2C3_EV_IRQHandler                       0x0800035b   Thumb Code     0  startup_stm32h743xx.o(.text)
    I2C4_ER_IRQHandler                       0x0800035b   Thumb Code     0  startup_stm32h743xx.o(.text)
    I2C4_EV_IRQHandler                       0x0800035b   Thumb Code     0  startup_stm32h743xx.o(.text)
    JPEG_IRQHandler                          0x0800035b   Thumb Code     0  startup_stm32h743xx.o(.text)
    LPTIM1_IRQHandler                        0x0800035b   Thumb Code     0  startup_stm32h743xx.o(.text)
    LPTIM2_IRQHandler                        0x0800035b   Thumb Code     0  startup_stm32h743xx.o(.text)
    LPTIM3_IRQHandler                        0x0800035b   Thumb Code     0  startup_stm32h743xx.o(.text)
    LPTIM4_IRQHandler                        0x0800035b   Thumb Code     0  startup_stm32h743xx.o(.text)
    LPTIM5_IRQHandler                        0x0800035b   Thumb Code     0  startup_stm32h743xx.o(.text)
    LPUART1_IRQHandler                       0x0800035b   Thumb Code     0  startup_stm32h743xx.o(.text)
    LTDC_ER_IRQHandler                       0x0800035b   Thumb Code     0  startup_stm32h743xx.o(.text)
    LTDC_IRQHandler                          0x0800035b   Thumb Code     0  startup_stm32h743xx.o(.text)
    MDIOS_IRQHandler                         0x0800035b   Thumb Code     0  startup_stm32h743xx.o(.text)
    MDIOS_WKUP_IRQHandler                    0x0800035b   Thumb Code     0  startup_stm32h743xx.o(.text)
    OTG_FS_EP1_IN_IRQHandler                 0x0800035b   Thumb Code     0  startup_stm32h743xx.o(.text)
    OTG_FS_EP1_OUT_IRQHandler                0x0800035b   Thumb Code     0  startup_stm32h743xx.o(.text)
    OTG_FS_IRQHandler                        0x0800035b   Thumb Code     0  startup_stm32h743xx.o(.text)
    OTG_FS_WKUP_IRQHandler                   0x0800035b   Thumb Code     0  startup_stm32h743xx.o(.text)
    OTG_HS_EP1_IN_IRQHandler                 0x0800035b   Thumb Code     0  startup_stm32h743xx.o(.text)
    OTG_HS_EP1_OUT_IRQHandler                0x0800035b   Thumb Code     0  startup_stm32h743xx.o(.text)
    OTG_HS_IRQHandler                        0x0800035b   Thumb Code     0  startup_stm32h743xx.o(.text)
    OTG_HS_WKUP_IRQHandler                   0x0800035b   Thumb Code     0  startup_stm32h743xx.o(.text)
    PVD_AVD_IRQHandler                       0x0800035b   Thumb Code     0  startup_stm32h743xx.o(.text)
    QUADSPI_IRQHandler                       0x0800035b   Thumb Code     0  startup_stm32h743xx.o(.text)
    RCC_IRQHandler                           0x0800035b   Thumb Code     0  startup_stm32h743xx.o(.text)
    RNG_IRQHandler                           0x0800035b   Thumb Code     0  startup_stm32h743xx.o(.text)
    RTC_Alarm_IRQHandler                     0x0800035b   Thumb Code     0  startup_stm32h743xx.o(.text)
    RTC_WKUP_IRQHandler                      0x0800035b   Thumb Code     0  startup_stm32h743xx.o(.text)
    SAI1_IRQHandler                          0x0800035b   Thumb Code     0  startup_stm32h743xx.o(.text)
    SAI2_IRQHandler                          0x0800035b   Thumb Code     0  startup_stm32h743xx.o(.text)
    SAI3_IRQHandler                          0x0800035b   Thumb Code     0  startup_stm32h743xx.o(.text)
    SAI4_IRQHandler                          0x0800035b   Thumb Code     0  startup_stm32h743xx.o(.text)
    SDMMC1_IRQHandler                        0x0800035b   Thumb Code     0  startup_stm32h743xx.o(.text)
    SDMMC2_IRQHandler                        0x0800035b   Thumb Code     0  startup_stm32h743xx.o(.text)
    SPDIF_RX_IRQHandler                      0x0800035b   Thumb Code     0  startup_stm32h743xx.o(.text)
    SPI2_IRQHandler                          0x0800035b   Thumb Code     0  startup_stm32h743xx.o(.text)
    SPI3_IRQHandler                          0x0800035b   Thumb Code     0  startup_stm32h743xx.o(.text)
    SPI4_IRQHandler                          0x0800035b   Thumb Code     0  startup_stm32h743xx.o(.text)
    SPI5_IRQHandler                          0x0800035b   Thumb Code     0  startup_stm32h743xx.o(.text)
    SPI6_IRQHandler                          0x0800035b   Thumb Code     0  startup_stm32h743xx.o(.text)
    SWPMI1_IRQHandler                        0x0800035b   Thumb Code     0  startup_stm32h743xx.o(.text)
    TAMP_STAMP_IRQHandler                    0x0800035b   Thumb Code     0  startup_stm32h743xx.o(.text)
    TIM15_IRQHandler                         0x0800035b   Thumb Code     0  startup_stm32h743xx.o(.text)
    TIM16_IRQHandler                         0x0800035b   Thumb Code     0  startup_stm32h743xx.o(.text)
    TIM17_IRQHandler                         0x0800035b   Thumb Code     0  startup_stm32h743xx.o(.text)
    TIM2_IRQHandler                          0x0800035b   Thumb Code     0  startup_stm32h743xx.o(.text)
    TIM3_IRQHandler                          0x0800035b   Thumb Code     0  startup_stm32h743xx.o(.text)
    TIM4_IRQHandler                          0x0800035b   Thumb Code     0  startup_stm32h743xx.o(.text)
    TIM5_IRQHandler                          0x0800035b   Thumb Code     0  startup_stm32h743xx.o(.text)
    TIM6_DAC_IRQHandler                      0x0800035b   Thumb Code     0  startup_stm32h743xx.o(.text)
    TIM8_BRK_TIM12_IRQHandler                0x0800035b   Thumb Code     0  startup_stm32h743xx.o(.text)
    TIM8_CC_IRQHandler                       0x0800035b   Thumb Code     0  startup_stm32h743xx.o(.text)
    TIM8_TRG_COM_TIM14_IRQHandler            0x0800035b   Thumb Code     0  startup_stm32h743xx.o(.text)
    TIM8_UP_TIM13_IRQHandler                 0x0800035b   Thumb Code     0  startup_stm32h743xx.o(.text)
    UART5_IRQHandler                         0x0800035b   Thumb Code     0  startup_stm32h743xx.o(.text)
    UART7_IRQHandler                         0x0800035b   Thumb Code     0  startup_stm32h743xx.o(.text)
    UART8_IRQHandler                         0x0800035b   Thumb Code     0  startup_stm32h743xx.o(.text)
    USART1_IRQHandler                        0x0800035b   Thumb Code     0  startup_stm32h743xx.o(.text)
    USART2_IRQHandler                        0x0800035b   Thumb Code     0  startup_stm32h743xx.o(.text)
    USART3_IRQHandler                        0x0800035b   Thumb Code     0  startup_stm32h743xx.o(.text)
    USART6_IRQHandler                        0x0800035b   Thumb Code     0  startup_stm32h743xx.o(.text)
    WAKEUP_PIN_IRQHandler                    0x0800035b   Thumb Code     0  startup_stm32h743xx.o(.text)
    WWDG_IRQHandler                          0x0800035b   Thumb Code     0  startup_stm32h743xx.o(.text)
    __user_initial_stackheap                 0x0800035d   Thumb Code     0  startup_stm32h743xx.o(.text)
    arm_sin_f32                              0x08000381   Thumb Code   130  arm_sin_f32.o(.text)
    arm_copy_q7                              0x08000415   Thumb Code   154  arm_copy_q7.o(.text)
    arm_copy_q15                             0x080004b1   Thumb Code   170  arm_copy_q15.o(.text)
    SVC_Handler                              0x0800055d   Thumb Code   152  irq_cm4f.o(.text)
    PendSV_Handler                           0x080005f5   Thumb Code    16  irq_cm4f.o(.text)
    SysTick_Handler                          0x08000605   Thumb Code    16  irq_cm4f.o(.text)
    __aeabi_uldivmod                         0x08000621   Thumb Code     0  lludivv7m.o(.text)
    _ll_udiv                                 0x08000621   Thumb Code   238  lludivv7m.o(.text)
    __aeabi_memcpy                           0x0800070f   Thumb Code     0  rt_memcpy_v6.o(.text)
    __rt_memcpy                              0x0800070f   Thumb Code   138  rt_memcpy_v6.o(.text)
    _memcpy_lastbytes                        0x08000775   Thumb Code     0  rt_memcpy_v6.o(.text)
    __aeabi_memclr                           0x08000799   Thumb Code     0  rt_memclr.o(.text)
    __rt_memclr                              0x08000799   Thumb Code    68  rt_memclr.o(.text)
    _memset                                  0x0800079d   Thumb Code     0  rt_memclr.o(.text)
    __aeabi_memclr4                          0x080007dd   Thumb Code     0  rt_memclr_w.o(.text)
    __aeabi_memclr8                          0x080007dd   Thumb Code     0  rt_memclr_w.o(.text)
    __rt_memclr_w                            0x080007dd   Thumb Code    78  rt_memclr_w.o(.text)
    _memset_w                                0x080007e1   Thumb Code     0  rt_memclr_w.o(.text)
    __use_two_region_memory                  0x0800082b   Thumb Code     2  heapauxi.o(.text)
    __rt_heap_escrow$2region                 0x0800082d   Thumb Code     2  heapauxi.o(.text)
    __rt_heap_expand$2region                 0x0800082f   Thumb Code     2  heapauxi.o(.text)
    __aeabi_memcpy4                          0x08000831   Thumb Code     0  rt_memcpy_w.o(.text)
    __aeabi_memcpy8                          0x08000831   Thumb Code     0  rt_memcpy_w.o(.text)
    __rt_memcpy_w                            0x08000831   Thumb Code   100  rt_memcpy_w.o(.text)
    _memcpy_lastbytes_aligned                0x08000879   Thumb Code     0  rt_memcpy_w.o(.text)
    _sys_exit                                0x08000895   Thumb Code     8  sys_exit.o(.text)
    __I$use$semihosting                      0x080008a1   Thumb Code     0  use_no_semi.o(.text)
    __use_no_semihosting_swi                 0x080008a1   Thumb Code     2  use_no_semi.o(.text)
    __semihosting_library_function           0x080008a3   Thumb Code     0  indicate_semi.o(.text)
    __user_setup_stackheap                   0x080008a3   Thumb Code    74  sys_stackheap_outer.o(.text)
    exit                                     0x080008ed   Thumb Code    18  exit.o(.text)
    __user_libspace                          0x08000901   Thumb Code     8  libspace.o(.text)
    __user_perproc_libspace                  0x08000901   Thumb Code     0  libspace.o(.text)
    BusFault_Handler                         0x08000909   Thumb Code     2  stm32h7xx_it.o(.text.BusFault_Handler)
    DMA1_Stream1_IRQHandler                  0x08000911   Thumb Code    12  stm32h7xx_it.o(.text.DMA1_Stream1_IRQHandler)
    DMA1_Stream2_IRQHandler                  0x08000921   Thumb Code    12  stm32h7xx_it.o(.text.DMA1_Stream2_IRQHandler)
    DMA1_Stream4_IRQHandler                  0x08000931   Thumb Code    12  stm32h7xx_it.o(.text.DMA1_Stream4_IRQHandler)
    DMA1_Stream5_IRQHandler                  0x08000941   Thumb Code    12  stm32h7xx_it.o(.text.DMA1_Stream5_IRQHandler)
    DebugMon_Handler                         0x08000951   Thumb Code     2  stm32h7xx_it.o(.text.DebugMon_Handler)
    FMC_NAND_AttributeSpace_Timing_Init      0x08000959   Thumb Code    28  stm32h7xx_ll_fmc.o(.text.FMC_NAND_AttributeSpace_Timing_Init)
    FMC_NAND_CommonSpace_Timing_Init         0x08000979   Thumb Code    28  stm32h7xx_ll_fmc.o(.text.FMC_NAND_CommonSpace_Timing_Init)
    FMC_NAND_Init                            0x08000999   Thumb Code    54  stm32h7xx_ll_fmc.o(.text.FMC_NAND_Init)
    HAL_DMA_Abort                            0x080009d1   Thumb Code   250  stm32h7xx_hal_dma.o(.text.HAL_DMA_Abort)
    HAL_DMA_Abort_IT                         0x08000ad1   Thumb Code   180  stm32h7xx_hal_dma.o(.text.HAL_DMA_Abort_IT)
    HAL_DMA_GetError                         0x08000b89   Thumb Code     4  stm32h7xx_hal_dma.o(.text.HAL_DMA_GetError)
    HAL_DMA_IRQHandler                       0x08000b91   Thumb Code   840  stm32h7xx_hal_dma.o(.text.HAL_DMA_IRQHandler)
    HAL_DMA_Init                             0x08000ed9   Thumb Code   770  stm32h7xx_hal_dma.o(.text.HAL_DMA_Init)
    HAL_DMA_Start_IT                         0x080011e1   Thumb Code   352  stm32h7xx_hal_dma.o(.text.HAL_DMA_Start_IT)
    HAL_GPIO_Init                            0x08001341   Thumb Code   432  stm32h7xx_hal_gpio.o(.text.HAL_GPIO_Init)
    HAL_GPIO_WritePin                        0x080014f1   Thumb Code    10  stm32h7xx_hal_gpio.o(.text.HAL_GPIO_WritePin)
    HAL_GetTick                              0x08001501   Thumb Code    12  stm32h7xx_hal.o(.text.HAL_GetTick)
    HAL_IncTick                              0x08001511   Thumb Code    26  stm32h7xx_hal.o(.text.HAL_IncTick)
    HAL_Init                                 0x08001531   Thumb Code    32  stm32h7xx_hal.o(.text.HAL_Init)
    HAL_InitTick                             0x08001551   Thumb Code   144  stm32h7xx_hal_timebase_tim.o(.text.HAL_InitTick)
    HAL_MDMA_Init                            0x080015e1   Thumb Code   256  stm32h7xx_hal_mdma.o(.text.HAL_MDMA_Init)
    HAL_MspInit                              0x080016e1   Thumb Code   124  stm32h7xx_hal_msp.o(.text.HAL_MspInit)
    HAL_NAND_Init                            0x08001761   Thumb Code    98  stm32h7xx_hal_nand.o(.text.HAL_NAND_Init)
    HAL_NAND_MspInit                         0x080017c9   Thumb Code   186  stm32h7xx_hal_msp.o(.text.HAL_NAND_MspInit)
    HAL_NVIC_EnableIRQ                       0x08001889   Thumb Code    32  stm32h7xx_hal_cortex.o(.text.HAL_NVIC_EnableIRQ)
    HAL_NVIC_SetPriority                     0x080018a9   Thumb Code   100  stm32h7xx_hal_cortex.o(.text.HAL_NVIC_SetPriority)
    HAL_NVIC_SetPriorityGrouping             0x08001911   Thumb Code    32  stm32h7xx_hal_cortex.o(.text.HAL_NVIC_SetPriorityGrouping)
    HAL_RCCEx_GetD1SysClockFreq              0x08001931   Thumb Code    44  stm32h7xx_hal_rcc_ex.o(.text.HAL_RCCEx_GetD1SysClockFreq)
    HAL_RCCEx_GetD3PCLK1Freq                 0x08001961   Thumb Code    34  stm32h7xx_hal_rcc_ex.o(.text.HAL_RCCEx_GetD3PCLK1Freq)
    HAL_RCCEx_GetPLL2ClockFreq               0x08001989   Thumb Code   260  stm32h7xx_hal_rcc_ex.o(.text.HAL_RCCEx_GetPLL2ClockFreq)
    HAL_RCCEx_GetPLL3ClockFreq               0x08001a91   Thumb Code   260  stm32h7xx_hal_rcc_ex.o(.text.HAL_RCCEx_GetPLL3ClockFreq)
    HAL_RCCEx_PeriphCLKConfig                0x08001b99   Thumb Code  3700  stm32h7xx_hal_rcc_ex.o(.text.HAL_RCCEx_PeriphCLKConfig)
    HAL_RCC_ClockConfig                      0x08002a11   Thumb Code   596  stm32h7xx_hal_rcc.o(.text.HAL_RCC_ClockConfig)
    HAL_RCC_GetClockConfig                   0x08002c69   Thumb Code    88  stm32h7xx_hal_rcc.o(.text.HAL_RCC_GetClockConfig)
    HAL_RCC_GetHCLKFreq                      0x08002cc1   Thumb Code    44  stm32h7xx_hal_rcc.o(.text.HAL_RCC_GetHCLKFreq)
    HAL_RCC_GetPCLK1Freq                     0x08002cf1   Thumb Code    54  stm32h7xx_hal_rcc.o(.text.HAL_RCC_GetPCLK1Freq)
    HAL_RCC_GetPCLK2Freq                     0x08002d29   Thumb Code    54  stm32h7xx_hal_rcc.o(.text.HAL_RCC_GetPCLK2Freq)
    HAL_RCC_GetSysClockFreq                  0x08002d61   Thumb Code   244  stm32h7xx_hal_rcc.o(.text.HAL_RCC_GetSysClockFreq)
    HAL_RCC_OscConfig                        0x08002e59   Thumb Code  1290  stm32h7xx_hal_rcc.o(.text.HAL_RCC_OscConfig)
    HAL_SPI_ErrorCallback                    0x08003369   Thumb Code     2  stm32h7xx_hal_spi.o(.text.HAL_SPI_ErrorCallback)
    HAL_SPI_IRQHandler                       0x08003371   Thumb Code   598  stm32h7xx_hal_spi.o(.text.HAL_SPI_IRQHandler)
    HAL_SPI_Init                             0x080035c9   Thumb Code   400  stm32h7xx_hal_spi.o(.text.HAL_SPI_Init)
    HAL_SPI_MspInit                          0x08003759   Thumb Code   344  stm32h7xx_hal_msp.o(.text.HAL_SPI_MspInit)
    HAL_SPI_RxCpltCallback                   0x080038b1   Thumb Code     2  stm32h7xx_hal_spi.o(.text.HAL_SPI_RxCpltCallback)
    HAL_SPI_TxCpltCallback                   0x080038b9   Thumb Code     2  stm32h7xx_hal_spi.o(.text.HAL_SPI_TxCpltCallback)
    HAL_SPI_TxRxCpltCallback                 0x080038c1   Thumb Code     2  stm32h7xx_hal_spi.o(.text.HAL_SPI_TxRxCpltCallback)
    HAL_SYSTICK_CLKSourceConfig              0x080038c9   Thumb Code    26  stm32h7xx_hal_cortex.o(.text.HAL_SYSTICK_CLKSourceConfig)
    HAL_SYSTICK_Config                       0x080038e9   Thumb Code    44  stm32h7xx_hal_cortex.o(.text.HAL_SYSTICK_Config)
    HAL_TIMEx_BreakCallback                  0x08003919   Thumb Code    12  stm32h7xx_hal_tim_ex.o(.text.HAL_TIMEx_BreakCallback)
    HAL_TIMEx_CommutationCallback            0x08003929   Thumb Code    12  stm32h7xx_hal_tim_ex.o(.text.HAL_TIMEx_CommutationCallback)
    HAL_TIMEx_ConfigBreakDeadTime            0x08003939   Thumb Code   270  stm32h7xx_hal_tim_ex.o(.text.HAL_TIMEx_ConfigBreakDeadTime)
    HAL_TIMEx_MasterConfigSynchronization    0x08003a49   Thumb Code   196  stm32h7xx_hal_tim_ex.o(.text.HAL_TIMEx_MasterConfigSynchronization)
    HAL_TIM_Base_Init                        0x08003b11   Thumb Code   102  stm32h7xx_hal_tim.o(.text.HAL_TIM_Base_Init)
    HAL_TIM_Base_MspInit                     0x08003b79   Thumb Code    12  stm32h7xx_hal_tim.o(.text.HAL_TIM_Base_MspInit)
    HAL_TIM_Base_Start_IT                    0x08003b89   Thumb Code    38  stm32h7xx_hal_tim.o(.text.HAL_TIM_Base_Start_IT)
    HAL_TIM_ErrorCallback                    0x08003bb1   Thumb Code    12  stm32h7xx_hal_tim.o(.text.HAL_TIM_ErrorCallback)
    HAL_TIM_IC_CaptureCallback               0x08003bc1   Thumb Code    12  stm32h7xx_hal_tim.o(.text.HAL_TIM_IC_CaptureCallback)
    HAL_TIM_IRQHandler                       0x08003bd1   Thumb Code   710  stm32h7xx_hal_tim.o(.text.HAL_TIM_IRQHandler)
    HAL_TIM_MspPostInit                      0x08003e99   Thumb Code   138  stm32h7xx_hal_msp.o(.text.HAL_TIM_MspPostInit)
    HAL_TIM_OC_DelayElapsedCallback          0x08003f29   Thumb Code    12  stm32h7xx_hal_tim.o(.text.HAL_TIM_OC_DelayElapsedCallback)
    HAL_TIM_PWM_ConfigChannel                0x08003f39   Thumb Code   468  stm32h7xx_hal_tim.o(.text.HAL_TIM_PWM_ConfigChannel)
    HAL_TIM_PWM_Init                         0x08004111   Thumb Code   102  stm32h7xx_hal_tim.o(.text.HAL_TIM_PWM_Init)
    HAL_TIM_PWM_MspInit                      0x08004179   Thumb Code   234  stm32h7xx_hal_msp.o(.text.HAL_TIM_PWM_MspInit)
    HAL_TIM_PWM_Start_DMA                    0x08004269   Thumb Code   586  stm32h7xx_hal_tim.o(.text.HAL_TIM_PWM_Start_DMA)
    HAL_TIM_PeriodElapsedCallback            0x080044b9   Thumb Code    20  main.o(.text.HAL_TIM_PeriodElapsedCallback)
    HAL_TIM_TriggerCallback                  0x080044d1   Thumb Code    12  stm32h7xx_hal_tim.o(.text.HAL_TIM_TriggerCallback)
    HAL_UARTEx_WakeupCallback                0x080044e1   Thumb Code     2  stm32h7xx_hal_uart_ex.o(.text.HAL_UARTEx_WakeupCallback)
    HAL_UART_AbortReceive                    0x080044e9   Thumb Code    78  stm32h7xx_hal_uart.o(.text.HAL_UART_AbortReceive)
    HAL_UART_IRQHandler                      0x08004539   Thumb Code   750  stm32h7xx_hal_uart.o(.text.HAL_UART_IRQHandler)
    HAL_UART_Init                            0x08004829   Thumb Code   102  stm32h7xx_hal_uart.o(.text.HAL_UART_Init)
    HAL_UART_MspInit                         0x08004891   Thumb Code   248  stm32h7xx_hal_msp.o(.text.HAL_UART_MspInit)
    HAL_UART_Receive_DMA                     0x08004989   Thumb Code   142  stm32h7xx_hal_uart.o(.text.HAL_UART_Receive_DMA)
    HAL_UART_RxHalfCpltCallback              0x08004a19   Thumb Code     2  stm32h7xx_hal_uart.o(.text.HAL_UART_RxHalfCpltCallback)
    HardFault_Handler                        0x08004a21   Thumb Code     2  stm32h7xx_it.o(.text.HardFault_Handler)
    MemManage_Handler                        0x08004a29   Thumb Code     2  stm32h7xx_it.o(.text.MemManage_Handler)
    NMI_Handler                              0x08004b01   Thumb Code     2  stm32h7xx_it.o(.text.NMI_Handler)
    OS_Tick_AcknowledgeIRQ                   0x08004b05   Thumb Code    12  os_systick.o(.text.OS_Tick_AcknowledgeIRQ)
    OS_Tick_Enable                           0x08004b0d   Thumb Code    44  os_systick.o(.text.OS_Tick_Enable)
    OS_Tick_GetIRQn                          0x08004b31   Thumb Code     6  os_systick.o(.text.OS_Tick_GetIRQn)
    OS_Tick_Setup                            0x08004b39   Thumb Code    64  os_systick.o(.text.OS_Tick_Setup)
    SPI1_IRQHandler                          0x08004d19   Thumb Code    12  stm32h7xx_it.o(.text.SPI1_IRQHandler)
    SystemClock_Config                       0x08004e19   Thumb Code   266  main.o(.text.SystemClock_Config)
    SystemInit                               0x08004f29   Thumb Code   108  system_stm32h7xx.o(.text.SystemInit)
    TIM1_BRK_IRQHandler                      0x08004f99   Thumb Code    12  stm32h7xx_it.o(.text.TIM1_BRK_IRQHandler)
    TIM1_CC_IRQHandler                       0x08004fa9   Thumb Code    12  stm32h7xx_it.o(.text.TIM1_CC_IRQHandler)
    TIM1_TRG_COM_IRQHandler                  0x08004fb9   Thumb Code    12  stm32h7xx_it.o(.text.TIM1_TRG_COM_IRQHandler)
    TIM1_UP_IRQHandler                       0x08004fc9   Thumb Code    12  stm32h7xx_it.o(.text.TIM1_UP_IRQHandler)
    TIM7_IRQHandler                          0x08004fd9   Thumb Code    12  stm32h7xx_it.o(.text.TIM7_IRQHandler)
    TIM_Base_SetConfig                       0x08004fe9   Thumb Code   422  stm32h7xx_hal_tim.o(.text.TIM_Base_SetConfig)
    TIM_CCxChannelCmd                        0x08005191   Thumb Code    70  stm32h7xx_hal_tim.o(.text.TIM_CCxChannelCmd)
    TIM_DMADelayPulseCplt                    0x080051d9   Thumb Code   130  stm32h7xx_hal_tim.o(.text.TIM_DMADelayPulseCplt)
    TIM_DMAError                             0x08005261   Thumb Code    34  stm32h7xx_hal_tim.o(.text.TIM_DMAError)
    TIM_OC1_SetConfig                        0x08005289   Thumb Code   352  stm32h7xx_hal_tim.o(.text.TIM_OC1_SetConfig)
    TIM_OC2_SetConfig                        0x080053e9   Thumb Code   384  stm32h7xx_hal_tim.o(.text.TIM_OC2_SetConfig)
    TIM_OC3_SetConfig                        0x08005569   Thumb Code   378  stm32h7xx_hal_tim.o(.text.TIM_OC3_SetConfig)
    TIM_OC4_SetConfig                        0x080056e9   Thumb Code   228  stm32h7xx_hal_tim.o(.text.TIM_OC4_SetConfig)
    UART4_IRQHandler                         0x08005a49   Thumb Code    12  stm32h7xx_it.o(.text.UART4_IRQHandler)
    UART_AdvFeatureConfig                    0x08005a59   Thumb Code   234  stm32h7xx_hal_uart.o(.text.UART_AdvFeatureConfig)
    UART_CheckIdleState                      0x08005b49   Thumb Code   164  stm32h7xx_hal_uart.o(.text.UART_CheckIdleState)
    UART_SetConfig                           0x08005cb9   Thumb Code  2136  stm32h7xx_hal_uart.o(.text.UART_SetConfig)
    UsageFault_Handler                       0x08006511   Thumb Code     2  stm32h7xx_it.o(.text.UsageFault_Handler)
    _Error_Handler                           0x08006519   Thumb Code     2  main.o(.text._Error_Handler)
    _platform_post_stackheap_init            0x08006521   Thumb Code     4  rtx_lib.o(.text._platform_post_stackheap_init)
    main                                     0x08006529   Thumb Code  1442  main.o(.text.main)
    osDelay                                  0x08006acd   Thumb Code    36  rtx_delay.o(.text.osDelay)
    osKernelGetState                         0x08006af1   Thumb Code    52  rtx_kernel.o(.text.osKernelGetState)
    osKernelInitialize                       0x08006b25   Thumb Code    36  rtx_kernel.o(.text.osKernelInitialize)
    osKernelStart                            0x08006b49   Thumb Code    36  rtx_kernel.o(.text.osKernelStart)
    osMessageQueueGet                        0x08006b6d   Thumb Code   112  rtx_msgqueue.o(.text.osMessageQueueGet)
    osMessageQueueNew                        0x08006bdd   Thumb Code    36  rtx_msgqueue.o(.text.osMessageQueueNew)
    osMessageQueuePut                        0x08006c01   Thumb Code   128  rtx_msgqueue.o(.text.osMessageQueuePut)
    osRtxErrorNotify                         0x08006c81   Thumb Code     2  rtx_config.o(.text.osRtxErrorNotify)
    osRtxIdleThread                          0x08006c89   Thumb Code     2  rtx_config.o(.text.osRtxIdleThread)
    osRtxMemoryAlloc                         0x08006c8b   Thumb Code   128  rtx_memory.o(.text.osRtxMemoryAlloc)
    osRtxMemoryFree                          0x08006d0b   Thumb Code    82  rtx_memory.o(.text.osRtxMemoryFree)
    osRtxMemoryInit                          0x08006d5d   Thumb Code    54  rtx_memory.o(.text.osRtxMemoryInit)
    osRtxMemoryPoolAlloc                     0x08006d93   Thumb Code    74  rtx_mempool.o(.text.osRtxMemoryPoolAlloc)
    osRtxMemoryPoolFree                      0x08006ddd   Thumb Code    86  rtx_mempool.o(.text.osRtxMemoryPoolFree)
    osRtxMemoryPoolInit                      0x08006e33   Thumb Code    84  rtx_mempool.o(.text.osRtxMemoryPoolInit)
    osRtxMutexOwnerRelease                   0x08006f5d   Thumb Code    68  rtx_mutex.o(.text.osRtxMutexOwnerRelease)
    osRtxPendSV_Handler                      0x08006fa1   Thumb Code   144  rtx_system.o(.text.osRtxPendSV_Handler)
    osRtxPostProcess                         0x0800702d   Thumb Code   116  rtx_system.o(.text.osRtxPostProcess)
    osRtxThreadDelayTick                     0x080071b9   Thumb Code    56  rtx_thread.o(.text.osRtxThreadDelayTick)
    osRtxThreadDispatch                      0x080071ed   Thumb Code    96  rtx_thread.o(.text.osRtxThreadDispatch)
    osRtxThreadListGet                       0x0800729d   Thumb Code    22  rtx_thread.o(.text.osRtxThreadListGet)
    osRtxThreadListPut                       0x080072b3   Thumb Code    56  rtx_thread.o(.text.osRtxThreadListPut)
    osRtxThreadListRemove                    0x080072eb   Thumb Code    20  rtx_thread.o(.text.osRtxThreadListRemove)
    osRtxThreadReadyPut                      0x08007329   Thumb Code    20  rtx_thread.o(.text.osRtxThreadReadyPut)
    osRtxThreadRegPtr                        0x08007339   Thumb Code    20  rtx_thread.o(.text.osRtxThreadRegPtr)
    osRtxThreadStackCheck                    0x0800734d   Thumb Code    40  rtx_thread.o(.text.osRtxThreadStackCheck)
    osRtxThreadStartup                       0x08007375   Thumb Code    88  rtx_thread.o(.text.osRtxThreadStartup)
    osRtxThreadSwitch                        0x080073c5   Thumb Code    16  rtx_thread.o(.text.osRtxThreadSwitch)
    osRtxThreadWaitEnter                     0x080073d5   Thumb Code    56  rtx_thread.o(.text.osRtxThreadWaitEnter)
    osRtxThreadWaitExit                      0x0800740d   Thumb Code    50  rtx_thread.o(.text.osRtxThreadWaitExit)
    osRtxTick_Handler                        0x08007441   Thumb Code   112  rtx_system.o(.text.osRtxTick_Handler)
    osRtxTimerThread                         0x080074b1   Thumb Code    68  rtx_timer.o(.text.osRtxTimerThread)
    osThreadExit                             0x08007549   Thumb Code    12  rtx_thread.o(.text.osThreadExit)
    osThreadNew                              0x08007555   Thumb Code    36  rtx_thread.o(.text.osThreadNew)
    Long Thumb to Thumb Veneer to HAL_TIM_PWM_PulseFinishedCallback 0x08007ccd   Thumb Code    10  anon$$obj.o(Veneer$$Code)
    Long Thumb to Thumb Veneer to HAL_UART_RxCpltCallback 0x08007cd7   Thumb Code    10  anon$$obj.o(Veneer$$Code)
    Long Thumb to Thumb Veneer to HAL_UART_TxCpltCallback 0x08007ce1   Thumb Code    10  anon$$obj.o(Veneer$$Code)
    Long Thumb to Thumb Veneer to HAL_UART_ErrorCallback 0x08007ceb   Thumb Code    10  anon$$obj.o(Veneer$$Code)
    _fp_init                                 0x08007cf5   Thumb Code    10  fpinit.o(x$fpl$fpinit)
    __fplib_config_fpu_vfp                   0x08007cfd   Thumb Code     0  fpinit.o(x$fpl$fpinit)
    __fplib_config_pureend_doubles           0x08007cfd   Thumb Code     0  fpinit.o(x$fpl$fpinit)
    sinTable_f32                             0x08007d00   Data        2052  arm_common_tables.o(.constdata)
    osRtxConfig                              0x08008504   Data         104  rtx_lib.o(.rodata)
    os_cb_sections                           0x0800856c   Data          56  rtx_lib.o(.rodata)
    D1CorePrescTable                         0x080085a4   Data          16  system_stm32h7xx.o(.rodata.D1CorePrescTable)
    osRtxUserSVC                             0x080085d4   Data           4  rtx_lib.o(.rodata.osRtxUserSVC)
    Region$$Table$$Base                      0x080086a0   Number         0  anon$$obj.o(Region$$Table)
    Region$$Table$$Limit                     0x080086d0   Number         0  anon$$obj.o(Region$$Table)
    DMA1_Stream3_IRQHandler                  0x24000001   Thumb Code    40  ramfunc.o(.text.DMA1_Stream3_IRQHandler)
    EXTI9_5_IRQHandler                       0x24000029   Thumb Code    82  ramfunc.o(.text.EXTI9_5_IRQHandler)
    HAL_TIM_PWM_PulseFinishedCallback        0x24000081   Thumb Code    70  pwmouter.o(.text.HAL_TIM_PWM_PulseFinishedCallback)
    HAL_UART_ErrorCallback                   0x240000c9   Thumb Code    34  thread.o(.text.HAL_UART_ErrorCallback)
    HAL_UART_RxCpltCallback                  0x240000f1   Thumb Code    32  thread.o(.text.HAL_UART_RxCpltCallback)
    HAL_UART_TxCpltCallback                  0x24000111   Thumb Code     2  thread.o(.text.HAL_UART_TxCpltCallback)
    MDMA_IRQHandler                          0x24000113   Thumb Code   230  ramfunc.o(.text.MDMA_IRQHandler)
    Thread                                   0x240001f9   Thumb Code   264  thread.o(.text.Thread)
    StartOuter()                             0x24000301   Thumb Code   238  pwmouter.o(.text._Z10StartOuterv)
    ThreadUart(void*)                        0x240003f1   Thumb Code    40  thread.o(.text._Z10ThreadUartPv)
    recDataPkt(unsigned char*)               0x24000419   Thumb Code   416  thread.o(.text._Z10recDataPktPh)
    SetFreqOuter(unsigned&, int&, int&)      0x240005b9   Thumb Code   272  pwmouter.o(.text._Z12SetFreqOuterRjRiS0_)
    GetBUF()                                 0x240006c9   Thumb Code    68  ramfunc.o(.text._Z6GetBUFv)
    setPSP(unsigned char*)                   0x24000711   Thumb Code   132  pwmouter.o(.text._Z6setPSPPh)
    parcePkt(unsigned char*, unsigned char*, unsigned) 0x24000799   Thumb Code   244  thread.o(.text._Z8parcePktPhS_j)
    Long Thumb to Thumb Veneer to osMessageQueuePut 0x2400088d   Thumb Code    10  anon$$obj.o(Veneer$$Code)
    Long Thumb to Thumb Veneer to __aeabi_memclr4 0x24000897   Thumb Code    10  anon$$obj.o(Veneer$$Code)
    Long Thumb to Thumb Veneer to osDelay    0x240008a1   Thumb Code    10  anon$$obj.o(Veneer$$Code)
    Long Thumb to Thumb Veneer to osThreadNew 0x240008ab   Thumb Code    10  anon$$obj.o(Veneer$$Code)
    Long Thumb to Thumb Veneer to HAL_TIM_PWM_Start_DMA 0x240008b5   Thumb Code    10  anon$$obj.o(Veneer$$Code)
    Long Thumb to Thumb Veneer to osMessageQueueNew 0x240008bf   Thumb Code    10  anon$$obj.o(Veneer$$Code)
    Long Thumb to Thumb Veneer to HAL_UART_Receive_DMA 0x240008c9   Thumb Code    10  anon$$obj.o(Veneer$$Code)
    Long Thumb to Thumb Veneer to osMessageQueueGet 0x240008d3   Thumb Code    10  anon$$obj.o(Veneer$$Code)
    Long Thumb to Thumb Veneer to HAL_UART_AbortReceive 0x240008dd   Thumb Code    10  anon$$obj.o(Veneer$$Code)
    Long Thumb to Thumb Veneer to HAL_RCC_GetPCLK2Freq 0x240008e7   Thumb Code    10  anon$$obj.o(Veneer$$Code)
    Long Thumb to Thumb Veneer to arm_sin_f32 0x240008f1   Thumb Code    10  anon$$obj.o(Veneer$$Code)
    Long Thumb to Thumb Veneer to arm_copy_q7 0x240008fb   Thumb Code    10  anon$$obj.o(Veneer$$Code)
    Long Thumb to Thumb Veneer to arm_copy_q15 0x24000905   Thumb Code    10  anon$$obj.o(Veneer$$Code)
    Long Thumb to Thumb Veneer to HAL_RCC_GetPCLK1Freq 0x2400090f   Thumb Code    10  anon$$obj.o(Veneer$$Code)
    N_sinG                                   0x24000918   Data           4  pwmouter.o(.data..L_MergedGlobals)
    lenPSP                                   0x2400091c   Data           4  pwmouter.o(.data..L_MergedGlobals)
    SystemCoreClock                          0x24000928   Data           4  system_stm32h7xx.o(.data.SystemCoreClock)
    SystemD2Clock                            0x2400092c   Data           4  system_stm32h7xx.o(.data.SystemD2Clock)
    osRtxInfo                                0x24000930   Data         164  rtx_kernel.o(.data.os)
    __libspace_start                         0x240009e0   Data          96  libspace.o(.bss)
    __temporary_stack_top$libspace           0x24000a40   Data           0  libspace.o(.bss)
    htim1                                    0x24000a40   Data          64  main.o(.bss..L_MergedGlobals)
    htim2                                    0x24000a80   Data          64  main.o(.bss..L_MergedGlobals.1)
    hnand1                                   0x24000ac0   Data          64  main.o(.bss..L_MergedGlobals.2)
    hmdma_mdma_channel0_sw_0                 0x24000b00   Data         108  main.o(.bss..L_MergedGlobals.3)
    hdma_memtomem_dma1_stream0               0x24000b70   Data         120  main.o(.bss..L_MergedGlobals.4)
    addrADCsmpl                              0x2400122c   Data           4  ramfunc.o(.bss.addrADCsmpl)
    bufadc                                   0x24001230   Data       14520  thread.o(.bss.bufadc)
    curbuf                                   0x24004ae8   Data           4  ramfunc.o(.bss.curbuf)
    hdma_spi1_rx                             0x24004aec   Data         120  main.o(.bss.hdma_spi1_rx)
    hdma_spi1_tx                             0x24004b64   Data         120  main.o(.bss.hdma_spi1_tx)
    hdma_tim1_ch3                            0x24004bdc   Data         120  main.o(.bss.hdma_tim1_ch3)
    hdma_uart4_rx                            0x24004c54   Data         120  main.o(.bss.hdma_uart4_rx)
    hdma_uart4_tx                            0x24004ccc   Data         120  main.o(.bss.hdma_uart4_tx)
    hspi1                                    0x24004d44   Data         136  main.o(.bss.hspi1)
    htim7                                    0x24004dcc   Data          64  stm32h7xx_hal_timebase_tim.o(.bss.htim7)
    huart4                                   0x24004e0c   Data         128  main.o(.bss.huart4)
    .bss.os.msgqueue.cb$$Base                0x24009cf0   Number         0  rtx_lib.o(.bss.os.msgqueue.cb)
    .bss.os.msgqueue.cb$$Limit               0x24009d24   Number         0  rtx_lib.o(.bss.os.msgqueue.cb)
    .bss.os.thread.cb$$Base                  0x24009d74   Number         0  rtx_lib.o(.bss.os.thread.cb)
    .bss.os.thread.cb$$Limit                 0x24009dfc   Number         0  rtx_lib.o(.bss.os.thread.cb)
    outBPSK                                  0x2400a000   Data       163520  pwmouter.o(.bss.outBPSK)
    pspmas                                   0x24031ec0   Data         511  pwmouter.o(.bss.pspmas)
    sinx                                     0x240320c0   Data         336  pwmouter.o(.bss.sinx)
    stat                                     0x24032210   Data           4  ramfunc.o(.bss.stat)
    tid_Thread                               0x24032214   Data           4  thread.o(.bss.tid_Thread)
    uartRec                                  0x24032218   Data           4  thread.o(.bss.uartRec)
    uart_Task_id                             0x2403221c   Data           4  thread.o(.bss.uart_Task_id)



==============================================================================

Memory Map of the image

  Image Entry point : 0x08000299

  Load Region LR_IROM1 (Base: 0x08000000, Size: 0x000090b0, Max: 0x00200000, ABSOLUTE)

    Execution Region ER_IROM1 (Exec base: 0x08000000, Load base: 0x08000000, Size: 0x000086d0, Max: 0x00200000, ABSOLUTE)

    Exec Addr    Load Addr    Size         Type   Attr      Idx    E Section Name        Object

    0x08000000   0x08000000   0x00000298   Data   RO         1515    RESET               startup_stm32h743xx.o
    0x08000298   0x08000298   0x00000008   Code   RO         2215  * !!!main             c_w.l(__main.o)
    0x080002a0   0x080002a0   0x00000034   Code   RO         2505    !!!scatter          c_w.l(__scatter.o)
    0x080002d4   0x080002d4   0x0000001a   Code   RO         2507    !!handler_copy      c_w.l(__scatter_copy.o)
    0x080002ee   0x080002ee   0x00000002   PAD
    0x080002f0   0x080002f0   0x0000001c   Code   RO         2509    !!handler_zi        c_w.l(__scatter_zi.o)
    0x0800030c   0x0800030c   0x00000002   Code   RO         2382    .ARM.Collect$$libinit$$00000000  c_w.l(libinit.o)
    0x0800030e   0x0800030e   0x00000004   Code   RO         2394    .ARM.Collect$$libinit$$00000001  c_w.l(libinit2.o)
    0x08000312   0x08000312   0x00000000   Code   RO         2397    .ARM.Collect$$libinit$$00000004  c_w.l(libinit2.o)
    0x08000312   0x08000312   0x00000000   Code   RO         2400    .ARM.Collect$$libinit$$0000000A  c_w.l(libinit2.o)
    0x08000312   0x08000312   0x00000000   Code   RO         2402    .ARM.Collect$$libinit$$0000000C  c_w.l(libinit2.o)
    0x08000312   0x08000312   0x00000000   Code   RO         2404    .ARM.Collect$$libinit$$0000000E  c_w.l(libinit2.o)
    0x08000312   0x08000312   0x00000000   Code   RO         2407    .ARM.Collect$$libinit$$00000011  c_w.l(libinit2.o)
    0x08000312   0x08000312   0x00000000   Code   RO         2409    .ARM.Collect$$libinit$$00000013  c_w.l(libinit2.o)
    0x08000312   0x08000312   0x00000000   Code   RO         2411    .ARM.Collect$$libinit$$00000015  c_w.l(libinit2.o)
    0x08000312   0x08000312   0x00000000   Code   RO         2413    .ARM.Collect$$libinit$$00000017  c_w.l(libinit2.o)
    0x08000312   0x08000312   0x00000000   Code   RO         2415    .ARM.Collect$$libinit$$00000019  c_w.l(libinit2.o)
    0x08000312   0x08000312   0x00000000   Code   RO         2417    .ARM.Collect$$libinit$$0000001B  c_w.l(libinit2.o)
    0x08000312   0x08000312   0x00000000   Code   RO         2419    .ARM.Collect$$libinit$$0000001D  c_w.l(libinit2.o)
    0x08000312   0x08000312   0x00000000   Code   RO         2421    .ARM.Collect$$libinit$$0000001F  c_w.l(libinit2.o)
    0x08000312   0x08000312   0x00000000   Code   RO         2423    .ARM.Collect$$libinit$$00000021  c_w.l(libinit2.o)
    0x08000312   0x08000312   0x00000000   Code   RO         2425    .ARM.Collect$$libinit$$00000023  c_w.l(libinit2.o)
    0x08000312   0x08000312   0x00000000   Code   RO         2427    .ARM.Collect$$libinit$$00000025  c_w.l(libinit2.o)
    0x08000312   0x08000312   0x00000000   Code   RO         2431    .ARM.Collect$$libinit$$0000002C  c_w.l(libinit2.o)
    0x08000312   0x08000312   0x00000000   Code   RO         2433    .ARM.Collect$$libinit$$0000002E  c_w.l(libinit2.o)
    0x08000312   0x08000312   0x00000000   Code   RO         2435    .ARM.Collect$$libinit$$00000030  c_w.l(libinit2.o)
    0x08000312   0x08000312   0x00000000   Code   RO         2437    .ARM.Collect$$libinit$$00000032  c_w.l(libinit2.o)
    0x08000312   0x08000312   0x00000002   Code   RO         2438    .ARM.Collect$$libinit$$00000033  c_w.l(libinit2.o)
    0x08000314   0x08000314   0x00000002   Code   RO         2476    .ARM.Collect$$libshutdown$$00000000  c_w.l(libshutdown.o)
    0x08000316   0x08000316   0x00000000   Code   RO         2488    .ARM.Collect$$libshutdown$$00000002  c_w.l(libshutdown2.o)
    0x08000316   0x08000316   0x00000000   Code   RO         2490    .ARM.Collect$$libshutdown$$00000004  c_w.l(libshutdown2.o)
    0x08000316   0x08000316   0x00000000   Code   RO         2493    .ARM.Collect$$libshutdown$$00000007  c_w.l(libshutdown2.o)
    0x08000316   0x08000316   0x00000000   Code   RO         2496    .ARM.Collect$$libshutdown$$0000000A  c_w.l(libshutdown2.o)
    0x08000316   0x08000316   0x00000000   Code   RO         2498    .ARM.Collect$$libshutdown$$0000000C  c_w.l(libshutdown2.o)
    0x08000316   0x08000316   0x00000000   Code   RO         2501    .ARM.Collect$$libshutdown$$0000000F  c_w.l(libshutdown2.o)
    0x08000316   0x08000316   0x00000002   Code   RO         2502    .ARM.Collect$$libshutdown$$00000010  c_w.l(libshutdown2.o)
    0x08000318   0x08000318   0x00000000   Code   RO         2253    .ARM.Collect$$rtentry$$00000000  c_w.l(__rtentry.o)
    0x08000318   0x08000318   0x00000000   Code   RO         2341    .ARM.Collect$$rtentry$$00000002  c_w.l(__rtentry2.o)
    0x08000318   0x08000318   0x00000006   Code   RO         2353    .ARM.Collect$$rtentry$$00000004  c_w.l(__rtentry4.o)
    0x0800031e   0x0800031e   0x00000008   Code   RO         2342    .ARM.Collect$$rtentry$$00000008  c_w.l(__rtentry2.o)
    0x08000326   0x08000326   0x00000004   Code   RO         2344    .ARM.Collect$$rtentry$$0000000A  c_w.l(__rtentry2.o)
    0x0800032a   0x0800032a   0x00000000   Code   RO         2346    .ARM.Collect$$rtentry$$0000000C  c_w.l(__rtentry2.o)
    0x0800032a   0x0800032a   0x00000008   Code   RO         2347    .ARM.Collect$$rtentry$$0000000D  c_w.l(__rtentry2.o)
    0x08000332   0x08000332   0x00000002   Code   RO         2386    .ARM.Collect$$rtexit$$00000000  c_w.l(rtexit.o)
    0x08000334   0x08000334   0x00000000   Code   RO         2444    .ARM.Collect$$rtexit$$00000002  c_w.l(rtexit2.o)
    0x08000334   0x08000334   0x00000004   Code   RO         2445    .ARM.Collect$$rtexit$$00000003  c_w.l(rtexit2.o)
    0x08000338   0x08000338   0x00000006   Code   RO         2446    .ARM.Collect$$rtexit$$00000004  c_w.l(rtexit2.o)
    0x0800033e   0x0800033e   0x00000002   PAD
    0x08000340   0x08000340   0x00000040   Code   RO         1516    .text               startup_stm32h743xx.o
    0x08000380   0x08000380   0x00000094   Code   RO         1543    .text               arm_cortexM7lfdp_math.lib(arm_sin_f32.o)
    0x08000414   0x08000414   0x0000009a   Code   RO         1594    .text               arm_cortexM7lfdp_math.lib(arm_copy_q7.o)
    0x080004ae   0x080004ae   0x00000002   PAD
    0x080004b0   0x080004b0   0x000000aa   Code   RO         1618    .text               arm_cortexM7lfdp_math.lib(arm_copy_q15.o)
    0x0800055a   0x0800055a   0x00000002   PAD
    0x0800055c   0x0800055c   0x000000c4   Code   RO         1955    .text               RTX_CM4F.lib(irq_cm4f.o)
    0x08000620   0x08000620   0x000000ee   Code   RO         2205    .text               c_w.l(lludivv7m.o)
    0x0800070e   0x0800070e   0x0000008a   Code   RO         2207    .text               c_w.l(rt_memcpy_v6.o)
    0x08000798   0x08000798   0x00000044   Code   RO         2209    .text               c_w.l(rt_memclr.o)
    0x080007dc   0x080007dc   0x0000004e   Code   RO         2211    .text               c_w.l(rt_memclr_w.o)
    0x0800082a   0x0800082a   0x00000006   Code   RO         2213    .text               c_w.l(heapauxi.o)
    0x08000830   0x08000830   0x00000064   Code   RO         2260    .text               c_w.l(rt_memcpy_w.o)
    0x08000894   0x08000894   0x0000000c   Code   RO         2336    .text               c_w.l(sys_exit.o)
    0x080008a0   0x080008a0   0x00000002   Code   RO         2362    .text               c_w.l(use_no_semi.o)
    0x080008a2   0x080008a2   0x00000000   Code   RO         2364    .text               c_w.l(indicate_semi.o)
    0x080008a2   0x080008a2   0x0000004a   Code   RO         2365    .text               c_w.l(sys_stackheap_outer.o)
    0x080008ec   0x080008ec   0x00000012   Code   RO         2369    .text               c_w.l(exit.o)
    0x080008fe   0x080008fe   0x00000002   PAD
    0x08000900   0x08000900   0x00000008   Code   RO         2383    .text               c_w.l(libspace.o)
    0x08000908   0x08000908   0x00000002   Code   RO           59    .text.BusFault_Handler  stm32h7xx_it.o
    0x0800090a   0x0800090a   0x00000006   PAD
    0x08000910   0x08000910   0x0000000c   Code   RO           65    .text.DMA1_Stream1_IRQHandler  stm32h7xx_it.o
    0x0800091c   0x0800091c   0x00000004   PAD
    0x08000920   0x08000920   0x0000000c   Code   RO           67    .text.DMA1_Stream2_IRQHandler  stm32h7xx_it.o
    0x0800092c   0x0800092c   0x00000004   PAD
    0x08000930   0x08000930   0x0000000c   Code   RO           69    .text.DMA1_Stream4_IRQHandler  stm32h7xx_it.o
    0x0800093c   0x0800093c   0x00000004   PAD
    0x08000940   0x08000940   0x0000000c   Code   RO           71    .text.DMA1_Stream5_IRQHandler  stm32h7xx_it.o
    0x0800094c   0x0800094c   0x00000004   PAD
    0x08000950   0x08000950   0x00000002   Code   RO           63    .text.DebugMon_Handler  stm32h7xx_it.o
    0x08000952   0x08000952   0x00000006   PAD
    0x08000958   0x08000958   0x0000001c   Code   RO         1441    .text.FMC_NAND_AttributeSpace_Timing_Init  stm32h7xx_ll_fmc.o
    0x08000974   0x08000974   0x00000004   PAD
    0x08000978   0x08000978   0x0000001c   Code   RO         1439    .text.FMC_NAND_CommonSpace_Timing_Init  stm32h7xx_ll_fmc.o
    0x08000994   0x08000994   0x00000004   PAD
    0x08000998   0x08000998   0x00000036   Code   RO         1437    .text.FMC_NAND_Init  stm32h7xx_ll_fmc.o
    0x080009ce   0x080009ce   0x00000002   PAD
    0x080009d0   0x080009d0   0x000000fa   Code   RO          414    .text.HAL_DMA_Abort  stm32h7xx_hal_dma.o
    0x08000aca   0x08000aca   0x00000006   PAD
    0x08000ad0   0x08000ad0   0x000000b4   Code   RO          416    .text.HAL_DMA_Abort_IT  stm32h7xx_hal_dma.o
    0x08000b84   0x08000b84   0x00000004   PAD
    0x08000b88   0x08000b88   0x00000004   Code   RO          428    .text.HAL_DMA_GetError  stm32h7xx_hal_dma.o
    0x08000b8c   0x08000b8c   0x00000004   PAD
    0x08000b90   0x08000b90   0x00000348   Code   RO          420    .text.HAL_DMA_IRQHandler  stm32h7xx_hal_dma.o
    0x08000ed8   0x08000ed8   0x00000302   Code   RO          406    .text.HAL_DMA_Init  stm32h7xx_hal_dma.o
    0x080011da   0x080011da   0x00000006   PAD
    0x080011e0   0x080011e0   0x00000160   Code   RO          412    .text.HAL_DMA_Start_IT  stm32h7xx_hal_dma.o
    0x08001340   0x08001340   0x000001b0   Code   RO          469    .text.HAL_GPIO_Init  stm32h7xx_hal_gpio.o
    0x080014f0   0x080014f0   0x0000000a   Code   RO          475    .text.HAL_GPIO_WritePin  stm32h7xx_hal_gpio.o
    0x080014fa   0x080014fa   0x00000006   PAD
    0x08001500   0x08001500   0x0000000c   Code   RO          260    .text.HAL_GetTick   stm32h7xx_hal.o
    0x0800150c   0x0800150c   0x00000004   PAD
    0x08001510   0x08001510   0x0000001a   Code   RO          258    .text.HAL_IncTick   stm32h7xx_hal.o
    0x0800152a   0x0800152a   0x00000006   PAD
    0x08001530   0x08001530   0x00000020   Code   RO          248    .text.HAL_Init      stm32h7xx_hal.o
    0x08001550   0x08001550   0x00000090   Code   RO            2    .text.HAL_InitTick  stm32h7xx_hal_timebase_tim.o
    0x080015e0   0x080015e0   0x00000100   Code   RO          496    .text.HAL_MDMA_Init  stm32h7xx_hal_mdma.o
    0x080016e0   0x080016e0   0x0000007c   Code   RO         1480    .text.HAL_MspInit   stm32h7xx_hal_msp.o
    0x0800175c   0x0800175c   0x00000004   PAD
    0x08001760   0x08001760   0x00000062   Code   RO          545    .text.HAL_NAND_Init  stm32h7xx_hal_nand.o
    0x080017c2   0x080017c2   0x00000006   PAD
    0x080017c8   0x080017c8   0x000000ba   Code   RO         1496    .text.HAL_NAND_MspInit  stm32h7xx_hal_msp.o
    0x08001882   0x08001882   0x00000006   PAD
    0x08001888   0x08001888   0x00000020   Code   RO          363    .text.HAL_NVIC_EnableIRQ  stm32h7xx_hal_cortex.o
    0x080018a8   0x080018a8   0x00000064   Code   RO          361    .text.HAL_NVIC_SetPriority  stm32h7xx_hal_cortex.o
    0x0800190c   0x0800190c   0x00000004   PAD
    0x08001910   0x08001910   0x00000020   Code   RO          359    .text.HAL_NVIC_SetPriorityGrouping  stm32h7xx_hal_cortex.o
    0x08001930   0x08001930   0x0000002c   Code   RO          795    .text.HAL_RCCEx_GetD1SysClockFreq  stm32h7xx_hal_rcc_ex.o
    0x0800195c   0x0800195c   0x00000004   PAD
    0x08001960   0x08001960   0x00000022   Code   RO          793    .text.HAL_RCCEx_GetD3PCLK1Freq  stm32h7xx_hal_rcc_ex.o
    0x08001982   0x08001982   0x00000006   PAD
    0x08001988   0x08001988   0x00000104   Code   RO          787    .text.HAL_RCCEx_GetPLL2ClockFreq  stm32h7xx_hal_rcc_ex.o
    0x08001a8c   0x08001a8c   0x00000004   PAD
    0x08001a90   0x08001a90   0x00000104   Code   RO          789    .text.HAL_RCCEx_GetPLL3ClockFreq  stm32h7xx_hal_rcc_ex.o
    0x08001b94   0x08001b94   0x00000004   PAD
    0x08001b98   0x08001b98   0x00000e74   Code   RO          775    .text.HAL_RCCEx_PeriphCLKConfig  stm32h7xx_hal_rcc_ex.o
    0x08002a0c   0x08002a0c   0x00000004   PAD
    0x08002a10   0x08002a10   0x00000254   Code   RO          742    .text.HAL_RCC_ClockConfig  stm32h7xx_hal_rcc.o
    0x08002c64   0x08002c64   0x00000004   PAD
    0x08002c68   0x08002c68   0x00000058   Code   RO          758    .text.HAL_RCC_GetClockConfig  stm32h7xx_hal_rcc.o
    0x08002cc0   0x08002cc0   0x0000002c   Code   RO          750    .text.HAL_RCC_GetHCLKFreq  stm32h7xx_hal_rcc.o
    0x08002cec   0x08002cec   0x00000004   PAD
    0x08002cf0   0x08002cf0   0x00000036   Code   RO          752    .text.HAL_RCC_GetPCLK1Freq  stm32h7xx_hal_rcc.o
    0x08002d26   0x08002d26   0x00000002   PAD
    0x08002d28   0x08002d28   0x00000036   Code   RO          754    .text.HAL_RCC_GetPCLK2Freq  stm32h7xx_hal_rcc.o
    0x08002d5e   0x08002d5e   0x00000002   PAD
    0x08002d60   0x08002d60   0x000000f4   Code   RO          744    .text.HAL_RCC_GetSysClockFreq  stm32h7xx_hal_rcc.o
    0x08002e54   0x08002e54   0x00000004   PAD
    0x08002e58   0x08002e58   0x0000050a   Code   RO          740    .text.HAL_RCC_OscConfig  stm32h7xx_hal_rcc.o
    0x08003362   0x08003362   0x00000006   PAD
    0x08003368   0x08003368   0x00000002   Code   RO          920    .text.HAL_SPI_ErrorCallback  stm32h7xx_hal_spi.o
    0x0800336a   0x0800336a   0x00000006   PAD
    0x08003370   0x08003370   0x00000256   Code   RO          918    .text.HAL_SPI_IRQHandler  stm32h7xx_hal_spi.o
    0x080035c6   0x080035c6   0x00000002   PAD
    0x080035c8   0x080035c8   0x00000190   Code   RO          836    .text.HAL_SPI_Init  stm32h7xx_hal_spi.o
    0x08003758   0x08003758   0x00000158   Code   RO         1482    .text.HAL_SPI_MspInit  stm32h7xx_hal_msp.o
    0x080038b0   0x080038b0   0x00000002   Code   RO          924    .text.HAL_SPI_RxCpltCallback  stm32h7xx_hal_spi.o
    0x080038b2   0x080038b2   0x00000006   PAD
    0x080038b8   0x080038b8   0x00000002   Code   RO          926    .text.HAL_SPI_TxCpltCallback  stm32h7xx_hal_spi.o
    0x080038ba   0x080038ba   0x00000006   PAD
    0x080038c0   0x080038c0   0x00000002   Code   RO          922    .text.HAL_SPI_TxRxCpltCallback  stm32h7xx_hal_spi.o
    0x080038c2   0x080038c2   0x00000006   PAD
    0x080038c8   0x080038c8   0x0000001a   Code   RO          387    .text.HAL_SYSTICK_CLKSourceConfig  stm32h7xx_hal_cortex.o
    0x080038e2   0x080038e2   0x00000006   PAD
    0x080038e8   0x080038e8   0x0000002c   Code   RO          371    .text.HAL_SYSTICK_Config  stm32h7xx_hal_cortex.o
    0x08003914   0x08003914   0x00000004   PAD
    0x08003918   0x08003918   0x0000000c   Code   RO         1270    .text.HAL_TIMEx_BreakCallback  stm32h7xx_hal_tim_ex.o
    0x08003924   0x08003924   0x00000004   PAD
    0x08003928   0x08003928   0x0000000c   Code   RO         1268    .text.HAL_TIMEx_CommutationCallback  stm32h7xx_hal_tim_ex.o
    0x08003934   0x08003934   0x00000004   PAD
    0x08003938   0x08003938   0x0000010e   Code   RO         1258    .text.HAL_TIMEx_ConfigBreakDeadTime  stm32h7xx_hal_tim_ex.o
    0x08003a46   0x08003a46   0x00000002   PAD
    0x08003a48   0x08003a48   0x000000c4   Code   RO         1256    .text.HAL_TIMEx_MasterConfigSynchronization  stm32h7xx_hal_tim_ex.o
    0x08003b0c   0x08003b0c   0x00000004   PAD
    0x08003b10   0x08003b10   0x00000066   Code   RO          968    .text.HAL_TIM_Base_Init  stm32h7xx_hal_tim.o
    0x08003b76   0x08003b76   0x00000002   PAD
    0x08003b78   0x08003b78   0x0000000c   Code   RO          970    .text.HAL_TIM_Base_MspInit  stm32h7xx_hal_tim.o
    0x08003b84   0x08003b84   0x00000004   PAD
    0x08003b88   0x08003b88   0x00000026   Code   RO          982    .text.HAL_TIM_Base_Start_IT  stm32h7xx_hal_tim.o
    0x08003bae   0x08003bae   0x00000002   PAD
    0x08003bb0   0x08003bb0   0x0000000c   Code   RO         1170    .text.HAL_TIM_ErrorCallback  stm32h7xx_hal_tim.o
    0x08003bbc   0x08003bbc   0x00000004   PAD
    0x08003bc0   0x08003bc0   0x0000000c   Code   RO         1098    .text.HAL_TIM_IC_CaptureCallback  stm32h7xx_hal_tim.o
    0x08003bcc   0x08003bcc   0x00000004   PAD
    0x08003bd0   0x08003bd0   0x000002c6   Code   RO         1096    .text.HAL_TIM_IRQHandler  stm32h7xx_hal_tim.o
    0x08003e96   0x08003e96   0x00000002   PAD
    0x08003e98   0x08003e98   0x0000008a   Code   RO         1488    .text.HAL_TIM_MspPostInit  stm32h7xx_hal_msp.o
    0x08003f22   0x08003f22   0x00000006   PAD
    0x08003f28   0x08003f28   0x0000000c   Code   RO         1100    .text.HAL_TIM_OC_DelayElapsedCallback  stm32h7xx_hal_tim.o
    0x08003f34   0x08003f34   0x00000004   PAD
    0x08003f38   0x08003f38   0x000001d4   Code   RO         1132    .text.HAL_TIM_PWM_ConfigChannel  stm32h7xx_hal_tim.o
    0x0800410c   0x0800410c   0x00000004   PAD
    0x08004110   0x08004110   0x00000066   Code   RO         1018    .text.HAL_TIM_PWM_Init  stm32h7xx_hal_tim.o
    0x08004176   0x08004176   0x00000002   PAD
    0x08004178   0x08004178   0x000000ea   Code   RO         1486    .text.HAL_TIM_PWM_MspInit  stm32h7xx_hal_msp.o
    0x08004262   0x08004262   0x00000006   PAD
    0x08004268   0x08004268   0x0000024a   Code   RO         1034    .text.HAL_TIM_PWM_Start_DMA  stm32h7xx_hal_tim.o
    0x080044b2   0x080044b2   0x00000006   PAD
    0x080044b8   0x080044b8   0x00000014   Code   RO           27    .text.HAL_TIM_PeriodElapsedCallback  main.o
    0x080044cc   0x080044cc   0x00000004   PAD
    0x080044d0   0x080044d0   0x0000000c   Code   RO         1106    .text.HAL_TIM_TriggerCallback  stm32h7xx_hal_tim.o
    0x080044dc   0x080044dc   0x00000004   PAD
    0x080044e0   0x080044e0   0x00000002   Code   RO         1412    .text.HAL_UARTEx_WakeupCallback  stm32h7xx_hal_uart_ex.o
    0x080044e2   0x080044e2   0x00000006   PAD
    0x080044e8   0x080044e8   0x0000004e   Code   RO         1338    .text.HAL_UART_AbortReceive  stm32h7xx_hal_uart.o
    0x08004536   0x08004536   0x00000002   PAD
    0x08004538   0x08004538   0x000002ee   Code   RO         1360    .text.HAL_UART_IRQHandler  stm32h7xx_hal_uart.o
    0x08004826   0x08004826   0x00000002   PAD
    0x08004828   0x08004828   0x00000066   Code   RO         1284    .text.HAL_UART_Init  stm32h7xx_hal_uart.o
    0x0800488e   0x0800488e   0x00000002   PAD
    0x08004890   0x08004890   0x000000f8   Code   RO         1492    .text.HAL_UART_MspInit  stm32h7xx_hal_msp.o
    0x08004988   0x08004988   0x0000008e   Code   RO         1322    .text.HAL_UART_Receive_DMA  stm32h7xx_hal_uart.o
    0x08004a16   0x08004a16   0x00000002   PAD
    0x08004a18   0x08004a18   0x00000002   Code   RO         1372    .text.HAL_UART_RxHalfCpltCallback  stm32h7xx_hal_uart.o
    0x08004a1a   0x08004a1a   0x00000006   PAD
    0x08004a20   0x08004a20   0x00000002   Code   RO           55    .text.HardFault_Handler  stm32h7xx_it.o
    0x08004a22   0x08004a22   0x00000006   PAD
    0x08004a28   0x08004a28   0x00000002   Code   RO           57    .text.MemManage_Handler  stm32h7xx_it.o
    0x08004a2a   0x08004a2a   0x00000046   Code   RO         1936    .text.MessageQueueGet  RTX_CM4F.lib(rtx_msgqueue.o)
    0x08004a70   0x08004a70   0x00000064   Code   RO         1930    .text.MessageQueuePut  RTX_CM4F.lib(rtx_msgqueue.o)
    0x08004ad4   0x08004ad4   0x00000026   Code   RO         1928    .text.MessageQueueRemove  RTX_CM4F.lib(rtx_msgqueue.o)
    0x08004afa   0x08004afa   0x00000006   PAD
    0x08004b00   0x08004b00   0x00000002   Code   RO           53    .text.NMI_Handler   stm32h7xx_it.o
    0x08004b02   0x08004b02   0x00000002   PAD
    0x08004b04   0x08004b04   0x00000008   Code   RO         2180    .text.OS_Tick_AcknowledgeIRQ  RTX_CM4F.lib(os_systick.o)
    0x08004b0c   0x08004b0c   0x00000024   Code   RO         2176    .text.OS_Tick_Enable  RTX_CM4F.lib(os_systick.o)
    0x08004b30   0x08004b30   0x00000006   Code   RO         2182    .text.OS_Tick_GetIRQn  RTX_CM4F.lib(os_systick.o)
    0x08004b36   0x08004b36   0x00000002   PAD
    0x08004b38   0x08004b38   0x00000040   Code   RO         2174    .text.OS_Tick_Setup  RTX_CM4F.lib(os_systick.o)
    0x08004b78   0x08004b78   0x000000ca   Code   RO          777    .text.RCCEx_PLL2_Config  stm32h7xx_hal_rcc_ex.o
    0x08004c42   0x08004c42   0x00000006   PAD
    0x08004c48   0x08004c48   0x000000ca   Code   RO          779    .text.RCCEx_PLL3_Config  stm32h7xx_hal_rcc_ex.o
    0x08004d12   0x08004d12   0x00000006   PAD
    0x08004d18   0x08004d18   0x0000000c   Code   RO           81    .text.SPI1_IRQHandler  stm32h7xx_it.o
    0x08004d24   0x08004d24   0x00000004   PAD
    0x08004d28   0x08004d28   0x000000d4   Code   RO          846    .text.SPI_CloseTransfer  stm32h7xx_hal_spi.o
    0x08004dfc   0x08004dfc   0x00000004   PAD
    0x08004e00   0x08004e00   0x00000016   Code   RO          928    .text.SPI_DMAAbortOnError  stm32h7xx_hal_spi.o
    0x08004e16   0x08004e16   0x00000002   PAD
    0x08004e18   0x08004e18   0x0000010a   Code   RO           23    .text.SystemClock_Config  main.o
    0x08004f22   0x08004f22   0x00000006   PAD
    0x08004f28   0x08004f28   0x0000006c   Code   RO         1523    .text.SystemInit    system_stm32h7xx.o
    0x08004f94   0x08004f94   0x00000004   PAD
    0x08004f98   0x08004f98   0x0000000c   Code   RO           73    .text.TIM1_BRK_IRQHandler  stm32h7xx_it.o
    0x08004fa4   0x08004fa4   0x00000004   PAD
    0x08004fa8   0x08004fa8   0x0000000c   Code   RO           79    .text.TIM1_CC_IRQHandler  stm32h7xx_it.o
    0x08004fb4   0x08004fb4   0x00000004   PAD
    0x08004fb8   0x08004fb8   0x0000000c   Code   RO           77    .text.TIM1_TRG_COM_IRQHandler  stm32h7xx_it.o
    0x08004fc4   0x08004fc4   0x00000004   PAD
    0x08004fc8   0x08004fc8   0x0000000c   Code   RO           75    .text.TIM1_UP_IRQHandler  stm32h7xx_it.o
    0x08004fd4   0x08004fd4   0x00000004   PAD
    0x08004fd8   0x08004fd8   0x0000000c   Code   RO           85    .text.TIM7_IRQHandler  stm32h7xx_it.o
    0x08004fe4   0x08004fe4   0x00000004   PAD
    0x08004fe8   0x08004fe8   0x000001a6   Code   RO          972    .text.TIM_Base_SetConfig  stm32h7xx_hal_tim.o
    0x0800518e   0x0800518e   0x00000002   PAD
    0x08005190   0x08005190   0x00000046   Code   RO         1004    .text.TIM_CCxChannelCmd  stm32h7xx_hal_tim.o
    0x080051d6   0x080051d6   0x00000002   PAD
    0x080051d8   0x080051d8   0x00000082   Code   RO         1014    .text.TIM_DMADelayPulseCplt  stm32h7xx_hal_tim.o
    0x0800525a   0x0800525a   0x00000006   PAD
    0x08005260   0x08005260   0x00000022   Code   RO          990    .text.TIM_DMAError  stm32h7xx_hal_tim.o
    0x08005282   0x08005282   0x00000006   PAD
    0x08005288   0x08005288   0x00000160   Code   RO         1110    .text.TIM_OC1_SetConfig  stm32h7xx_hal_tim.o
    0x080053e8   0x080053e8   0x00000180   Code   RO         1112    .text.TIM_OC2_SetConfig  stm32h7xx_hal_tim.o
    0x08005568   0x08005568   0x0000017a   Code   RO         1114    .text.TIM_OC3_SetConfig  stm32h7xx_hal_tim.o
    0x080056e2   0x080056e2   0x00000006   PAD
    0x080056e8   0x080056e8   0x000000e4   Code   RO         1116    .text.TIM_OC4_SetConfig  stm32h7xx_hal_tim.o
    0x080057cc   0x080057cc   0x00000004   PAD
    0x080057d0   0x080057d0   0x000000dc   Code   RO         1118    .text.TIM_OC5_SetConfig  stm32h7xx_hal_tim.o
    0x080058ac   0x080058ac   0x00000004   PAD
    0x080058b0   0x080058b0   0x000000dc   Code   RO         1120    .text.TIM_OC6_SetConfig  stm32h7xx_hal_tim.o
    0x0800598c   0x0800598c   0x0000006a   Code   RO         1783    .text.ThreadFlagsCheck  RTX_CM4F.lib(rtx_thread.o)
    0x080059f6   0x080059f6   0x00000002   PAD
    0x080059f8   0x080059f8   0x00000050   Code   RO         2058    .text.TimerInsert   RTX_CM4F.lib(rtx_timer.o)
    0x08005a48   0x08005a48   0x0000000c   Code   RO           83    .text.UART4_IRQHandler  stm32h7xx_it.o
    0x08005a54   0x08005a54   0x00000004   PAD
    0x08005a58   0x08005a58   0x000000ea   Code   RO         1290    .text.UART_AdvFeatureConfig  stm32h7xx_hal_uart.o
    0x08005b42   0x08005b42   0x00000006   PAD
    0x08005b48   0x08005b48   0x000000a4   Code   RO         1292    .text.UART_CheckIdleState  stm32h7xx_hal_uart.o
    0x08005bec   0x08005bec   0x00000004   PAD
    0x08005bf0   0x08005bf0   0x00000010   Code   RO         1362    .text.UART_DMAAbortOnError  stm32h7xx_hal_uart.o
    0x08005c00   0x08005c00   0x00000074   Code   RO         1320    .text.UART_DMAError  stm32h7xx_hal_uart.o
    0x08005c74   0x08005c74   0x00000004   PAD
    0x08005c78   0x08005c78   0x00000038   Code   RO         1324    .text.UART_DMAReceiveCplt  stm32h7xx_hal_uart.o
    0x08005cb0   0x08005cb0   0x00000006   Code   RO         1326    .text.UART_DMARxHalfCplt  stm32h7xx_hal_uart.o
    0x08005cb6   0x08005cb6   0x00000002   PAD
    0x08005cb8   0x08005cb8   0x00000858   Code   RO         1288    .text.UART_SetConfig  stm32h7xx_hal_uart.o
    0x08006510   0x08006510   0x00000002   Code   RO           61    .text.UsageFault_Handler  stm32h7xx_it.o
    0x08006512   0x08006512   0x00000006   PAD
    0x08006518   0x08006518   0x00000002   Code   RO           25    .text._Error_Handler  main.o
    0x0800651a   0x0800651a   0x00000006   PAD
    0x08006520   0x08006520   0x00000004   Code   RO          197    .text._platform_post_stackheap_init  rtx_lib.o
    0x08006524   0x08006524   0x00000004   PAD
    0x08006528   0x08006528   0x000005a2   Code   RO           21    .text.main          main.o
    0x08006aca   0x08006aca   0x00000002   PAD
    0x08006acc   0x08006acc   0x00000024   Code   RO         1840    .text.osDelay       RTX_CM4F.lib(rtx_delay.o)
    0x08006af0   0x08006af0   0x00000034   Code   RO         1646    .text.osKernelGetState  RTX_CM4F.lib(rtx_kernel.o)
    0x08006b24   0x08006b24   0x00000024   Code   RO         1640    .text.osKernelInitialize  RTX_CM4F.lib(rtx_kernel.o)
    0x08006b48   0x08006b48   0x00000024   Code   RO         1650    .text.osKernelStart  RTX_CM4F.lib(rtx_kernel.o)
    0x08006b6c   0x08006b6c   0x00000070   Code   RO         1902    .text.osMessageQueueGet  RTX_CM4F.lib(rtx_msgqueue.o)
    0x08006bdc   0x08006bdc   0x00000024   Code   RO         1896    .text.osMessageQueueNew  RTX_CM4F.lib(rtx_msgqueue.o)
    0x08006c00   0x08006c00   0x00000080   Code   RO         1900    .text.osMessageQueuePut  RTX_CM4F.lib(rtx_msgqueue.o)
    0x08006c80   0x08006c80   0x00000002   Code   RO          235    .text.osRtxErrorNotify  rtx_config.o
    0x08006c82   0x08006c82   0x00000006   PAD
    0x08006c88   0x08006c88   0x00000002   Code   RO          233    .text.osRtxIdleThread  rtx_config.o
    0x08006c8a   0x08006c8a   0x00000080   Code   RO         2087    .text.osRtxMemoryAlloc  RTX_CM4F.lib(rtx_memory.o)
    0x08006d0a   0x08006d0a   0x00000052   Code   RO         2089    .text.osRtxMemoryFree  RTX_CM4F.lib(rtx_memory.o)
    0x08006d5c   0x08006d5c   0x00000036   Code   RO         2085    .text.osRtxMemoryInit  RTX_CM4F.lib(rtx_memory.o)
    0x08006d92   0x08006d92   0x0000004a   Code   RO         2104    .text.osRtxMemoryPoolAlloc  RTX_CM4F.lib(rtx_mempool.o)
    0x08006ddc   0x08006ddc   0x00000056   Code   RO         2106    .text.osRtxMemoryPoolFree  RTX_CM4F.lib(rtx_mempool.o)
    0x08006e32   0x08006e32   0x00000054   Code   RO         2102    .text.osRtxMemoryPoolInit  RTX_CM4F.lib(rtx_mempool.o)
    0x08006e86   0x08006e86   0x000000d6   Code   RO         1926    .text.osRtxMessageQueuePostProcess  RTX_CM4F.lib(rtx_msgqueue.o)
    0x08006f5c   0x08006f5c   0x00000044   Code   RO         1859    .text.osRtxMutexOwnerRelease  RTX_CM4F.lib(rtx_mutex.o)
    0x08006fa0   0x08006fa0   0x0000008c   Code   RO         2159    .text.osRtxPendSV_Handler  RTX_CM4F.lib(rtx_system.o)
    0x0800702c   0x0800702c   0x00000070   Code   RO         2161    .text.osRtxPostProcess  RTX_CM4F.lib(rtx_system.o)
    0x0800709c   0x0800709c   0x00000038   Code   RO         1725    .text.osRtxThreadBlock  RTX_CM4F.lib(rtx_thread.o)
    0x080070d4   0x080070d4   0x00000090   Code   RO         1733    .text.osRtxThreadDelayInsert  RTX_CM4F.lib(rtx_thread.o)
    0x08007164   0x08007164   0x00000054   Code   RO         1729    .text.osRtxThreadDelayRemove  RTX_CM4F.lib(rtx_thread.o)
    0x080071b8   0x080071b8   0x00000034   Code   RO         1715    .text.osRtxThreadDelayTick  RTX_CM4F.lib(rtx_thread.o)
    0x080071ec   0x080071ec   0x0000005c   Code   RO         1723    .text.osRtxThreadDispatch  RTX_CM4F.lib(rtx_thread.o)
    0x08007248   0x08007248   0x00000054   Code   RO         1809    .text.osRtxThreadFree  RTX_CM4F.lib(rtx_thread.o)
    0x0800729c   0x0800729c   0x00000016   Code   RO         1707    .text.osRtxThreadListGet  RTX_CM4F.lib(rtx_thread.o)
    0x080072b2   0x080072b2   0x00000038   Code   RO         1705    .text.osRtxThreadListPut  RTX_CM4F.lib(rtx_thread.o)
    0x080072ea   0x080072ea   0x00000014   Code   RO         1711    .text.osRtxThreadListRemove  RTX_CM4F.lib(rtx_thread.o)
    0x080072fe   0x080072fe   0x0000002a   Code   RO         1781    .text.osRtxThreadPostProcess  RTX_CM4F.lib(rtx_thread.o)
    0x08007328   0x08007328   0x00000010   Code   RO         1713    .text.osRtxThreadReadyPut  RTX_CM4F.lib(rtx_thread.o)
    0x08007338   0x08007338   0x00000014   Code   RO         1717    .text.osRtxThreadRegPtr  RTX_CM4F.lib(rtx_thread.o)
    0x0800734c   0x0800734c   0x00000028   Code   RO         1721    .text.osRtxThreadStackCheck  RTX_CM4F.lib(rtx_thread.o)
    0x08007374   0x08007374   0x00000050   Code   RO         1735    .text.osRtxThreadStartup  RTX_CM4F.lib(rtx_thread.o)
    0x080073c4   0x080073c4   0x00000010   Code   RO         1719    .text.osRtxThreadSwitch  RTX_CM4F.lib(rtx_thread.o)
    0x080073d4   0x080073d4   0x00000038   Code   RO         1731    .text.osRtxThreadWaitEnter  RTX_CM4F.lib(rtx_thread.o)
    0x0800740c   0x0800740c   0x00000032   Code   RO         1727    .text.osRtxThreadWaitExit  RTX_CM4F.lib(rtx_thread.o)
    0x0800743e   0x0800743e   0x00000002   PAD
    0x08007440   0x08007440   0x00000070   Code   RO         2157    .text.osRtxTick_Handler  RTX_CM4F.lib(rtx_system.o)
    0x080074b0   0x080074b0   0x00000040   Code   RO         2042    .text.osRtxTimerThread  RTX_CM4F.lib(rtx_timer.o)
    0x080074f0   0x080074f0   0x00000058   Code   RO         2044    .text.osRtxTimerTick  RTX_CM4F.lib(rtx_timer.o)
    0x08007548   0x08007548   0x0000000c   Code   RO         1765    .text.osThreadExit  RTX_CM4F.lib(rtx_thread.o)
    0x08007554   0x08007554   0x00000024   Code   RO         1739    .text.osThreadNew   RTX_CM4F.lib(rtx_thread.o)
    0x08007578   0x08007578   0x00000014   Code   RO         1844    .text.svcRtxDelay   RTX_CM4F.lib(rtx_delay.o)
    0x0800758c   0x0800758c   0x0000000c   Code   RO         1648    .text.svcRtxKernelGetState  RTX_CM4F.lib(rtx_kernel.o)
    0x08007598   0x08007598   0x00000178   Code   RO         1678    .text.svcRtxKernelInitialize  RTX_CM4F.lib(rtx_kernel.o)
    0x08007710   0x08007710   0x0000008c   Code   RO         1680    .text.svcRtxKernelStart  RTX_CM4F.lib(rtx_kernel.o)
    0x0800779c   0x0800779c   0x000000f0   Code   RO         1938    .text.svcRtxMessageQueueGet  RTX_CM4F.lib(rtx_msgqueue.o)
    0x0800788c   0x0800788c   0x00000134   Code   RO         1924    .text.svcRtxMessageQueueNew  RTX_CM4F.lib(rtx_msgqueue.o)
    0x080079c0   0x080079c0   0x000000c4   Code   RO         1934    .text.svcRtxMessageQueuePut  RTX_CM4F.lib(rtx_msgqueue.o)
    0x08007a84   0x08007a84   0x00000068   Code   RO         1813    .text.svcRtxThreadExit  RTX_CM4F.lib(rtx_thread.o)
    0x08007aec   0x08007aec   0x000001e0   Code   RO         1737    .text.svcRtxThreadNew  RTX_CM4F.lib(rtx_thread.o)
    0x08007ccc   0x08007ccc   0x0000000a   Ven    RO         2511    Veneer$$Code        anon$$obj.o
    0x08007cd6   0x08007cd6   0x0000000a   Ven    RO         2512    Veneer$$Code        anon$$obj.o
    0x08007ce0   0x08007ce0   0x0000000a   Ven    RO         2513    Veneer$$Code        anon$$obj.o
    0x08007cea   0x08007cea   0x0000000a   Ven    RO         2514    Veneer$$Code        anon$$obj.o
    0x08007cf4   0x08007cf4   0x0000000a   Code   RO         2454    x$fpl$fpinit        g_wv.l(fpinit.o)
    0x08007cfe   0x08007cfe   0x00000002   PAD
    0x08007d00   0x08007d00   0x00000804   Data   RO         2018    .constdata          arm_cortexM7lfdp_math.lib(arm_common_tables.o)
    0x08008504   0x08008504   0x000000a0   Data   RO          213    .rodata             rtx_lib.o
    0x080085a4   0x080085a4   0x00000010   Data   RO         1529    .rodata.D1CorePrescTable  system_stm32h7xx.o
    0x080085b4   0x080085b4   0x00000018   Data   RO         1390    .rodata.UARTPrescTable  stm32h7xx_hal_uart.o
    0x080085cc   0x080085cc   0x00000008   Data   RO          430    .rodata.cst8        stm32h7xx_hal_dma.o
    0x080085d4   0x080085d4   0x00000004   Data   RO          215    .rodata.osRtxUserSVC  rtx_lib.o
    0x080085d8   0x080085d8   0x00000024   Data   RO          210    .rodata.os_idle_thread_attr  rtx_lib.o
    0x080085fc   0x080085fc   0x00000018   Data   RO          212    .rodata.os_timer_mq_attr  rtx_lib.o
    0x08008614   0x08008614   0x00000024   Data   RO          211    .rodata.os_timer_thread_attr  rtx_lib.o
    0x08008638   0x08008638   0x00000059   Data   RO         1500    .rodata.str1.1      stm32h7xx_hal_msp.o
    0x08008691   0x08008691   0x00000003   PAD
    0x08008694   0x08008694   0x0000000b   Data   RO         1692    .rodata.str1.4      RTX_CM4F.lib(rtx_kernel.o)
    0x0800869f   0x0800869f   0x00000001   PAD
    0x080086a0   0x080086a0   0x00000030   Data   RO         2503    Region$$Table       anon$$obj.o


    Execution Region RW_IRAM2 (Exec base: 0x24000000, Load base: 0x080086d0, Size: 0x00033228, Max: 0x00080000, ABSOLUTE)

    Exec Addr    Load Addr    Size         Type   Attr      Idx    E Section Name        Object

    0x24000000   0x080086d0   0x00000028   Code   RO          103    .text.DMA1_Stream3_IRQHandler  ramfunc.o
    0x24000028   0x080086f8   0x00000052   Code   RO           99    .text.EXTI9_5_IRQHandler  ramfunc.o
    0x2400007a   0x0800874a   0x00000006   PAD
    0x24000080   0x08008750   0x00000046   Code   RO          178    .text.HAL_TIM_PWM_PulseFinishedCallback  pwmouter.o
    0x240000c6   0x08008796   0x00000002   PAD
    0x240000c8   0x08008798   0x00000022   Code   RO          135    .text.HAL_UART_ErrorCallback  thread.o
    0x240000ea   0x080087ba   0x00000006   PAD
    0x240000f0   0x080087c0   0x00000020   Code   RO          131    .text.HAL_UART_RxCpltCallback  thread.o
    0x24000110   0x080087e0   0x00000002   Code   RO          133    .text.HAL_UART_TxCpltCallback  thread.o
    0x24000112   0x080087e2   0x000000e6   Code   RO          101    .text.MDMA_IRQHandler  ramfunc.o
    0x240001f8   0x080088c8   0x00000108   Code   RO          127    .text.Thread        thread.o
    0x24000300   0x080089d0   0x000000ee   Code   RO          176    .text._Z10StartOuterv  pwmouter.o
    0x240003ee   0x08008abe   0x00000002   PAD
    0x240003f0   0x08008ac0   0x00000028   Code   RO          129    .text._Z10ThreadUartPv  thread.o
    0x24000418   0x08008ae8   0x000001a0   Code   RO          141    .text._Z10recDataPktPh  thread.o
    0x240005b8   0x08008c88   0x00000110   Code   RO          173    .text._Z12SetFreqOuterRjRiS0_  pwmouter.o
    0x240006c8   0x08008d98   0x00000044   Code   RO           97    .text._Z6GetBUFv    ramfunc.o
    0x2400070c   0x08008ddc   0x00000004   PAD
    0x24000710   0x08008de0   0x00000084   Code   RO          168    .text._Z6setPSPPh   pwmouter.o
    0x24000794   0x08008e64   0x00000004   PAD
    0x24000798   0x08008e68   0x000000f4   Code   RO          137    .text._Z8parcePktPhS_j  thread.o
    0x2400088c   0x08008f5c   0x0000000a   Ven    RO         2515    Veneer$$Code        anon$$obj.o
    0x24000896   0x08008f66   0x0000000a   Ven    RO         2516    Veneer$$Code        anon$$obj.o
    0x240008a0   0x08008f70   0x0000000a   Ven    RO         2517    Veneer$$Code        anon$$obj.o
    0x240008aa   0x08008f7a   0x0000000a   Ven    RO         2518    Veneer$$Code        anon$$obj.o
    0x240008b4   0x08008f84   0x0000000a   Ven    RO         2519    Veneer$$Code        anon$$obj.o
    0x240008be   0x08008f8e   0x0000000a   Ven    RO         2520    Veneer$$Code        anon$$obj.o
    0x240008c8   0x08008f98   0x0000000a   Ven    RO         2521    Veneer$$Code        anon$$obj.o
    0x240008d2   0x08008fa2   0x0000000a   Ven    RO         2522    Veneer$$Code        anon$$obj.o
    0x240008dc   0x08008fac   0x0000000a   Ven    RO         2523    Veneer$$Code        anon$$obj.o
    0x240008e6   0x08008fb6   0x0000000a   Ven    RO         2524    Veneer$$Code        anon$$obj.o
    0x240008f0   0x08008fc0   0x0000000a   Ven    RO         2525    Veneer$$Code        anon$$obj.o
    0x240008fa   0x08008fca   0x0000000a   Ven    RO         2526    Veneer$$Code        anon$$obj.o
    0x24000904   0x08008fd4   0x0000000a   Ven    RO         2527    Veneer$$Code        anon$$obj.o
    0x2400090e   0x08008fde   0x0000000a   Ven    RO         2528    Veneer$$Code        anon$$obj.o
    0x24000918   0x08008fe8   0x00000008   Data   RW          185    .data..L_MergedGlobals  pwmouter.o
    0x24000920   0x08008ff0   0x00000008   Data   RW          347    .data..L_MergedGlobals  stm32h7xx_hal.o
    0x24000928   0x08008ff8   0x00000004   Data   RW         1527    .data.SystemCoreClock  system_stm32h7xx.o
    0x2400092c   0x08008ffc   0x00000004   Data   RW         1528    .data.SystemD2Clock  system_stm32h7xx.o
    0x24000930   0x08009000   0x000000a4   Data   RW         1693    .data.os            RTX_CM4F.lib(rtx_kernel.o)
    0x240009d4   0x080090a4   0x0000000c   PAD
    0x240009e0        -       0x00000060   Zero   RW         2384    .bss                c_w.l(libspace.o)
    0x24000a40        -       0x00000040   Zero   RW           37    .bss..L_MergedGlobals  main.o
    0x24000a80        -       0x00000040   Zero   RW           38    .bss..L_MergedGlobals.1  main.o
    0x24000ac0        -       0x00000040   Zero   RW           39    .bss..L_MergedGlobals.2  main.o
    0x24000b00        -       0x0000006c   Zero   RW           40    .bss..L_MergedGlobals.3  main.o
    0x24000b6c   0x080090a4   0x00000004   PAD
    0x24000b70        -       0x00000078   Zero   RW           41    .bss..L_MergedGlobals.4  main.o
    0x24000be8        -       0x00000001   Zero   RW         1501    .bss.FMC_Initialized  stm32h7xx_hal_msp.o
    0x24000be9        -       0x00000001   Zero   RW         2192    .bss.PendST         RTX_CM4F.lib(os_systick.o)
    0x24000bea        -       0x00000640   Zero   RW          147    .bss._ZZ10ThreadUartPvE5rxbuf  thread.o
    0x2400122a   0x080090a4   0x00000002   PAD
    0x2400122c        -       0x00000004   Zero   RW          108    .bss.addrADCsmpl    ramfunc.o
    0x24001230        -       0x000038b8   Zero   RW          146    .bss.bufadc         thread.o
    0x24004ae8        -       0x00000004   Zero   RW          109    .bss.curbuf         ramfunc.o
    0x24004aec        -       0x00000078   Zero   RW           30    .bss.hdma_spi1_rx   main.o
    0x24004b64        -       0x00000078   Zero   RW           31    .bss.hdma_spi1_tx   main.o
    0x24004bdc        -       0x00000078   Zero   RW           32    .bss.hdma_tim1_ch3  main.o
    0x24004c54        -       0x00000078   Zero   RW           34    .bss.hdma_uart4_rx  main.o
    0x24004ccc        -       0x00000078   Zero   RW           35    .bss.hdma_uart4_tx  main.o
    0x24004d44        -       0x00000088   Zero   RW           29    .bss.hspi1          main.o
    0x24004dcc        -       0x00000040   Zero   RW            9    .bss.htim7          stm32h7xx_hal_timebase_tim.o
    0x24004e0c        -       0x00000080   Zero   RW           33    .bss.huart4         main.o
    0x24004e8c   0x080090a4   0x00000004   PAD
    0x24004e90        -       0x00004e60   Zero   RW          209    .bss.os             rtx_lib.o
    0x24009cf0        -       0x00000034   Zero   RW          219    .bss.os.msgqueue.cb  rtx_lib.o
    0x24009d24        -       0x00000050   Zero   RW          220    .bss.os.msgqueue.mem  rtx_lib.o
    0x24009d74        -       0x00000088   Zero   RW          217    .bss.os.thread.cb   rtx_lib.o
    0x24009dfc   0x080090a4   0x00000004   PAD
    0x24009e00        -       0x00000200   Zero   RW          218    .bss.os.thread.stack  rtx_lib.o
    0x2400a000        -       0x00027ec0   Zero   RW          184    .bss.outBPSK        pwmouter.o
    0x24031ec0        -       0x000001ff   Zero   RW          181    .bss.pspmas         pwmouter.o
    0x240320bf   0x080090a4   0x00000001   PAD
    0x240320c0        -       0x00000150   Zero   RW          180    .bss.sinx           pwmouter.o
    0x24032210        -       0x00000004   Zero   RW          106    .bss.stat           ramfunc.o
    0x24032214        -       0x00000004   Zero   RW          143    .bss.tid_Thread     thread.o
    0x24032218        -       0x00000004   Zero   RW          145    .bss.uartRec        thread.o
    0x2403221c        -       0x00000004   Zero   RW          144    .bss.uart_Task_id   thread.o
    0x24032220        -       0x00000004   Zero   RW          346    .bss.uwTick         stm32h7xx_hal.o
    0x24032224   0x080090a4   0x00000004   PAD
    0x24032228        -       0x00000800   Zero   RW         1514    HEAP                startup_stm32h743xx.o
    0x24032a28        -       0x00000800   Zero   RW         1513    STACK               startup_stm32h743xx.o


==============================================================================

Image component sizes


      Code (inc. data)   RO Data    RW Data    ZI Data      Debug   Object Name

      1730          0          0          0       1284      26501   main.o
       712          4          0          8     164367      22090   pwmouter.o
       420          0          0          0         12      18402   ramfunc.o
         4          0          0          0          0        827   rtx_config.o
         4          0        260          0      20844       8091   rtx_lib.o
        64         26        664          0       4096        856   startup_stm32h743xx.o
        70          0          0          8          4      15890   stm32h7xx_hal.o
       234          0          0          0          0      12440   stm32h7xx_hal_cortex.o
      2396          4          8          0          0      12718   stm32h7xx_hal_dma.o
       442          0          0          0          0       7440   stm32h7xx_hal_gpio.o
       256          0          0          0          0      13310   stm32h7xx_hal_mdma.o
      1274          0         89          0          1      17449   stm32h7xx_hal_msp.o
        98          0          0          0          0      16927   stm32h7xx_hal_nand.o
      2370          4          0          0          0      10540   stm32h7xx_hal_rcc.o
      4702        166          0          0          0      20424   stm32h7xx_hal_rcc_ex.o
      1240          0          0          0          0      22837   stm32h7xx_hal_spi.o
      4504         36          0          0          0      33661   stm32h7xx_hal_tim.o
       490          0          0          0          0      15622   stm32h7xx_hal_tim_ex.o
       144          0          0          0         64      10098   stm32h7xx_hal_timebase_tim.o
      3802        492         24          0          0      25080   stm32h7xx_hal_uart.o
         2          0          0          0          0       6943   stm32h7xx_hal_uart_ex.o
       144          0          0          0          0       2193   stm32h7xx_it.o
       110          0          0          0          0       9783   stm32h7xx_ll_fmc.o
       108          0         16          8          0       4590   system_stm32h7xx.o
      1032         18          0          0      16132      26861   thread.o

    ----------------------------------------------------------------------
     26952        762       1112         24     206823     361573   Object Totals
       180          0         48          0          0          0   (incl. Generated)
       420         12          3          0         19          0   (incl. Padding)

    ----------------------------------------------------------------------

      Code (inc. data)   RO Data    RW Data    ZI Data      Debug   Library Member Name

       196         12          0          0          0        540   irq_cm4f.o
       114         20          0          0          1       3578   os_systick.o
        56          4          0          0          0       3088   rtx_delay.o
       652         48         11        164          0      18714   rtx_kernel.o
       264          0          0          0          0       2707   rtx_memory.o
       244          0          0          0          0      15835   rtx_mempool.o
      1442         20          0          0          0      18606   rtx_msgqueue.o
        68          0          0          0          0      10258   rtx_mutex.o
       364         16          0          0          0       5544   rtx_system.o
      1668         56          0          0          0      33996   rtx_thread.o
       232         16          0          0          0      10983   rtx_timer.o
         0          0       2052          0          0       4704   arm_common_tables.o
       170          0          0          0          0       1131   arm_copy_q15.o
       154          0          0          0          0       1206   arm_copy_q7.o
       148         18          0          0          0      18666   arm_sin_f32.o
         8          0          0          0          0         68   __main.o
         0          0          0          0          0          0   __rtentry.o
        20          0          0          0          0          0   __rtentry2.o
         6          0          0          0          0          0   __rtentry4.o
        52          8          0          0          0          0   __scatter.o
        26          0          0          0          0          0   __scatter_copy.o
        28          0          0          0          0          0   __scatter_zi.o
        18          0          0          0          0         80   exit.o
         6          0          0          0          0        152   heapauxi.o
         0          0          0          0          0          0   indicate_semi.o
         2          0          0          0          0          0   libinit.o
         6          0          0          0          0          0   libinit2.o
         2          0          0          0          0          0   libshutdown.o
         2          0          0          0          0          0   libshutdown2.o
         8          4          0          0         96         68   libspace.o
       238          0          0          0          0        100   lludivv7m.o
        68          0          0          0          0         68   rt_memclr.o
        78          0          0          0          0         80   rt_memclr_w.o
       138          0          0          0          0         68   rt_memcpy_v6.o
       100          0          0          0          0         80   rt_memcpy_w.o
         2          0          0          0          0          0   rtexit.o
        10          0          0          0          0          0   rtexit2.o
        12          4          0          0          0         68   sys_exit.o
        74          0          0          0          0         80   sys_stackheap_outer.o
         2          0          0          0          0         68   use_no_semi.o
        10          0          0          0          0        116   fpinit.o

    ----------------------------------------------------------------------
      6712        226       2064        164        109     150652   Library Totals
        24          0          1          0         12          0   (incl. Padding)

    ----------------------------------------------------------------------

      Code (inc. data)   RO Data    RW Data    ZI Data      Debug   Library Name

      5300        192         11        164          1     123849   RTX_CM4F.lib
       472         18       2052          0          0      25707   arm_cortexM7lfdp_math.lib
       906         16          0          0         96        980   c_w.l
        10          0          0          0          0        116   g_wv.l

    ----------------------------------------------------------------------
      6712        226       2064        164        109     150652   Library Totals

    ----------------------------------------------------------------------

==============================================================================


      Code (inc. data)   RO Data    RW Data    ZI Data      Debug   

     33664        988       3176        188     206932     511081   Grand Totals
     33664        988       3176        188     206932     511081   ELF Image Totals
     33664        988       3176        188          0          0   ROM Totals

==============================================================================

    Total RO  Size (Code + RO Data)                36840 (  35.98kB)
    Total RW  Size (RW Data + ZI Data)            207120 ( 202.27kB)
    Total ROM Size (Code + RO Data + RW Data)      37028 (  36.16kB)

==============================================================================

