Component: ARM Compiler 6.9 Tool: armlink [5ced1b00]

==============================================================================

Section Cross References

    stm32h7xx_hal_timebase_tim.o(.text.HAL_InitTick) refers to stm32h7xx_hal_cortex.o(.text.HAL_NVIC_SetPriority) for HAL_NVIC_SetPriority
    stm32h7xx_hal_timebase_tim.o(.text.HAL_InitTick) refers to stm32h7xx_hal_cortex.o(.text.HAL_NVIC_EnableIRQ) for HAL_NVIC_EnableIRQ
    stm32h7xx_hal_timebase_tim.o(.text.HAL_InitTick) refers to stm32h7xx_hal_rcc.o(.text.HAL_RCC_GetClockConfig) for HAL_RCC_GetClockConfig
    stm32h7xx_hal_timebase_tim.o(.text.HAL_InitTick) refers to stm32h7xx_hal_rcc.o(.text.HAL_RCC_GetPCLK1Freq) for HAL_RCC_GetPCLK1Freq
    stm32h7xx_hal_timebase_tim.o(.text.HAL_InitTick) refers to stm32h7xx_hal_timebase_tim.o(.bss.htim7) for htim7
    stm32h7xx_hal_timebase_tim.o(.text.HAL_InitTick) refers to stm32h7xx_hal_tim.o(.text.HAL_TIM_Base_Init) for HAL_TIM_Base_Init
    stm32h7xx_hal_timebase_tim.o(.text.HAL_InitTick) refers to stm32h7xx_hal_tim.o(.text.HAL_TIM_Base_Start_IT) for HAL_TIM_Base_Start_IT
    stm32h7xx_hal_timebase_tim.o(.ARM.exidx.text.HAL_InitTick) refers to stm32h7xx_hal_timebase_tim.o(.text.HAL_InitTick) for [Anonymous Symbol]
    stm32h7xx_hal_timebase_tim.o(.text.HAL_SuspendTick) refers to stm32h7xx_hal_timebase_tim.o(.bss.htim7) for htim7
    stm32h7xx_hal_timebase_tim.o(.ARM.exidx.text.HAL_SuspendTick) refers to stm32h7xx_hal_timebase_tim.o(.text.HAL_SuspendTick) for [Anonymous Symbol]
    stm32h7xx_hal_timebase_tim.o(.text.HAL_ResumeTick) refers to stm32h7xx_hal_timebase_tim.o(.bss.htim7) for htim7
    stm32h7xx_hal_timebase_tim.o(.ARM.exidx.text.HAL_ResumeTick) refers to stm32h7xx_hal_timebase_tim.o(.text.HAL_ResumeTick) for [Anonymous Symbol]
    main.o(.text.main) refers to stm32h7xx_hal.o(.text.HAL_Init) for HAL_Init
    main.o(.text.main) refers to main.o(.text.SystemClock_Config) for SystemClock_Config
    main.o(.text.main) refers to rtx_kernel.o(.text.osKernelInitialize) for osKernelInitialize
    main.o(.text.main) refers to rt_memclr_w.o(.text) for __aeabi_memclr4
    main.o(.text.main) refers to thread.o(.text.Thread) for Thread
    main.o(.text.main) refers to rtx_thread.o(.text.osThreadNew) for osThreadNew
    main.o(.text.main) refers to thread.o(.bss.tid_Thread) for tid_Thread
    main.o(.text.main) refers to stm32h7xx_hal_gpio.o(.text.HAL_GPIO_WritePin) for HAL_GPIO_WritePin
    main.o(.text.main) refers to stm32h7xx_hal_gpio.o(.text.HAL_GPIO_Init) for HAL_GPIO_Init
    main.o(.text.main) refers to stm32h7xx_hal_cortex.o(.text.HAL_NVIC_SetPriority) for HAL_NVIC_SetPriority
    main.o(.text.main) refers to stm32h7xx_hal_cortex.o(.text.HAL_NVIC_EnableIRQ) for HAL_NVIC_EnableIRQ
    main.o(.text.main) refers to main.o(.bss..L_MergedGlobals.3) for .L_MergedGlobals.3
    main.o(.text.main) refers to stm32h7xx_hal_dma.o(.text.HAL_DMA_Init) for HAL_DMA_Init
    main.o(.text.main) refers to main.o(.bss..L_MergedGlobals.1) for .L_MergedGlobals.1
    main.o(.text.main) refers to stm32h7xx_hal_nand.o(.text.HAL_NAND_Init) for HAL_NAND_Init
    main.o(.text.main) refers to main.o(.bss..L_MergedGlobals.2) for .L_MergedGlobals.2
    main.o(.text.main) refers to stm32h7xx_hal_qspi.o(.text.HAL_QSPI_Init) for HAL_QSPI_Init
    main.o(.text.main) refers to main.o(.bss..L_MergedGlobals) for .L_MergedGlobals
    main.o(.text.main) refers to stm32h7xx_hal_tim.o(.text.HAL_TIM_PWM_Init) for HAL_TIM_PWM_Init
    main.o(.text.main) refers to stm32h7xx_hal_tim_ex.o(.text.HAL_TIMEx_MasterConfigSynchronization) for HAL_TIMEx_MasterConfigSynchronization
    main.o(.text.main) refers to stm32h7xx_hal_tim.o(.text.HAL_TIM_PWM_ConfigChannel) for HAL_TIM_PWM_ConfigChannel
    main.o(.text.main) refers to stm32h7xx_hal_msp.o(.text.HAL_TIM_MspPostInit) for HAL_TIM_MspPostInit
    main.o(.text.main) refers to main.o(.bss.huart4) for huart4
    main.o(.text.main) refers to stm32h7xx_hal_uart.o(.text.HAL_UART_Init) for HAL_UART_Init
    main.o(.text.main) refers to rtx_kernel.o(.text.osKernelGetState) for osKernelGetState
    main.o(.text.main) refers to rtx_kernel.o(.text.osKernelStart) for osKernelStart
    main.o(.ARM.exidx.text.main) refers to main.o(.text.main) for [Anonymous Symbol]
    main.o(.text.SystemClock_Config) refers to stm32h7xx_hal_rcc.o(.text.HAL_RCC_OscConfig) for HAL_RCC_OscConfig
    main.o(.text.SystemClock_Config) refers to stm32h7xx_hal_rcc.o(.text.HAL_RCC_ClockConfig) for HAL_RCC_ClockConfig
    main.o(.text.SystemClock_Config) refers to stm32h7xx_hal_rcc_ex.o(.text.HAL_RCCEx_PeriphCLKConfig) for HAL_RCCEx_PeriphCLKConfig
    main.o(.text.SystemClock_Config) refers to system_stm32h7xx.o(.data.SystemCoreClock) for SystemCoreClock
    main.o(.text.SystemClock_Config) refers to stm32h7xx_hal_cortex.o(.text.HAL_SYSTICK_Config) for HAL_SYSTICK_Config
    main.o(.text.SystemClock_Config) refers to stm32h7xx_hal_cortex.o(.text.HAL_SYSTICK_CLKSourceConfig) for HAL_SYSTICK_CLKSourceConfig
[...]
    HAL_TIM_PWM_MspInit                      0x080061a1   Thumb Code    42  stm32h7xx_hal_msp.o(.text.HAL_TIM_PWM_MspInit)
    HAL_TIM_PWM_PulseFinishedCallback        0x080061d1   Thumb Code     2  stm32h7xx_hal_tim.o(.text.HAL_TIM_PWM_PulseFinishedCallback)
    HAL_TIM_PeriodElapsedCallback            0x080061d9   Thumb Code    20  main.o(.text.HAL_TIM_PeriodElapsedCallback)
    HAL_TIM_TriggerCallback                  0x080061f1   Thumb Code     2  stm32h7xx_hal_tim.o(.text.HAL_TIM_TriggerCallback)
    HAL_UARTEx_WakeupCallback                0x080061f9   Thumb Code     2  stm32h7xx_hal_uart_ex.o(.text.HAL_UARTEx_WakeupCallback)
    HAL_UART_ErrorCallback                   0x08006201   Thumb Code    44  thread.o(.text.HAL_UART_ErrorCallback)
    HAL_UART_IRQHandler                      0x08006231   Thumb Code   750  stm32h7xx_hal_uart.o(.text.HAL_UART_IRQHandler)
    HAL_UART_Init                            0x08006521   Thumb Code   102  stm32h7xx_hal_uart.o(.text.HAL_UART_Init)
    HAL_UART_MspInit                         0x08006589   Thumb Code   250  stm32h7xx_hal_msp.o(.text.HAL_UART_MspInit)
    HAL_UART_Receive_DMA                     0x08006689   Thumb Code   142  stm32h7xx_hal_uart.o(.text.HAL_UART_Receive_DMA)
    HAL_UART_RxCpltCallback                  0x08006719   Thumb Code    42  thread.o(.text.HAL_UART_RxCpltCallback)
    HAL_UART_RxHalfCpltCallback              0x08006749   Thumb Code     2  stm32h7xx_hal_uart.o(.text.HAL_UART_RxHalfCpltCallback)
    HAL_UART_TxCpltCallback                  0x08006751   Thumb Code    12  thread.o(.text.HAL_UART_TxCpltCallback)
    HardFault_Handler                        0x08006761   Thumb Code     2  stm32h7xx_it.o(.text.HardFault_Handler)
    MDMA_IRQHandler                          0x08006769   Thumb Code    12  stm32h7xx_it.o(.text.MDMA_IRQHandler)
    MemManage_Handler                        0x08006779   Thumb Code     2  stm32h7xx_it.o(.text.MemManage_Handler)
    NMI_Handler                              0x08006851   Thumb Code     2  stm32h7xx_it.o(.text.NMI_Handler)
    OS_Tick_AcknowledgeIRQ                   0x08006855   Thumb Code    12  os_systick.o(.text.OS_Tick_AcknowledgeIRQ)
    OS_Tick_Enable                           0x0800685d   Thumb Code    44  os_systick.o(.text.OS_Tick_Enable)
    OS_Tick_GetIRQn                          0x08006881   Thumb Code     6  os_systick.o(.text.OS_Tick_GetIRQn)
    OS_Tick_Setup                            0x08006889   Thumb Code    64  os_systick.o(.text.OS_Tick_Setup)
    QUADSPI_IRQHandler                       0x08006b59   Thumb Code    12  stm32h7xx_it.o(.text.QUADSPI_IRQHandler)
    SystemClock_Config                       0x08006d09   Thumb Code   224  main.o(.text.SystemClock_Config)
    SystemInit                               0x08006de9   Thumb Code   108  system_stm32h7xx.o(.text.SystemInit)
    TIM7_IRQHandler                          0x08006e59   Thumb Code    12  stm32h7xx_it.o(.text.TIM7_IRQHandler)
    TIM_Base_SetConfig                       0x08006e69   Thumb Code   280  stm32h7xx_hal_tim.o(.text.TIM_Base_SetConfig)
    Thread                                   0x08006f81   Thumb Code   312  thread.o(.text.Thread)
    UART4_IRQHandler                         0x08007179   Thumb Code    12  stm32h7xx_it.o(.text.UART4_IRQHandler)
    UART_AdvFeatureConfig                    0x08007189   Thumb Code   234  stm32h7xx_hal_uart.o(.text.UART_AdvFeatureConfig)
    UART_CheckIdleState                      0x08007279   Thumb Code   164  stm32h7xx_hal_uart.o(.text.UART_CheckIdleState)
    UART_SetConfig                           0x080073e9   Thumb Code  2136  stm32h7xx_hal_uart.o(.text.UART_SetConfig)
    UsageFault_Handler                       0x08007c41   Thumb Code     2  stm32h7xx_it.o(.text.UsageFault_Handler)
    _Error_Handler                           0x08007c49   Thumb Code     2  main.o(.text._Error_Handler)
    ThreadUart(void*)                        0x08007c61   Thumb Code    50  thread.o(.text._Z10ThreadUartPv)
    recDataPkt(unsigned char*)               0x08007c99   Thumb Code   184  thread.o(.text._Z10recDataPktPh)
    initDMA_adc()                            0x08007d51   Thumb Code    44  thread.o(.text._Z11initDMA_adcv)
    fmc_write16b(unsigned short&)            0x08007d81   Thumb Code    26  thread.o(.text._Z12fmc_write16bRt)
    initQSPIcomm()                           0x08007da1   Thumb Code    68  thread.o(.text._Z12initQSPIcommv)
    fmc_writeCNFG(unsigned)                  0x08007de9   Thumb Code    36  thread.o(.text._Z13fmc_writeCNFGj)
    recData(unsigned char*, unsigned)        0x08007e11   Thumb Code   178  thread.o(.text._Z7recDataPhj)
    parcePkt(unsigned char*, unsigned char*, unsigned) 0x08007ec9   Thumb Code   254  thread.o(.text._Z8parcePktPhS_j)
    ThreadADC(void*)                         0x08007fc9   Thumb Code   316  thread.o(.text._Z9ThreadADCPv)
    MultiFifo::reloadParam(int)              0x080081a9   Thumb Code   144  multififo.o(.text._ZN9MultiFifo11reloadParamEi)
    MultiFifo::init(int)                     0x08008239   Thumb Code    30  multififo.o(.text._ZN9MultiFifo4initEi)
    MultiFifo::getBuf(unsigned)              0x08008259   Thumb Code    74  multififo.o(.text._ZN9MultiFifo6getBufEj)
    MultiFifo::putBuf(unsigned)              0x080082a9   Thumb Code    40  multififo.o(.text._ZN9MultiFifo6putBufEj)
    MultiFifo::putBuf()                      0x080082d1   Thumb Code    56  multififo.o(.text._ZN9MultiFifo6putBufEv)
    MultiFifo::fillFifo()                    0x08008309   Thumb Code    64  multififo.o(.text._ZN9MultiFifo8fillFifoEv)
    MultiFifo::freeBlock(unsigned)           0x08008349   Thumb Code    32  multififo.o(.text._ZN9MultiFifo9freeBlockEj)
    MultiFifo::MultiFifo(int, int, char*)    0x08008369   Thumb Code    64  multififo.o(.text._ZN9MultiFifoC2EiiPc)
    MultiFifo::MultiFifo__sub_object(int, int, char*) 0x08008369   Thumb Code    64  multififo.o(.text._ZN9MultiFifoC2EiiPc)
    MultiFifo::~MultiFifo()                  0x080083a9   Thumb Code    38  multififo.o(.text._ZN9MultiFifoD2Ev)
    MultiFifo::~MultiFifo__sub_object()      0x080083a9   Thumb Code    38  multififo.o(.text._ZN9MultiFifoD2Ev)
    operator delete[] (void*)                0x080083cf   Thumb Code     4  new.cpp.o(.text._ZdaPv)
    operator delete (void*)                  0x080083d3   Thumb Code    10  new.cpp.o(.text._ZdlPv)
    __user_perthread_libspace                0x08008461   Thumb Code   150  rtx_lib.o(.text.__user_perthread_libspace)
    _mutex_initialize                        0x080084f9   Thumb Code    32  rtx_lib.o(.text._mutex_initialize)
    _platform_post_stackheap_init            0x08008519   Thumb Code     4  rtx_lib.o(.text._platform_post_stackheap_init)
    _sys_close                               0x08008521   Thumb Code    18  retarget_io.o(.text._sys_close)
    _sys_flen                                0x08008539   Thumb Code     4  retarget_io.o(.text._sys_flen)
    _sys_istty                               0x08008541   Thumb Code    16  retarget_io.o(.text._sys_istty)
    _sys_open                                0x08008551   Thumb Code    96  retarget_io.o(.text._sys_open)
    _sys_seek                                0x080085b1   Thumb Code     6  retarget_io.o(.text._sys_seek)
    _sys_write                               0x080085b9   Thumb Code   114  retarget_io.o(.text._sys_write)
    main                                     0x08008631   Thumb Code  1142  main.o(.text.main)
    osDelay                                  0x08008aa9   Thumb Code    36  rtx_delay.o(.text.osDelay)
    osKernelGetState                         0x08008acd   Thumb Code    52  rtx_kernel.o(.text.osKernelGetState)
    osKernelInitialize                       0x08008b01   Thumb Code    36  rtx_kernel.o(.text.osKernelInitialize)
    osKernelStart                            0x08008b25   Thumb Code    36  rtx_kernel.o(.text.osKernelStart)
    osMemoryPoolAlloc                        0x08008b49   Thumb Code    60  rtx_mempool.o(.text.osMemoryPoolAlloc)
    osMemoryPoolDelete                       0x08008b85   Thumb Code    36  rtx_mempool.o(.text.osMemoryPoolDelete)
    osMemoryPoolFree                         0x08008ba9   Thumb Code    84  rtx_mempool.o(.text.osMemoryPoolFree)
    osMemoryPoolGetCount                     0x08008bfd   Thumb Code    36  rtx_mempool.o(.text.osMemoryPoolGetCount)
    osMemoryPoolNew                          0x08008c21   Thumb Code    36  rtx_mempool.o(.text.osMemoryPoolNew)
    osMessageQueueDelete                     0x08008c45   Thumb Code    36  rtx_msgqueue.o(.text.osMessageQueueDelete)
    osMessageQueueGet                        0x08008c69   Thumb Code   112  rtx_msgqueue.o(.text.osMessageQueueGet)
    osMessageQueueNew                        0x08008cd9   Thumb Code    36  rtx_msgqueue.o(.text.osMessageQueueNew)
    osMessageQueuePut                        0x08008cfd   Thumb Code   128  rtx_msgqueue.o(.text.osMessageQueuePut)
    osMutexNew                               0x08008d7d   Thumb Code    36  rtx_mutex.o(.text.osMutexNew)
    osRtxErrorNotify                         0x08008da1   Thumb Code     2  rtx_config.o(.text.osRtxErrorNotify)
    osRtxIdleThread                          0x08008da9   Thumb Code     2  rtx_config.o(.text.osRtxIdleThread)
    osRtxMemoryAlloc                         0x08008dab   Thumb Code   128  rtx_memory.o(.text.osRtxMemoryAlloc)
    osRtxMemoryFree                          0x08008e2b   Thumb Code    82  rtx_memory.o(.text.osRtxMemoryFree)
    osRtxMemoryInit                          0x08008e7d   Thumb Code    54  rtx_memory.o(.text.osRtxMemoryInit)
    osRtxMemoryPoolAlloc                     0x08008eb3   Thumb Code    74  rtx_mempool.o(.text.osRtxMemoryPoolAlloc)
    osRtxMemoryPoolFree                      0x08008efd   Thumb Code    86  rtx_mempool.o(.text.osRtxMemoryPoolFree)
    osRtxMemoryPoolInit                      0x08008f53   Thumb Code    84  rtx_mempool.o(.text.osRtxMemoryPoolInit)
    osRtxMutexOwnerRelease                   0x080090a9   Thumb Code    68  rtx_mutex.o(.text.osRtxMutexOwnerRelease)
    osRtxPendSV_Handler                      0x080090ed   Thumb Code   144  rtx_system.o(.text.osRtxPendSV_Handler)
    osRtxPostProcess                         0x08009179   Thumb Code   116  rtx_system.o(.text.osRtxPostProcess)
    osRtxThreadDelayTick                     0x08009345   Thumb Code    56  rtx_thread.o(.text.osRtxThreadDelayTick)
    osRtxThreadDispatch                      0x08009379   Thumb Code    96  rtx_thread.o(.text.osRtxThreadDispatch)
    osRtxThreadListGet                       0x08009429   Thumb Code    22  rtx_thread.o(.text.osRtxThreadListGet)
    osRtxThreadListPut                       0x0800943f   Thumb Code    56  rtx_thread.o(.text.osRtxThreadListPut)
    osRtxThreadListRemove                    0x08009477   Thumb Code    20  rtx_thread.o(.text.osRtxThreadListRemove)
    osRtxThreadReadyPut                      0x080094b5   Thumb Code    20  rtx_thread.o(.text.osRtxThreadReadyPut)
    osRtxThreadRegPtr                        0x080094c9   Thumb Code    20  rtx_thread.o(.text.osRtxThreadRegPtr)
    osRtxThreadStackCheck                    0x080094dd   Thumb Code    40  rtx_thread.o(.text.osRtxThreadStackCheck)
    osRtxThreadStartup                       0x08009501   Thumb Code    88  rtx_thread.o(.text.osRtxThreadStartup)
    osRtxThreadSwitch                        0x08009555   Thumb Code    16  rtx_thread.o(.text.osRtxThreadSwitch)
    osRtxThreadWaitEnter                     0x08009561   Thumb Code    56  rtx_thread.o(.text.osRtxThreadWaitEnter)
    osRtxThreadWaitExit                      0x08009599   Thumb Code    50  rtx_thread.o(.text.osRtxThreadWaitExit)
    osRtxTick_Handler                        0x080095cd   Thumb Code   112  rtx_system.o(.text.osRtxTick_Handler)
    osRtxTimerThread                         0x0800963d   Thumb Code    68  rtx_timer.o(.text.osRtxTimerThread)
    osSemaphoreAcquire                       0x080096d9   Thumb Code    96  rtx_semaphore.o(.text.osSemaphoreAcquire)
    osSemaphoreNew                           0x08009739   Thumb Code    36  rtx_semaphore.o(.text.osSemaphoreNew)
    osSemaphoreRelease                       0x0800975d   Thumb Code   104  rtx_semaphore.o(.text.osSemaphoreRelease)
    osThreadExit                             0x080097c5   Thumb Code    12  rtx_thread.o(.text.osThreadExit)
    osThreadGetId                            0x080097d1   Thumb Code    36  rtx_thread.o(.text.osThreadGetId)
    osThreadNew                              0x080097f5   Thumb Code    36  rtx_thread.o(.text.osThreadNew)
    _btod_d2e                                0x0800a3d1   Thumb Code    62  btod.o(CL$$btod_d2e)
    _d2e_denorm_low                          0x0800a40f   Thumb Code    70  btod.o(CL$$btod_d2e_denorm_low)
    _d2e_norm_op1                            0x0800a455   Thumb Code    96  btod.o(CL$$btod_d2e_norm_op1)
    __btod_div_common                        0x0800a4b5   Thumb Code   696  btod.o(CL$$btod_div_common)
    _e2e                                     0x0800a7ed   Thumb Code   220  btod.o(CL$$btod_e2e)
    _btod_ediv                               0x0800a8c9   Thumb Code    42  btod.o(CL$$btod_ediv)
    _btod_emul                               0x0800a8f3   Thumb Code    42  btod.o(CL$$btod_emul)
    __btod_mult_common                       0x0800a91d   Thumb Code   580  btod.o(CL$$btod_mult_common)
    __ARM_fpclassify                         0x0800ab61   Thumb Code    48  fpclassify.o(i.__ARM_fpclassify)
    _is_digit                                0x0800ab91   Thumb Code    14  __printf_wp.o(i._is_digit)
    _fputc$unlocked                          0x0800ab9f   Thumb Code    26  fputc.o(i.fputc)
    _get_lc_numeric                          0x0800abb9   Thumb Code    44  lc_numeric_c.o(locale$$code)
    _get_lc_ctype                            0x0800abe5   Thumb Code    44  lc_ctype_c.o(locale$$code)
    _fp_init                                 0x0800ac11   Thumb Code    10  fpinit.o(x$fpl$fpinit)
    __fplib_config_fpu_vfp                   0x0800ac19   Thumb Code     0  fpinit.o(x$fpl$fpinit)
    __fplib_config_pureend_doubles           0x0800ac19   Thumb Code     0  fpinit.o(x$fpl$fpinit)
    _printf_fp_dec                           0x0800ac1b   Thumb Code     4  printf1.o(x$fpl$printf1)
    _printf_fp_hex                           0x0800ac1f   Thumb Code     4  printf2.o(x$fpl$printf2)
    __I$use$fp                               0x0800ac22   Number         0  usenofp.o(x$fpl$usenofp)
    osRtxConfig                              0x0800ad20   Data         104  rtx_lib.o(.rodata)
    os_cb_sections                           0x0800ad88   Data          56  rtx_lib.o(.rodata)
    D1CorePrescTable                         0x0800adc0   Data          16  system_stm32h7xx.o(.rodata.D1CorePrescTable)
    __stderr_name                            0x0800ade8   Data           8  retarget_io.o(.rodata.__stderr_name)
    __stdin_name                             0x0800adf0   Data           7  retarget_io.o(.rodata.__stdin_name)
    __stdout_name                            0x0800adf7   Data           8  retarget_io.o(.rodata.__stdout_name)
    osRtxUserSVC                             0x0800ae08   Data           4  rtx_lib.o(.rodata.osRtxUserSVC)
    Region$$Table$$Base                      0x0800aeec   Number         0  anon$$obj.o(Region$$Table)
    Region$$Table$$Limit                     0x0800af0c   Number         0  anon$$obj.o(Region$$Table)
    __ctype                                  0x0800af35   Data           0  lc_ctype_c.o(locale$$data)
    SHT$$INIT_ARRAY$$Base                    0x0800b038   Number         0  thread.o(.init_array)
    SHT$$INIT_ARRAY$$Limit                   0x0800b03c   Number         0  init_aeabi.o(.init_array)
    __aeabi_stdin                            0x24000000   Data           4  stdio_streams.o(.data)
    __aeabi_stdout                           0x24000004   Data           4  stdio_streams.o(.data)
    __aeabi_stderr                           0x24000008   Data           4  stdio_streams.o(.data)
    _stream_list_lock                        0x2400000c   Data           4  streamlock.o(.data)
    SystemCoreClock                          0x24000018   Data           4  system_stm32h7xx.o(.data.SystemCoreClock)
    SystemD2Clock                            0x2400001c   Data           4  system_stm32h7xx.o(.data.SystemD2Clock)
    osRtxInfo                                0x24000020   Data         164  rtx_kernel.o(.data.os)
    __stdin                                  0x240000d0   Data          84  stdio_streams.o(.bss)
    __stdout                                 0x24000124   Data          84  stdio_streams.o(.bss)
    __stderr                                 0x24000178   Data          84  stdio_streams.o(.bss)
    __libspace_start                         0x240001cc   Data          96  libspace.o(.bss)
    __temporary_stack_top$libspace           0x2400022c   Data           0  libspace.o(.bss)
    htim2                                    0x24000230   Data          64  main.o(.bss..L_MergedGlobals)
    hnand1                                   0x24000270   Data          64  main.o(.bss..L_MergedGlobals.1)
    hqspi                                    0x240002b0   Data          76  main.o(.bss..L_MergedGlobals.2)
    hdma_memtomem_dma2_stream2               0x24000300   Data         120  main.o(.bss..L_MergedGlobals.3)
    adcQspiSem_id                            0x2400037c   Data           4  thread.o(.bss.adcQspiSem_id)
    adcfifo                                  0x24000380   Data          40  thread.o(.bss.adcfifo)
    addrADCsmpl                              0x240003a8   Data           4  ramfunc.o(.bss.addrADCsmpl)
    hdma_uart4_rx                            0x240003ac   Data         120  main.o(.bss.hdma_uart4_rx)
    hdma_uart4_tx                            0x24000424   Data         120  main.o(.bss.hdma_uart4_tx)
    hmdma_quadspi_fifo_th                    0x2400049c   Data         108  main.o(.bss.hmdma_quadspi_fifo_th)
    htim7                                    0x24000508   Data          64  stm32h7xx_hal_timebase_tim.o(.bss.htim7)
    huart4                                   0x24000548   Data         128  main.o(.bss.huart4)
    ipos                                     0x240005c8   Data           4  ramfunc.o(.bss.ipos)
    .bss.os.msgqueue.cb$$Base                0x2400a440   Number         0  rtx_lib.o(.bss.os.msgqueue.cb)
    .bss.os.msgqueue.cb$$Limit               0x2400a474   Number         0  rtx_lib.o(.bss.os.msgqueue.cb)
    .bss.os.thread.cb$$Base                  0x2400a4c4   Number         0  rtx_lib.o(.bss.os.thread.cb)
    .bss.os.thread.cb$$Limit                 0x2400a54c   Number         0  rtx_lib.o(.bss.os.thread.cb)
    p_addrADCsmpl                            0x2400a754   Data           4  ramfunc.o(.bss.p_addrADCsmpl)
    sendfifo                                 0x2400a758   Data          40  thread.o(.bss.sendfifo)
    tid_Thread                               0x2400a780   Data           4  thread.o(.bss.tid_Thread)
    uartRec                                  0x2400a784   Data           4  thread.o(.bss.uartRec)
    uart_Task_id                             0x2400a788   Data           4  thread.o(.bss.uart_Task_id)



==============================================================================

Memory Map of the image

  Image Entry point : 0x08000299

  Load Region LR_IROM1 (Base: 0x08000000, Size: 0x0000b110, Max: 0x00200000, ABSOLUTE)

    Execution Region ER_IROM1 (Exec base: 0x08000000, Load base: 0x08000000, Size: 0x0000b03c, Max: 0x00200000, ABSOLUTE)

    Exec Addr    Load Addr    Size         Type   Attr      Idx    E Section Name        Object

    0x08000000   0x08000000   0x00000298   Data   RO         1502    RESET               startup_stm32h743xx.o
    0x08000298   0x08000298   0x00000008   Code   RO         2068  * !!!main             c_w.l(__main.o)
    0x080002a0   0x080002a0   0x00000034   Code   RO         3239    !!!scatter          c_w.l(__scatter.o)
    0x080002d4   0x080002d4   0x0000001a   Code   RO         3241    !!handler_copy      c_w.l(__scatter_copy.o)
    0x080002ee   0x080002ee   0x00000002   PAD
    0x080002f0   0x080002f0   0x0000001c   Code   RO         3243    !!handler_zi        c_w.l(__scatter_zi.o)
    0x0800030c   0x0800030c   0x00000000   Code   RO         2312    .ARM.Collect$$_printf_percent$$00000000  c_w.l(_printf_percent.o)
    0x0800030c   0x0800030c   0x00000006   Code   RO         2301    .ARM.Collect$$_printf_percent$$00000001  c_w.l(_printf_n.o)
    0x08000312   0x08000312   0x00000006   Code   RO         2303    .ARM.Collect$$_printf_percent$$00000002  c_w.l(_printf_p.o)
    0x08000318   0x08000318   0x00000006   Code   RO         2308    .ARM.Collect$$_printf_percent$$00000003  c_w.l(_printf_f.o)
    0x0800031e   0x0800031e   0x00000006   Code   RO         2309    .ARM.Collect$$_printf_percent$$00000004  c_w.l(_printf_e.o)
    0x08000324   0x08000324   0x00000006   Code   RO         2310    .ARM.Collect$$_printf_percent$$00000005  c_w.l(_printf_g.o)
    0x0800032a   0x0800032a   0x00000006   Code   RO         2311    .ARM.Collect$$_printf_percent$$00000006  c_w.l(_printf_a.o)
    0x08000330   0x08000330   0x0000000a   Code   RO         2316    .ARM.Collect$$_printf_percent$$00000007  c_w.l(_printf_ll.o)
    0x0800033a   0x0800033a   0x00000006   Code   RO         2305    .ARM.Collect$$_printf_percent$$00000008  c_w.l(_printf_i.o)
    0x08000340   0x08000340   0x00000006   Code   RO         2306    .ARM.Collect$$_printf_percent$$00000009  c_w.l(_printf_d.o)
    0x08000346   0x08000346   0x00000006   Code   RO         2307    .ARM.Collect$$_printf_percent$$0000000A  c_w.l(_printf_u.o)
    0x0800034c   0x0800034c   0x00000006   Code   RO         2304    .ARM.Collect$$_printf_percent$$0000000B  c_w.l(_printf_o.o)
    0x08000352   0x08000352   0x00000006   Code   RO         2302    .ARM.Collect$$_printf_percent$$0000000C  c_w.l(_printf_x.o)
    0x08000358   0x08000358   0x00000006   Code   RO         2313    .ARM.Collect$$_printf_percent$$0000000D  c_w.l(_printf_lli.o)
    0x0800035e   0x0800035e   0x00000006   Code   RO         2314    .ARM.Collect$$_printf_percent$$0000000E  c_w.l(_printf_lld.o)
    0x08000364   0x08000364   0x00000006   Code   RO         2315    .ARM.Collect$$_printf_percent$$0000000F  c_w.l(_printf_llu.o)
    0x0800036a   0x0800036a   0x00000006   Code   RO         2320    .ARM.Collect$$_printf_percent$$00000010  c_w.l(_printf_llo.o)
    0x08000370   0x08000370   0x00000006   Code   RO         2321    .ARM.Collect$$_printf_percent$$00000011  c_w.l(_printf_llx.o)
    0x08000376   0x08000376   0x0000000a   Code   RO         2317    .ARM.Collect$$_printf_percent$$00000012  c_w.l(_printf_l.o)
    0x08000380   0x08000380   0x00000006   Code   RO         2299    .ARM.Collect$$_printf_percent$$00000013  c_w.l(_printf_c.o)
    0x08000386   0x08000386   0x00000006   Code   RO         2300    .ARM.Collect$$_printf_percent$$00000014  c_w.l(_printf_s.o)
    0x0800038c   0x0800038c   0x00000006   Code   RO         2318    .ARM.Collect$$_printf_percent$$00000015  c_w.l(_printf_lc.o)
    0x08000392   0x08000392   0x00000006   Code   RO         2319    .ARM.Collect$$_printf_percent$$00000016  c_w.l(_printf_ls.o)
    0x08000398   0x08000398   0x00000004   Code   RO         2668    .ARM.Collect$$_printf_percent$$00000017  c_w.l(_printf_percent_end.o)
    0x0800039c   0x0800039c   0x00000002   Code   RO         3098    .ARM.Collect$$libinit$$00000000  c_w.l(libinit.o)
    0x0800039e   0x0800039e   0x00000004   Code   RO         2338    .ARM.Collect$$libinit$$00000001  c_w.l(libinit2.o)
    0x080003a2   0x080003a2   0x00000000   Code   RO         2341    .ARM.Collect$$libinit$$00000004  c_w.l(libinit2.o)
    0x080003a2   0x080003a2   0x00000008   Code   RO         2342    .ARM.Collect$$libinit$$00000005  c_w.l(libinit2.o)
    0x080003aa   0x080003aa   0x00000000   Code   RO         2344    .ARM.Collect$$libinit$$0000000A  c_w.l(libinit2.o)
    0x080003aa   0x080003aa   0x00000000   Code   RO         2346    .ARM.Collect$$libinit$$0000000C  c_w.l(libinit2.o)
    0x080003aa   0x080003aa   0x00000000   Code   RO         2348    .ARM.Collect$$libinit$$0000000E  c_w.l(libinit2.o)
    0x080003aa   0x080003aa   0x00000006   Code   RO         2349    .ARM.Collect$$libinit$$0000000F  c_w.l(libinit2.o)
    0x080003b0   0x080003b0   0x00000000   Code   RO         2351    .ARM.Collect$$libinit$$00000011  c_w.l(libinit2.o)
    0x080003b0   0x080003b0   0x0000000c   Code   RO         2352    .ARM.Collect$$libinit$$00000012  c_w.l(libinit2.o)
    0x080003bc   0x080003bc   0x00000000   Code   RO         2353    .ARM.Collect$$libinit$$00000013  c_w.l(libinit2.o)
    0x080003bc   0x080003bc   0x00000000   Code   RO         2355    .ARM.Collect$$libinit$$00000015  c_w.l(libinit2.o)
    0x080003bc   0x080003bc   0x0000000a   Code   RO         2356    .ARM.Collect$$libinit$$00000016  c_w.l(libinit2.o)
    0x080003c6   0x080003c6   0x00000000   Code   RO         2357    .ARM.Collect$$libinit$$00000017  c_w.l(libinit2.o)
    0x080003c6   0x080003c6   0x00000000   Code   RO         2359    .ARM.Collect$$libinit$$00000019  c_w.l(libinit2.o)
    0x080003c6   0x080003c6   0x00000000   Code   RO         2361    .ARM.Collect$$libinit$$0000001B  c_w.l(libinit2.o)
    0x080003c6   0x080003c6   0x00000000   Code   RO         2363    .ARM.Collect$$libinit$$0000001D  c_w.l(libinit2.o)
    0x080003c6   0x080003c6   0x00000000   Code   RO         2365    .ARM.Collect$$libinit$$0000001F  c_w.l(libinit2.o)
    0x080003c6   0x080003c6   0x00000000   Code   RO         2367    .ARM.Collect$$libinit$$00000021  c_w.l(libinit2.o)
    0x080003c6   0x080003c6   0x00000000   Code   RO         2369    .ARM.Collect$$libinit$$00000023  c_w.l(libinit2.o)
    0x080003c6   0x080003c6   0x00000004   Code   RO         2370    .ARM.Collect$$libinit$$00000024  c_w.l(libinit2.o)
    0x080003ca   0x080003ca   0x00000000   Code   RO         2371    .ARM.Collect$$libinit$$00000025  c_w.l(libinit2.o)
    0x080003ca   0x080003ca   0x00000000   Code   RO         2375    .ARM.Collect$$libinit$$0000002C  c_w.l(libinit2.o)
    0x080003ca   0x080003ca   0x00000000   Code   RO         2377    .ARM.Collect$$libinit$$0000002E  c_w.l(libinit2.o)
    0x080003ca   0x080003ca   0x00000000   Code   RO         2379    .ARM.Collect$$libinit$$00000030  c_w.l(libinit2.o)
    0x080003ca   0x080003ca   0x00000004   Code   RO         2380    .ARM.Collect$$libinit$$00000031  c_w.l(libinit2.o)
    0x080003ce   0x080003ce   0x00000000   Code   RO         2381    .ARM.Collect$$libinit$$00000032  c_w.l(libinit2.o)
    0x080003ce   0x080003ce   0x00000002   Code   RO         2382    .ARM.Collect$$libinit$$00000033  c_w.l(libinit2.o)
    0x080003d0   0x080003d0   0x00000002   Code   RO         3236    .ARM.Collect$$libshutdown$$00000000  c_w.l(libshutdown.o)
    0x080003d2   0x080003d2   0x00000006   Code   RO         3099    .ARM.Collect$$libshutdown$$00000001  c_w.l(libshutdown2.o)
    0x080003d8   0x080003d8   0x00000000   Code   RO         3100    .ARM.Collect$$libshutdown$$00000002  c_w.l(libshutdown2.o)
    0x080003d8   0x080003d8   0x00000004   Code   RO         3101    .ARM.Collect$$libshutdown$$00000003  c_w.l(libshutdown2.o)
    0x080003dc   0x080003dc   0x00000000   Code   RO         3102    .ARM.Collect$$libshutdown$$00000004  c_w.l(libshutdown2.o)
    0x080003dc   0x080003dc   0x00000000   Code   RO         3105    .ARM.Collect$$libshutdown$$00000007  c_w.l(libshutdown2.o)
    0x080003dc   0x080003dc   0x00000000   Code   RO         3108    .ARM.Collect$$libshutdown$$0000000A  c_w.l(libshutdown2.o)
    0x080003dc   0x080003dc   0x00000000   Code   RO         3110    .ARM.Collect$$libshutdown$$0000000C  c_w.l(libshutdown2.o)
    0x080003dc   0x080003dc   0x00000004   Code   RO         3111    .ARM.Collect$$libshutdown$$0000000D  c_w.l(libshutdown2.o)
    0x080003e0   0x080003e0   0x00000000   Code   RO         3113    .ARM.Collect$$libshutdown$$0000000F  c_w.l(libshutdown2.o)
    0x080003e0   0x080003e0   0x00000002   Code   RO         3114    .ARM.Collect$$libshutdown$$00000010  c_w.l(libshutdown2.o)
    0x080003e2   0x080003e2   0x00000000   Code   RO         2162    .ARM.Collect$$rtentry$$00000000  c_w.l(__rtentry.o)
    0x080003e2   0x080003e2   0x00000000   Code   RO         2601    .ARM.Collect$$rtentry$$00000002  c_w.l(__rtentry2.o)
    0x080003e2   0x080003e2   0x00000006   Code   RO         2613    .ARM.Collect$$rtentry$$00000004  c_w.l(__rtentry4.o)
    0x080003e8   0x080003e8   0x00000008   Code   RO         2602    .ARM.Collect$$rtentry$$00000008  c_w.l(__rtentry2.o)
    0x080003f0   0x080003f0   0x00000004   Code   RO         2604    .ARM.Collect$$rtentry$$0000000A  c_w.l(__rtentry2.o)
    0x080003f4   0x080003f4   0x00000000   Code   RO         2606    .ARM.Collect$$rtentry$$0000000C  c_w.l(__rtentry2.o)
    0x080003f4   0x080003f4   0x00000008   Code   RO         2607    .ARM.Collect$$rtentry$$0000000D  c_w.l(__rtentry2.o)
    0x080003fc   0x080003fc   0x00000002   Code   RO         3157    .ARM.Collect$$rtexit$$00000000  c_w.l(rtexit.o)
    0x080003fe   0x080003fe   0x00000000   Code   RO         3193    .ARM.Collect$$rtexit$$00000002  c_w.l(rtexit2.o)
    0x080003fe   0x080003fe   0x00000004   Code   RO         3194    .ARM.Collect$$rtexit$$00000003  c_w.l(rtexit2.o)
    0x08000402   0x08000402   0x00000006   Code   RO         3195    .ARM.Collect$$rtexit$$00000004  c_w.l(rtexit2.o)
    0x08000408   0x08000408   0x00000040   Code   RO         1503    .text               startup_stm32h743xx.o
    0x08000448   0x08000448   0x000000c4   Code   RO         1935    .text               RTX_CM4F.lib(irq_cm4f.o)
    0x0800050c   0x0800050c   0x000000ee   Code   RO         2048    .text               c_w.l(lludivv7m.o)
    0x080005fa   0x080005fa   0x00000002   PAD
    0x080005fc   0x080005fc   0x00000018   Code   RO         2050    .text               c_w.l(printf.o)
    0x08000614   0x08000614   0x0000000a   Code   RO         2055    .text               c_w.l(cxa_atexit.o)
    0x0800061e   0x0800061e   0x0000008a   Code   RO         2058    .text               c_w.l(rt_memcpy_v6.o)
    0x080006a8   0x080006a8   0x00000044   Code   RO         2060    .text               c_w.l(rt_memclr.o)
    0x080006ec   0x080006ec   0x0000004e   Code   RO         2062    .text               c_w.l(rt_memclr_w.o)
    0x0800073a   0x0800073a   0x00000006   PAD
    0x08000740   0x08000740   0x0000007c   Code   RO         2064    .text               c_w.l(strcmpv7m_pel.o)
    0x080007bc   0x080007bc   0x00000006   Code   RO         2066    .text               c_w.l(heapauxi.o)
    0x080007c2   0x080007c2   0x00000002   PAD
    0x080007c4   0x080007c4   0x00000024   Code   RO         2073    .text               c_w.l(init_aeabi.o)
    0x080007e8   0x080007e8   0x0000009e   Code   RO         2177    .text               c_w.l(h1_alloc_mt.o)
    0x08000886   0x08000886   0x00000076   Code   RO         2179    .text               c_w.l(h1_free_mt.o)
    0x080008fc   0x080008fc   0x0000004e   Code   RO         2235    .text               c_w.l(_printf_pad.o)
    0x0800094a   0x0800094a   0x00000024   Code   RO         2237    .text               c_w.l(_printf_truncate.o)
    0x0800096e   0x0800096e   0x00000052   Code   RO         2239    .text               c_w.l(_printf_str.o)
    0x080009c0   0x080009c0   0x00000078   Code   RO         2241    .text               c_w.l(_printf_dec.o)
    0x08000a38   0x08000a38   0x00000028   Code   RO         2243    .text               c_w.l(_printf_charcount.o)
    0x08000a60   0x08000a60   0x000000bc   Code   RO         2247    .text               c_w.l(_printf_wctomb.o)
    0x08000b1c   0x08000b1c   0x0000007c   Code   RO         2250    .text               c_w.l(_printf_longlong_dec.o)
    0x08000b98   0x08000b98   0x00000070   Code   RO         2256    .text               c_w.l(_printf_oct_int_ll.o)
    0x08000c08   0x08000c08   0x00000094   Code   RO         2276    .text               c_w.l(_printf_hex_int_ll_ptr.o)
    0x08000c9c   0x08000c9c   0x00000188   Code   RO         2296    .text               c_w.l(__printf_flags_ss_wp.o)
    0x08000e24   0x08000e24   0x0000002e   Code   RO         2333    .text               c_w.l(aeabi_atexit.o)
    0x08000e52   0x08000e52   0x00000064   Code   RO         2336    .text               c_w.l(rt_memcpy_w.o)
    0x08000eb6   0x08000eb6   0x00000002   PAD
    0x08000eb8   0x08000eb8   0x0000000c   Code   RO         2596    .text               c_w.l(sys_exit.o)
    0x08000ec4   0x08000ec4   0x0000000a   Code   RO         2622    .text               c_w.l(rt_heap_descriptor_twolibspace.o)
    0x08000ece   0x08000ece   0x0000000a   Code   RO         2629    .text               c_w.l(rt_ddtor_pointer_addr_twolibspace.o)
    0x08000ed8   0x08000ed8   0x00000004   Code   RO         2631    .text               c_w.l(hguard.o)
    0x08000edc   0x08000edc   0x0000008a   Code   RO         2633    .text               c_w.l(init_alloc.o)
    0x08000f66   0x08000f66   0x00000012   Code   RO         2639    .text               c_w.l(h1_init_mt.o)
    0x08000f78   0x08000f78   0x0000008a   Code   RO         2651    .text               c_w.l(lludiv10.o)
    0x08001002   0x08001002   0x000000b2   Code   RO         2653    .text               c_w.l(_printf_intcommon.o)
    0x080010b4   0x080010b4   0x0000041c   Code   RO         2655    .text               c_w.l(_printf_fp_dec.o)
    0x080014d0   0x080014d0   0x000002fc   Code   RO         2659    .text               c_w.l(_printf_fp_hex.o)
    0x080017cc   0x080017cc   0x00000030   Code   RO         2662    .text               c_w.l(_printf_char_common.o)
    0x080017fc   0x080017fc   0x0000002c   Code   RO         2664    .text               c_w.l(_printf_char.o)
    0x08001828   0x08001828   0x0000002c   Code   RO         2666    .text               c_w.l(_printf_wchar.o)
    0x08001854   0x08001854   0x000001c8   Code   RO         2681    .text               c_w.l(initio_locked.o)
    0x08001a1c   0x08001a1c   0x00000048   Code   RO         2683    .text               c_w.l(_c16rtomb.o)
    0x08001a64   0x08001a64   0x00000042   Code   RO         2685    .text               c_w.l(cxa_finalize.o)
    0x08001aa6   0x08001aa6   0x00000002   PAD
    0x08001aa8   0x08001aa8   0x00000008   Code   RO         2994    .text               c_w.l(libspace.o)
    0x08001ab0   0x08001ab0   0x00000002   Code   RO         2997    .text               c_w.l(use_no_semi.o)
    0x08001ab2   0x08001ab2   0x00000000   Code   RO         2999    .text               c_w.l(indicate_semi.o)
    0x08001ab2   0x08001ab2   0x0000004a   Code   RO         3000    .text               c_w.l(sys_stackheap_outer.o)
    0x08001afc   0x08001afc   0x00000010   Code   RO         3002    .text               c_w.l(rt_ctype_table.o)
    0x08001b0c   0x08001b0c   0x0000000a   Code   RO         3011    .text               c_w.l(rt_locale_twolibspace.o)
    0x08001b16   0x08001b16   0x00000000   Code   RO         3018    .text               c_w.l(maybetermalloc2.o)
    0x08001b16   0x08001b16   0x0000003e   Code   RO         3021    .text               c_w.l(h1_extend_mt.o)
    0x08001b54   0x08001b54   0x00000080   Code   RO         3023    .text               c_w.l(_printf_fp_infnan.o)
    0x08001bd4   0x08001bd4   0x000000e4   Code   RO         3027    .text               c_w.l(bigflt0.o)
    0x08001cb8   0x08001cb8   0x000001d6   Code   RO         3054    .text               c_w.l(flsbuf.o)
    0x08001e8e   0x08001e8e   0x0000004c   Code   RO         3061    .text               c_w.l(fclose.o)
    0x08001eda   0x08001eda   0x00000068   Code   RO         3063    .text               c_w.l(setvbuf_locked.o)
    0x08001f42   0x08001f42   0x00000002   PAD
    0x08001f44   0x08001f44   0x00000144   Code   RO         3065    .text               c_w.l(fopen_locked.o)
    0x08002088   0x08002088   0x00000012   Code   RO         3070    .text               c_w.l(exit.o)
    0x0800209a   0x0800209a   0x0000000a   Code   RO         3072    .text               c_w.l(defsig_exit.o)
    0x080020a4   0x080020a4   0x0000000e   Code   RO         3080    .text               c_w.l(defsig_rtred_outer.o)
    0x080020b2   0x080020b2   0x0000000e   Code   RO         3084    .text               c_w.l(defsig_rtmem_outer.o)
    0x080020c0   0x080020c0   0x00000010   Code   RO         3159    .text               c_w.l(term_alloc.o)
    0x080020d0   0x080020d0   0x00000040   Code   RO         3161    .text               c_w.l(_printf_char_file_locked.o)
    0x08002110   0x08002110   0x000000f8   Code   RO         3165    .text               c_w.l(fseek.o)
    0x08002208   0x08002208   0x000000f0   Code   RO         3167    .text               c_w.l(stdio.o)
    0x080022f8   0x080022f8   0x00000032   Code   RO         3178    .text               c_w.l(defsig_general.o)
    0x0800232a   0x0800232a   0x00000002   PAD
    0x0800232c   0x0800232c   0x00000034   Code   RO         3182    .text               c_w.l(defsig_rtred_inner.o)
    0x08002360   0x08002360   0x00000050   Code   RO         3184    .text               c_w.l(defsig_rtmem_inner.o)
    0x080023b0   0x080023b0   0x0000000e   Code   RO         3188    .text               c_w.l(sys_wrch.o)
    0x080023be   0x080023be   0x0000000a   Code   RO         3201    .text               c_w.l(h1_final_mt.o)
    0x080023c8   0x080023c8   0x00000042   Code   RO         3209    .text               c_w.l(ftell.o)
    0x0800240a   0x0800240a   0x00000004   Code   RO         3222    .text               c_w.l(rt_errno_addr_twolibspace.o)
    0x0800240e   0x0800240e   0x00000002   PAD
    0x08002410   0x08002410   0x00000002   Code   RO           55    .text.BusFault_Handler  stm32h7xx_it.o
    0x08002412   0x08002412   0x00000006   PAD
    0x08002418   0x08002418   0x0000000c   Code   RO           61    .text.DMA1_Stream0_IRQHandler  stm32h7xx_it.o
    0x08002424   0x08002424   0x00000004   PAD
    0x08002428   0x08002428   0x0000000c   Code   RO           63    .text.DMA1_Stream1_IRQHandler  stm32h7xx_it.o
    0x08002434   0x08002434   0x00000004   PAD
    0x08002438   0x08002438   0x0000014e   Code   RO           89    .text.DMA2_Stream2_IRQHandler  ramfunc.o
    0x08002586   0x08002586   0x00000002   PAD
    0x08002588   0x08002588   0x00000002   Code   RO           59    .text.DebugMon_Handler  stm32h7xx_it.o
    0x0800258a   0x0800258a   0x00000006   PAD
    0x08002590   0x08002590   0x00000056   Code   RO           87    .text.EXTI9_5_IRQHandler  ramfunc.o
    0x080025e6   0x080025e6   0x00000002   PAD
    0x080025e8   0x080025e8   0x0000001c   Code   RO         1428    .text.FMC_NAND_AttributeSpace_Timing_Init  stm32h7xx_ll_fmc.o
    0x08002604   0x08002604   0x00000004   PAD
    0x08002608   0x08002608   0x0000001c   Code   RO         1426    .text.FMC_NAND_CommonSpace_Timing_Init  stm32h7xx_ll_fmc.o
    0x08002624   0x08002624   0x00000004   PAD
    0x08002628   0x08002628   0x00000036   Code   RO         1424    .text.FMC_NAND_Init  stm32h7xx_ll_fmc.o
    0x0800265e   0x0800265e   0x00000002   PAD
    0x08002660   0x08002660   0x000000b4   Code   RO          463    .text.HAL_DMA_Abort_IT  stm32h7xx_hal_dma.o
    0x08002714   0x08002714   0x00000004   PAD
    0x08002718   0x08002718   0x00000004   Code   RO          475    .text.HAL_DMA_GetError  stm32h7xx_hal_dma.o
    0x0800271c   0x0800271c   0x00000004   PAD
    0x08002720   0x08002720   0x00000348   Code   RO          467    .text.HAL_DMA_IRQHandler  stm32h7xx_hal_dma.o
    0x08002a68   0x08002a68   0x00000302   Code   RO          453    .text.HAL_DMA_Init  stm32h7xx_hal_dma.o
    0x08002d6a   0x08002d6a   0x00000006   PAD
    0x08002d70   0x08002d70   0x00000160   Code   RO          459    .text.HAL_DMA_Start_IT  stm32h7xx_hal_dma.o
    0x08002ed0   0x08002ed0   0x000001b0   Code   RO          516    .text.HAL_GPIO_Init  stm32h7xx_hal_gpio.o
    0x08003080   0x08003080   0x0000000a   Code   RO          522    .text.HAL_GPIO_WritePin  stm32h7xx_hal_gpio.o
    0x0800308a   0x0800308a   0x00000006   PAD
    0x08003090   0x08003090   0x0000000c   Code   RO          307    .text.HAL_GetTick   stm32h7xx_hal.o
    0x0800309c   0x0800309c   0x00000004   PAD
    0x080030a0   0x080030a0   0x0000001a   Code   RO          305    .text.HAL_IncTick   stm32h7xx_hal.o
    0x080030ba   0x080030ba   0x00000006   PAD
    0x080030c0   0x080030c0   0x0000001e   Code   RO          295    .text.HAL_Init      stm32h7xx_hal.o
    0x080030de   0x080030de   0x00000002   PAD
    0x080030e0   0x080030e0   0x00000090   Code   RO            2    .text.HAL_InitTick  stm32h7xx_hal_timebase_tim.o
    0x08003170   0x08003170   0x0000002c   Code   RO          569    .text.HAL_MDMA_Abort_IT  stm32h7xx_hal_mdma.o
    0x0800319c   0x0800319c   0x00000004   PAD
    0x080031a0   0x080031a0   0x000001f2   Code   RO          575    .text.HAL_MDMA_IRQHandler  stm32h7xx_hal_mdma.o
    0x08003392   0x08003392   0x00000006   PAD
    0x08003398   0x08003398   0x00000100   Code   RO          543    .text.HAL_MDMA_Init  stm32h7xx_hal_mdma.o
    0x08003498   0x08003498   0x00000148   Code   RO          565    .text.HAL_MDMA_Start_IT  stm32h7xx_hal_mdma.o
    0x080035e0   0x080035e0   0x0000007c   Code   RO         1467    .text.HAL_MspInit   stm32h7xx_hal_msp.o
    0x0800365c   0x0800365c   0x00000004   PAD
    0x08003660   0x08003660   0x00000062   Code   RO          592    .text.HAL_NAND_Init  stm32h7xx_hal_nand.o
    0x080036c2   0x080036c2   0x00000006   PAD
    0x080036c8   0x080036c8   0x000000ba   Code   RO         1483    .text.HAL_NAND_MspInit  stm32h7xx_hal_msp.o
    0x08003782   0x08003782   0x00000006   PAD
    0x08003788   0x08003788   0x00000020   Code   RO          410    .text.HAL_NVIC_EnableIRQ  stm32h7xx_hal_cortex.o
    0x080037a8   0x080037a8   0x00000064   Code   RO          408    .text.HAL_NVIC_SetPriority  stm32h7xx_hal_cortex.o
    0x0800380c   0x0800380c   0x00000004   PAD
    0x08003810   0x08003810   0x00000020   Code   RO          406    .text.HAL_NVIC_SetPriorityGrouping  stm32h7xx_hal_cortex.o
    0x08003830   0x08003830   0x00000002   Code   RO          805    .text.HAL_QSPI_AbortCpltCallback  stm32h7xx_hal_qspi.o
    0x08003832   0x08003832   0x00000006   PAD
    0x08003838   0x08003838   0x00000002   Code   RO          803    .text.HAL_QSPI_CmdCpltCallback  stm32h7xx_hal_qspi.o
    0x0800383a   0x0800383a   0x00000006   PAD
    0x08003840   0x08003840   0x00000100   Code   RO          815    .text.HAL_QSPI_Command  stm32h7xx_hal_qspi.o
    0x08003940   0x08003940   0x00000002   Code   RO          807    .text.HAL_QSPI_ErrorCallback  stm32h7xx_hal_qspi.o
    0x08003942   0x08003942   0x00000006   PAD
    0x08003948   0x08003948   0x00000002   Code   RO          797    .text.HAL_QSPI_FifoThresholdCallback  stm32h7xx_hal_qspi.o
    0x0800394a   0x0800394a   0x00000006   PAD
    0x08003950   0x08003950   0x0000026a   Code   RO          795    .text.HAL_QSPI_IRQHandler  stm32h7xx_hal_qspi.o
    0x08003bba   0x08003bba   0x00000006   PAD
    0x08003bc0   0x08003bc0   0x00000132   Code   RO          785    .text.HAL_QSPI_Init  stm32h7xx_hal_qspi.o
    0x08003cf2   0x08003cf2   0x00000006   PAD
    0x08003cf8   0x08003cf8   0x00000130   Code   RO         1469    .text.HAL_QSPI_MspInit  stm32h7xx_hal_msp.o
    0x08003e28   0x08003e28   0x00000002   Code   RO          801    .text.HAL_QSPI_RxCpltCallback  stm32h7xx_hal_qspi.o
    0x08003e2a   0x08003e2a   0x00000006   PAD
    0x08003e30   0x08003e30   0x00000002   Code   RO          809    .text.HAL_QSPI_StatusMatchCallback  stm32h7xx_hal_qspi.o
    0x08003e32   0x08003e32   0x00000006   PAD
    0x08003e38   0x08003e38   0x00000002   Code   RO          813    .text.HAL_QSPI_TimeOutCallback  stm32h7xx_hal_qspi.o
    0x08003e3a   0x08003e3a   0x00000006   PAD
    0x08003e40   0x08003e40   0x000000c4   Code   RO          829    .text.HAL_QSPI_Transmit_DMA  stm32h7xx_hal_qspi.o
    0x08003f04   0x08003f04   0x00000004   PAD
    0x08003f08   0x08003f08   0x00000046   Code   RO          116    .text.HAL_QSPI_TxCpltCallback  thread.o
    0x08003f4e   0x08003f4e   0x00000002   PAD
    0x08003f50   0x08003f50   0x0000002c   Code   RO          929    .text.HAL_RCCEx_GetD1SysClockFreq  stm32h7xx_hal_rcc_ex.o
    0x08003f7c   0x08003f7c   0x00000004   PAD
    0x08003f80   0x08003f80   0x00000022   Code   RO          927    .text.HAL_RCCEx_GetD3PCLK1Freq  stm32h7xx_hal_rcc_ex.o
    0x08003fa2   0x08003fa2   0x00000006   PAD
    0x08003fa8   0x08003fa8   0x00000104   Code   RO          921    .text.HAL_RCCEx_GetPLL2ClockFreq  stm32h7xx_hal_rcc_ex.o
    0x080040ac   0x080040ac   0x00000004   PAD
    0x080040b0   0x080040b0   0x00000104   Code   RO          923    .text.HAL_RCCEx_GetPLL3ClockFreq  stm32h7xx_hal_rcc_ex.o
    0x080041b4   0x080041b4   0x00000004   PAD
    0x080041b8   0x080041b8   0x00000e74   Code   RO          909    .text.HAL_RCCEx_PeriphCLKConfig  stm32h7xx_hal_rcc_ex.o
    0x0800502c   0x0800502c   0x00000004   PAD
    0x08005030   0x08005030   0x00000254   Code   RO          876    .text.HAL_RCC_ClockConfig  stm32h7xx_hal_rcc.o
    0x08005284   0x08005284   0x00000004   PAD
    0x08005288   0x08005288   0x00000058   Code   RO          892    .text.HAL_RCC_GetClockConfig  stm32h7xx_hal_rcc.o
    0x080052e0   0x080052e0   0x0000002c   Code   RO          884    .text.HAL_RCC_GetHCLKFreq  stm32h7xx_hal_rcc.o
    0x0800530c   0x0800530c   0x00000004   PAD
    0x08005310   0x08005310   0x00000036   Code   RO          886    .text.HAL_RCC_GetPCLK1Freq  stm32h7xx_hal_rcc.o
    0x08005346   0x08005346   0x00000002   PAD
    0x08005348   0x08005348   0x00000036   Code   RO          888    .text.HAL_RCC_GetPCLK2Freq  stm32h7xx_hal_rcc.o
    0x0800537e   0x0800537e   0x00000002   PAD
    0x08005380   0x08005380   0x000000f4   Code   RO          878    .text.HAL_RCC_GetSysClockFreq  stm32h7xx_hal_rcc.o
    0x08005474   0x08005474   0x00000004   PAD
    0x08005478   0x08005478   0x0000050a   Code   RO          874    .text.HAL_RCC_OscConfig  stm32h7xx_hal_rcc.o
    0x08005982   0x08005982   0x00000006   PAD
    0x08005988   0x08005988   0x0000001a   Code   RO          434    .text.HAL_SYSTICK_CLKSourceConfig  stm32h7xx_hal_cortex.o
    0x080059a2   0x080059a2   0x00000006   PAD
    0x080059a8   0x080059a8   0x0000002c   Code   RO          418    .text.HAL_SYSTICK_Config  stm32h7xx_hal_cortex.o
    0x080059d4   0x080059d4   0x00000004   PAD
    0x080059d8   0x080059d8   0x00000002   Code   RO         1256    .text.HAL_TIMEx_BreakCallback  stm32h7xx_hal_tim_ex.o
    0x080059da   0x080059da   0x00000006   PAD
    0x080059e0   0x080059e0   0x00000002   Code   RO         1254    .text.HAL_TIMEx_CommutationCallback  stm32h7xx_hal_tim_ex.o
    0x080059e2   0x080059e2   0x00000006   PAD
    0x080059e8   0x080059e8   0x00000058   Code   RO         1242    .text.HAL_TIMEx_MasterConfigSynchronization  stm32h7xx_hal_tim_ex.o
    0x08005a40   0x08005a40   0x00000036   Code   RO          970    .text.HAL_TIM_Base_Init  stm32h7xx_hal_tim.o
    0x08005a76   0x08005a76   0x00000002   PAD
    0x08005a78   0x08005a78   0x00000002   Code   RO          972    .text.HAL_TIM_Base_MspInit  stm32h7xx_hal_tim.o
    0x08005a7a   0x08005a7a   0x00000006   PAD
    0x08005a80   0x08005a80   0x00000016   Code   RO          984    .text.HAL_TIM_Base_Start_IT  stm32h7xx_hal_tim.o
    0x08005a96   0x08005a96   0x00000002   PAD
    0x08005a98   0x08005a98   0x00000002   Code   RO         1100    .text.HAL_TIM_IC_CaptureCallback  stm32h7xx_hal_tim.o
    0x08005a9a   0x08005a9a   0x00000006   PAD
    0x08005aa0   0x08005aa0   0x00000214   Code   RO         1098    .text.HAL_TIM_IRQHandler  stm32h7xx_hal_tim.o
    0x08005cb4   0x08005cb4   0x00000004   PAD
    0x08005cb8   0x08005cb8   0x00000038   Code   RO         1475    .text.HAL_TIM_MspPostInit  stm32h7xx_hal_msp.o
    0x08005cf0   0x08005cf0   0x00000002   Code   RO         1102    .text.HAL_TIM_OC_DelayElapsedCallback  stm32h7xx_hal_tim.o
    0x08005cf2   0x08005cf2   0x00000006   PAD
    0x08005cf8   0x08005cf8   0x0000046a   Code   RO         1124    .text.HAL_TIM_PWM_ConfigChannel  stm32h7xx_hal_tim.o
    0x08006162   0x08006162   0x00000006   PAD
    0x08006168   0x08006168   0x00000036   Code   RO         1020    .text.HAL_TIM_PWM_Init  stm32h7xx_hal_tim.o
    0x0800619e   0x0800619e   0x00000002   PAD
    0x080061a0   0x080061a0   0x0000002a   Code   RO         1473    .text.HAL_TIM_PWM_MspInit  stm32h7xx_hal_msp.o
    0x080061ca   0x080061ca   0x00000006   PAD
    0x080061d0   0x080061d0   0x00000002   Code   RO         1104    .text.HAL_TIM_PWM_PulseFinishedCallback  stm32h7xx_hal_tim.o
    0x080061d2   0x080061d2   0x00000006   PAD
    0x080061d8   0x080061d8   0x00000014   Code   RO           27    .text.HAL_TIM_PeriodElapsedCallback  main.o
    0x080061ec   0x080061ec   0x00000004   PAD
    0x080061f0   0x080061f0   0x00000002   Code   RO         1108    .text.HAL_TIM_TriggerCallback  stm32h7xx_hal_tim.o
    0x080061f2   0x080061f2   0x00000006   PAD
    0x080061f8   0x080061f8   0x00000002   Code   RO         1399    .text.HAL_UARTEx_WakeupCallback  stm32h7xx_hal_uart_ex.o
    0x080061fa   0x080061fa   0x00000006   PAD
    0x08006200   0x08006200   0x0000002c   Code   RO          131    .text.HAL_UART_ErrorCallback  thread.o
    0x0800622c   0x0800622c   0x00000004   PAD
    0x08006230   0x08006230   0x000002ee   Code   RO         1347    .text.HAL_UART_IRQHandler  stm32h7xx_hal_uart.o
    0x0800651e   0x0800651e   0x00000002   PAD
    0x08006520   0x08006520   0x00000066   Code   RO         1271    .text.HAL_UART_Init  stm32h7xx_hal_uart.o
    0x08006586   0x08006586   0x00000002   PAD
    0x08006588   0x08006588   0x000000fa   Code   RO         1479    .text.HAL_UART_MspInit  stm32h7xx_hal_msp.o
    0x08006682   0x08006682   0x00000006   PAD
    0x08006688   0x08006688   0x0000008e   Code   RO         1309    .text.HAL_UART_Receive_DMA  stm32h7xx_hal_uart.o
    0x08006716   0x08006716   0x00000002   PAD
    0x08006718   0x08006718   0x0000002a   Code   RO          127    .text.HAL_UART_RxCpltCallback  thread.o
    0x08006742   0x08006742   0x00000006   PAD
    0x08006748   0x08006748   0x00000002   Code   RO         1359    .text.HAL_UART_RxHalfCpltCallback  stm32h7xx_hal_uart.o
    0x0800674a   0x0800674a   0x00000006   PAD
    0x08006750   0x08006750   0x0000000c   Code   RO          129    .text.HAL_UART_TxCpltCallback  thread.o
    0x0800675c   0x0800675c   0x00000004   PAD
    0x08006760   0x08006760   0x00000002   Code   RO           51    .text.HardFault_Handler  stm32h7xx_it.o
    0x08006762   0x08006762   0x00000006   PAD
    0x08006768   0x08006768   0x0000000c   Code   RO           71    .text.MDMA_IRQHandler  stm32h7xx_it.o
    0x08006774   0x08006774   0x00000004   PAD
    0x08006778   0x08006778   0x00000002   Code   RO           53    .text.MemManage_Handler  stm32h7xx_it.o
    0x0800677a   0x0800677a   0x00000046   Code   RO         1916    .text.MessageQueueGet  RTX_CM4F.lib(rtx_msgqueue.o)
    0x080067c0   0x080067c0   0x00000064   Code   RO         1910    .text.MessageQueuePut  RTX_CM4F.lib(rtx_msgqueue.o)
    0x08006824   0x08006824   0x00000026   Code   RO         1908    .text.MessageQueueRemove  RTX_CM4F.lib(rtx_msgqueue.o)
    0x0800684a   0x0800684a   0x00000006   PAD
    0x08006850   0x08006850   0x00000002   Code   RO           49    .text.NMI_Handler   stm32h7xx_it.o
    0x08006852   0x08006852   0x00000002   PAD
    0x08006854   0x08006854   0x00000008   Code   RO         2023    .text.OS_Tick_AcknowledgeIRQ  RTX_CM4F.lib(os_systick.o)
    0x0800685c   0x0800685c   0x00000024   Code   RO         2019    .text.OS_Tick_Enable  RTX_CM4F.lib(os_systick.o)
    0x08006880   0x08006880   0x00000006   Code   RO         2025    .text.OS_Tick_GetIRQn  RTX_CM4F.lib(os_systick.o)
    0x08006886   0x08006886   0x00000002   PAD
    0x08006888   0x08006888   0x00000040   Code   RO         2017    .text.OS_Tick_Setup  RTX_CM4F.lib(os_systick.o)
    0x080068c8   0x080068c8   0x000001c2   Code   RO          817    .text.QSPI_Config   stm32h7xx_hal_qspi.o
    0x08006a8a   0x08006a8a   0x00000006   PAD
    0x08006a90   0x08006a90   0x00000032   Code   RO          811    .text.QSPI_DMAAbortCplt  stm32h7xx_hal_qspi.o
    0x08006ac2   0x08006ac2   0x00000006   PAD
    0x08006ac8   0x08006ac8   0x00000072   Code   RO          833    .text.QSPI_DMAError  stm32h7xx_hal_qspi.o
    0x08006b3a   0x08006b3a   0x00000006   PAD
    0x08006b40   0x08006b40   0x00000012   Code   RO          831    .text.QSPI_DMATxCplt  stm32h7xx_hal_qspi.o
    0x08006b52   0x08006b52   0x00000006   PAD
    0x08006b58   0x08006b58   0x0000000c   Code   RO           69    .text.QUADSPI_IRQHandler  stm32h7xx_it.o
    0x08006b64   0x08006b64   0x00000004   PAD
    0x08006b68   0x08006b68   0x000000ca   Code   RO          911    .text.RCCEx_PLL2_Config  stm32h7xx_hal_rcc_ex.o
    0x08006c32   0x08006c32   0x00000006   PAD
    0x08006c38   0x08006c38   0x000000ca   Code   RO          913    .text.RCCEx_PLL3_Config  stm32h7xx_hal_rcc_ex.o
    0x08006d02   0x08006d02   0x00000006   PAD
    0x08006d08   0x08006d08   0x000000e0   Code   RO           23    .text.SystemClock_Config  main.o
    0x08006de8   0x08006de8   0x0000006c   Code   RO         1510    .text.SystemInit    system_stm32h7xx.o
    0x08006e54   0x08006e54   0x00000004   PAD
    0x08006e58   0x08006e58   0x0000000c   Code   RO           67    .text.TIM7_IRQHandler  stm32h7xx_it.o
    0x08006e64   0x08006e64   0x00000004   PAD
    0x08006e68   0x08006e68   0x00000118   Code   RO          974    .text.TIM_Base_SetConfig  stm32h7xx_hal_tim.o
    0x08006f80   0x08006f80   0x00000138   Code   RO          120    .text.Thread        thread.o
    0x080070b8   0x080070b8   0x0000006a   Code   RO         1671    .text.ThreadFlagsCheck  RTX_CM4F.lib(rtx_thread.o)
    0x08007122   0x08007122   0x00000002   PAD
    0x08007124   0x08007124   0x00000050   Code   RO         1956    .text.TimerInsert   RTX_CM4F.lib(rtx_timer.o)
    0x08007174   0x08007174   0x00000004   PAD
    0x08007178   0x08007178   0x0000000c   Code   RO           65    .text.UART4_IRQHandler  stm32h7xx_it.o
    0x08007184   0x08007184   0x00000004   PAD
    0x08007188   0x08007188   0x000000ea   Code   RO         1277    .text.UART_AdvFeatureConfig  stm32h7xx_hal_uart.o
    0x08007272   0x08007272   0x00000006   PAD
    0x08007278   0x08007278   0x000000a4   Code   RO         1279    .text.UART_CheckIdleState  stm32h7xx_hal_uart.o
    0x0800731c   0x0800731c   0x00000004   PAD
    0x08007320   0x08007320   0x00000010   Code   RO         1349    .text.UART_DMAAbortOnError  stm32h7xx_hal_uart.o
    0x08007330   0x08007330   0x00000074   Code   RO         1307    .text.UART_DMAError  stm32h7xx_hal_uart.o
    0x080073a4   0x080073a4   0x00000004   PAD
    0x080073a8   0x080073a8   0x00000038   Code   RO         1311    .text.UART_DMAReceiveCplt  stm32h7xx_hal_uart.o
    0x080073e0   0x080073e0   0x00000006   Code   RO         1313    .text.UART_DMARxHalfCplt  stm32h7xx_hal_uart.o
    0x080073e6   0x080073e6   0x00000002   PAD
    0x080073e8   0x080073e8   0x00000858   Code   RO         1275    .text.UART_SetConfig  stm32h7xx_hal_uart.o
    0x08007c40   0x08007c40   0x00000002   Code   RO           57    .text.UsageFault_Handler  stm32h7xx_it.o
    0x08007c42   0x08007c42   0x00000006   PAD
    0x08007c48   0x08007c48   0x00000002   Code   RO           25    .text._Error_Handler  main.o
    0x08007c4a   0x08007c4a   0x00000006   PAD
    0x08007c50   0x08007c50   0x0000000c   Code   RO          141    .text._GLOBAL__sub_I_Thread.cpp  thread.o
    0x08007c5c   0x08007c5c   0x00000004   PAD
    0x08007c60   0x08007c60   0x00000032   Code   RO          124    .text._Z10ThreadUartPv  thread.o
    0x08007c92   0x08007c92   0x00000006   PAD
    0x08007c98   0x08007c98   0x000000b8   Code   RO          139    .text._Z10recDataPktPh  thread.o
    0x08007d50   0x08007d50   0x0000002c   Code   RO          110    .text._Z11initDMA_adcv  thread.o
    0x08007d7c   0x08007d7c   0x00000004   PAD
    0x08007d80   0x08007d80   0x0000001a   Code   RO          112    .text._Z12fmc_write16bRt  thread.o
    0x08007d9a   0x08007d9a   0x00000006   PAD
    0x08007da0   0x08007da0   0x00000044   Code   RO          118    .text._Z12initQSPIcommv  thread.o
    0x08007de4   0x08007de4   0x00000004   PAD
    0x08007de8   0x08007de8   0x00000024   Code   RO          114    .text._Z13fmc_writeCNFGj  thread.o
    0x08007e0c   0x08007e0c   0x00000004   PAD
    0x08007e10   0x08007e10   0x000000b2   Code   RO          135    .text._Z7recDataPhj  thread.o
    0x08007ec2   0x08007ec2   0x00000006   PAD
    0x08007ec8   0x08007ec8   0x000000fe   Code   RO          133    .text._Z8parcePktPhS_j  thread.o
    0x08007fc6   0x08007fc6   0x00000002   PAD
    0x08007fc8   0x08007fc8   0x0000013c   Code   RO          122    .text._Z9ThreadADCPv  thread.o
    0x08008104   0x08008104   0x00000004   PAD
    0x08008108   0x08008108   0x00000050   Code   RO           85    .text._ZL28SCB_InvalidateDCache_by_AddrPji  ramfunc.o
    0x08008158   0x08008158   0x00000050   Code   RO          137    .text._ZL28SCB_InvalidateDCache_by_AddrPji  thread.o
    0x080081a8   0x080081a8   0x00000090   Code   RO          173    .text._ZN9MultiFifo11reloadParamEi  multififo.o
    0x08008238   0x08008238   0x0000001e   Code   RO          181    .text._ZN9MultiFifo4initEi  multififo.o
    0x08008256   0x08008256   0x00000002   PAD
    0x08008258   0x08008258   0x0000004a   Code   RO          193    .text._ZN9MultiFifo6getBufEj  multififo.o
    0x080082a2   0x080082a2   0x00000006   PAD
    0x080082a8   0x080082a8   0x00000028   Code   RO          195    .text._ZN9MultiFifo6putBufEj  multififo.o
    0x080082d0   0x080082d0   0x00000038   Code   RO          191    .text._ZN9MultiFifo6putBufEv  multififo.o
    0x08008308   0x08008308   0x00000040   Code   RO          189    .text._ZN9MultiFifo8fillFifoEv  multififo.o
    0x08008348   0x08008348   0x00000020   Code   RO          197    .text._ZN9MultiFifo9freeBlockEj  multififo.o
    0x08008368   0x08008368   0x00000040   Code   RO          187    .text._ZN9MultiFifoC2EiiPc  multififo.o
    0x080083a8   0x080083a8   0x00000026   Code   RO          185    .text._ZN9MultiFifoD2Ev  multififo.o
    0x080083ce   0x080083ce   0x00000004   Code   RO         2095    .text._ZdaPv        libcpp_wx.l(new.cpp.o)
    0x080083d2   0x080083d2   0x0000000a   Code   RO         2089    .text._ZdlPv        libcpp_wx.l(new.cpp.o)
    0x080083dc   0x080083dc   0x00000004   PAD
    0x080083e0   0x080083e0   0x0000003c   Code   RO          106    .text.__cxx_global_var_init  thread.o
    0x0800841c   0x0800841c   0x00000004   PAD
    0x08008420   0x08008420   0x0000003c   Code   RO          108    .text.__cxx_global_var_init.1  thread.o
    0x0800845c   0x0800845c   0x00000004   PAD
    0x08008460   0x08008460   0x00000096   Code   RO          213    .text.__user_perthread_libspace  rtx_lib.o
    0x080084f6   0x080084f6   0x00000002   PAD
    0x080084f8   0x080084f8   0x00000020   Code   RO          215    .text._mutex_initialize  rtx_lib.o
    0x08008518   0x08008518   0x00000004   Code   RO          211    .text._platform_post_stackheap_init  rtx_lib.o
    0x0800851c   0x0800851c   0x00000004   PAD
    0x08008520   0x08008520   0x00000012   Code   RO          268    .text._sys_close    retarget_io.o
    0x08008532   0x08008532   0x00000006   PAD
    0x08008538   0x08008538   0x00000004   Code   RO          278    .text._sys_flen     retarget_io.o
    0x0800853c   0x0800853c   0x00000004   PAD
    0x08008540   0x08008540   0x00000010   Code   RO          274    .text._sys_istty    retarget_io.o
    0x08008550   0x08008550   0x00000060   Code   RO          266    .text._sys_open     retarget_io.o
    0x080085b0   0x080085b0   0x00000006   Code   RO          276    .text._sys_seek     retarget_io.o
    0x080085b6   0x080085b6   0x00000002   PAD
    0x080085b8   0x080085b8   0x00000072   Code   RO          270    .text._sys_write    retarget_io.o
    0x0800862a   0x0800862a   0x00000006   PAD
    0x08008630   0x08008630   0x00000476   Code   RO           21    .text.main          main.o
    0x08008aa6   0x08008aa6   0x00000002   PAD
    0x08008aa8   0x08008aa8   0x00000024   Code   RO         1728    .text.osDelay       RTX_CM4F.lib(rtx_delay.o)
    0x08008acc   0x08008acc   0x00000034   Code   RO         1534    .text.osKernelGetState  RTX_CM4F.lib(rtx_kernel.o)
    0x08008b00   0x08008b00   0x00000024   Code   RO         1528    .text.osKernelInitialize  RTX_CM4F.lib(rtx_kernel.o)
    0x08008b24   0x08008b24   0x00000024   Code   RO         1538    .text.osKernelStart  RTX_CM4F.lib(rtx_kernel.o)
    0x08008b48   0x08008b48   0x0000003c   Code   RO         1831    .text.osMemoryPoolAlloc  RTX_CM4F.lib(rtx_mempool.o)
    0x08008b84   0x08008b84   0x00000024   Code   RO         1851    .text.osMemoryPoolDelete  RTX_CM4F.lib(rtx_mempool.o)
    0x08008ba8   0x08008ba8   0x00000054   Code   RO         1833    .text.osMemoryPoolFree  RTX_CM4F.lib(rtx_mempool.o)
    0x08008bfc   0x08008bfc   0x00000024   Code   RO         1843    .text.osMemoryPoolGetCount  RTX_CM4F.lib(rtx_mempool.o)
    0x08008c20   0x08008c20   0x00000024   Code   RO         1827    .text.osMemoryPoolNew  RTX_CM4F.lib(rtx_mempool.o)
    0x08008c44   0x08008c44   0x00000024   Code   RO         1902    .text.osMessageQueueDelete  RTX_CM4F.lib(rtx_msgqueue.o)
    0x08008c68   0x08008c68   0x00000070   Code   RO         1882    .text.osMessageQueueGet  RTX_CM4F.lib(rtx_msgqueue.o)
    0x08008cd8   0x08008cd8   0x00000024   Code   RO         1876    .text.osMessageQueueNew  RTX_CM4F.lib(rtx_msgqueue.o)
    0x08008cfc   0x08008cfc   0x00000080   Code   RO         1880    .text.osMessageQueuePut  RTX_CM4F.lib(rtx_msgqueue.o)
    0x08008d7c   0x08008d7c   0x00000024   Code   RO         1749    .text.osMutexNew    RTX_CM4F.lib(rtx_mutex.o)
    0x08008da0   0x08008da0   0x00000002   Code   RO          249    .text.osRtxErrorNotify  rtx_config.o
    0x08008da2   0x08008da2   0x00000006   PAD
    0x08008da8   0x08008da8   0x00000002   Code   RO          247    .text.osRtxIdleThread  rtx_config.o
    0x08008daa   0x08008daa   0x00000080   Code   RO         1985    .text.osRtxMemoryAlloc  RTX_CM4F.lib(rtx_memory.o)
    0x08008e2a   0x08008e2a   0x00000052   Code   RO         1987    .text.osRtxMemoryFree  RTX_CM4F.lib(rtx_memory.o)
    0x08008e7c   0x08008e7c   0x00000036   Code   RO         1983    .text.osRtxMemoryInit  RTX_CM4F.lib(rtx_memory.o)
    0x08008eb2   0x08008eb2   0x0000004a   Code   RO         1823    .text.osRtxMemoryPoolAlloc  RTX_CM4F.lib(rtx_mempool.o)
    0x08008efc   0x08008efc   0x00000056   Code   RO         1825    .text.osRtxMemoryPoolFree  RTX_CM4F.lib(rtx_mempool.o)
    0x08008f52   0x08008f52   0x00000054   Code   RO         1821    .text.osRtxMemoryPoolInit  RTX_CM4F.lib(rtx_mempool.o)
    0x08008fa6   0x08008fa6   0x0000002c   Code   RO         1855    .text.osRtxMemoryPoolPostProcess  RTX_CM4F.lib(rtx_mempool.o)
    0x08008fd2   0x08008fd2   0x000000d6   Code   RO         1906    .text.osRtxMessageQueuePostProcess  RTX_CM4F.lib(rtx_msgqueue.o)
    0x080090a8   0x080090a8   0x00000044   Code   RO         1747    .text.osRtxMutexOwnerRelease  RTX_CM4F.lib(rtx_mutex.o)
    0x080090ec   0x080090ec   0x0000008c   Code   RO         2002    .text.osRtxPendSV_Handler  RTX_CM4F.lib(rtx_system.o)
    0x08009178   0x08009178   0x00000070   Code   RO         2004    .text.osRtxPostProcess  RTX_CM4F.lib(rtx_system.o)
    0x080091e8   0x080091e8   0x0000003e   Code   RO         1800    .text.osRtxSemaphorePostProcess  RTX_CM4F.lib(rtx_semaphore.o)
    0x08009226   0x08009226   0x00000002   PAD
    0x08009228   0x08009228   0x00000038   Code   RO         1613    .text.osRtxThreadBlock  RTX_CM4F.lib(rtx_thread.o)
    0x08009260   0x08009260   0x00000090   Code   RO         1621    .text.osRtxThreadDelayInsert  RTX_CM4F.lib(rtx_thread.o)
    0x080092f0   0x080092f0   0x00000054   Code   RO         1617    .text.osRtxThreadDelayRemove  RTX_CM4F.lib(rtx_thread.o)
    0x08009344   0x08009344   0x00000034   Code   RO         1603    .text.osRtxThreadDelayTick  RTX_CM4F.lib(rtx_thread.o)
    0x08009378   0x08009378   0x0000005c   Code   RO         1611    .text.osRtxThreadDispatch  RTX_CM4F.lib(rtx_thread.o)
    0x080093d4   0x080093d4   0x00000054   Code   RO         1697    .text.osRtxThreadFree  RTX_CM4F.lib(rtx_thread.o)
    0x08009428   0x08009428   0x00000016   Code   RO         1595    .text.osRtxThreadListGet  RTX_CM4F.lib(rtx_thread.o)
    0x0800943e   0x0800943e   0x00000038   Code   RO         1593    .text.osRtxThreadListPut  RTX_CM4F.lib(rtx_thread.o)
    0x08009476   0x08009476   0x00000014   Code   RO         1599    .text.osRtxThreadListRemove  RTX_CM4F.lib(rtx_thread.o)
    0x0800948a   0x0800948a   0x0000002a   Code   RO         1669    .text.osRtxThreadPostProcess  RTX_CM4F.lib(rtx_thread.o)
    0x080094b4   0x080094b4   0x00000014   Code   RO         1601    .text.osRtxThreadReadyPut  RTX_CM4F.lib(rtx_thread.o)
    0x080094c8   0x080094c8   0x00000014   Code   RO         1605    .text.osRtxThreadRegPtr  RTX_CM4F.lib(rtx_thread.o)
    0x080094dc   0x080094dc   0x00000024   Code   RO         1609    .text.osRtxThreadStackCheck  RTX_CM4F.lib(rtx_thread.o)
    0x08009500   0x08009500   0x00000054   Code   RO         1623    .text.osRtxThreadStartup  RTX_CM4F.lib(rtx_thread.o)
    0x08009554   0x08009554   0x0000000c   Code   RO         1607    .text.osRtxThreadSwitch  RTX_CM4F.lib(rtx_thread.o)
    0x08009560   0x08009560   0x00000038   Code   RO         1619    .text.osRtxThreadWaitEnter  RTX_CM4F.lib(rtx_thread.o)
    0x08009598   0x08009598   0x00000032   Code   RO         1615    .text.osRtxThreadWaitExit  RTX_CM4F.lib(rtx_thread.o)
    0x080095ca   0x080095ca   0x00000002   PAD
    0x080095cc   0x080095cc   0x00000070   Code   RO         2000    .text.osRtxTick_Handler  RTX_CM4F.lib(rtx_system.o)
    0x0800963c   0x0800963c   0x00000044   Code   RO         1940    .text.osRtxTimerThread  RTX_CM4F.lib(rtx_timer.o)
    0x08009680   0x08009680   0x00000058   Code   RO         1942    .text.osRtxTimerTick  RTX_CM4F.lib(rtx_timer.o)
    0x080096d8   0x080096d8   0x00000060   Code   RO         1788    .text.osSemaphoreAcquire  RTX_CM4F.lib(rtx_semaphore.o)
    0x08009738   0x08009738   0x00000024   Code   RO         1784    .text.osSemaphoreNew  RTX_CM4F.lib(rtx_semaphore.o)
    0x0800975c   0x0800975c   0x00000068   Code   RO         1790    .text.osSemaphoreRelease  RTX_CM4F.lib(rtx_semaphore.o)
    0x080097c4   0x080097c4   0x0000000c   Code   RO         1653    .text.osThreadExit  RTX_CM4F.lib(rtx_thread.o)
    0x080097d0   0x080097d0   0x00000024   Code   RO         1631    .text.osThreadGetId  RTX_CM4F.lib(rtx_thread.o)
    0x080097f4   0x080097f4   0x00000024   Code   RO         1627    .text.osThreadNew   RTX_CM4F.lib(rtx_thread.o)
    0x08009818   0x08009818   0x00000014   Code   RO         1732    .text.svcRtxDelay   RTX_CM4F.lib(rtx_delay.o)
    0x0800982c   0x0800982c   0x0000000c   Code   RO         1536    .text.svcRtxKernelGetState  RTX_CM4F.lib(rtx_kernel.o)
    0x08009838   0x08009838   0x00000174   Code   RO         1566    .text.svcRtxKernelInitialize  RTX_CM4F.lib(rtx_kernel.o)
    0x080099ac   0x080099ac   0x0000008c   Code   RO         1568    .text.svcRtxKernelStart  RTX_CM4F.lib(rtx_kernel.o)
    0x08009a38   0x08009a38   0x0000003c   Code   RO         1859    .text.svcRtxMemoryPoolAlloc  RTX_CM4F.lib(rtx_mempool.o)
    0x08009a74   0x08009a74   0x00000078   Code   RO         1863    .text.svcRtxMemoryPoolDelete  RTX_CM4F.lib(rtx_mempool.o)
    0x08009aec   0x08009aec   0x0000004a   Code   RO         1861    .text.svcRtxMemoryPoolFree  RTX_CM4F.lib(rtx_mempool.o)
    0x08009b36   0x08009b36   0x00000014   Code   RO         1845    .text.svcRtxMemoryPoolGetCount  RTX_CM4F.lib(rtx_mempool.o)
    0x08009b4a   0x08009b4a   0x00000002   PAD
    0x08009b4c   0x08009b4c   0x00000118   Code   RO         1853    .text.svcRtxMemoryPoolNew  RTX_CM4F.lib(rtx_mempool.o)
    0x08009c64   0x08009c64   0x0000007c   Code   RO         1922    .text.svcRtxMessageQueueDelete  RTX_CM4F.lib(rtx_msgqueue.o)
    0x08009ce0   0x08009ce0   0x000000f0   Code   RO         1918    .text.svcRtxMessageQueueGet  RTX_CM4F.lib(rtx_msgqueue.o)
    0x08009dd0   0x08009dd0   0x00000138   Code   RO         1904    .text.svcRtxMessageQueueNew  RTX_CM4F.lib(rtx_msgqueue.o)
    0x08009f08   0x08009f08   0x000000c8   Code   RO         1914    .text.svcRtxMessageQueuePut  RTX_CM4F.lib(rtx_msgqueue.o)
    0x08009fd0   0x08009fd0   0x0000006c   Code   RO         1761    .text.svcRtxMutexNew  RTX_CM4F.lib(rtx_mutex.o)
    0x0800a03c   0x0800a03c   0x00000060   Code   RO         1804    .text.svcRtxSemaphoreAcquire  RTX_CM4F.lib(rtx_semaphore.o)
    0x0800a09c   0x0800a09c   0x00000084   Code   RO         1798    .text.svcRtxSemaphoreNew  RTX_CM4F.lib(rtx_semaphore.o)
    0x0800a120   0x0800a120   0x0000005e   Code   RO         1806    .text.svcRtxSemaphoreRelease  RTX_CM4F.lib(rtx_semaphore.o)
    0x0800a17e   0x0800a17e   0x00000002   PAD
    0x0800a180   0x0800a180   0x00000064   Code   RO         1701    .text.svcRtxThreadExit  RTX_CM4F.lib(rtx_thread.o)
    0x0800a1e4   0x0800a1e4   0x0000000c   Code   RO         1675    .text.svcRtxThreadGetId  RTX_CM4F.lib(rtx_thread.o)
    0x0800a1f0   0x0800a1f0   0x000001e0   Code   RO         1625    .text.svcRtxThreadNew  RTX_CM4F.lib(rtx_thread.o)
    0x0800a3d0   0x0800a3d0   0x0000003e   Code   RO         3030    CL$$btod_d2e        c_w.l(btod.o)
    0x0800a40e   0x0800a40e   0x00000046   Code   RO         3032    CL$$btod_d2e_denorm_low  c_w.l(btod.o)
    0x0800a454   0x0800a454   0x00000060   Code   RO         3031    CL$$btod_d2e_norm_op1  c_w.l(btod.o)
    0x0800a4b4   0x0800a4b4   0x00000338   Code   RO         3040    CL$$btod_div_common  c_w.l(btod.o)
    0x0800a7ec   0x0800a7ec   0x000000dc   Code   RO         3037    CL$$btod_e2e        c_w.l(btod.o)
    0x0800a8c8   0x0800a8c8   0x0000002a   Code   RO         3034    CL$$btod_ediv       c_w.l(btod.o)
    0x0800a8f2   0x0800a8f2   0x0000002a   Code   RO         3033    CL$$btod_emul       c_w.l(btod.o)
    0x0800a91c   0x0800a91c   0x00000244   Code   RO         3039    CL$$btod_mult_common  c_w.l(btod.o)
    0x0800ab60   0x0800ab60   0x00000030   Code   RO         3155    i.__ARM_fpclassify  m_wv.l(fpclassify.o)
    0x0800ab90   0x0800ab90   0x0000000e   Code   RO         2289    i._is_digit         c_w.l(__printf_wp.o)
    0x0800ab9e   0x0800ab9e   0x0000001a   Code   RO         2672    i.fputc             c_w.l(fputc.o)
    0x0800abb8   0x0800abb8   0x0000002c   Code   RO         3068    locale$$code        c_w.l(lc_numeric_c.o)
    0x0800abe4   0x0800abe4   0x0000002c   Code   RO         3174    locale$$code        c_w.l(lc_ctype_c.o)
    0x0800ac10   0x0800ac10   0x0000000a   Code   RO         2696    x$fpl$fpinit        fz_wv.l(fpinit.o)
    0x0800ac1a   0x0800ac1a   0x00000004   Code   RO         2383    x$fpl$printf1       fz_wv.l(printf1.o)
    0x0800ac1e   0x0800ac1e   0x00000004   Code   RO         2385    x$fpl$printf2       fz_wv.l(printf2.o)
    0x0800ac22   0x0800ac22   0x00000000   Code   RO         3119    x$fpl$usenofp       fz_wv.l(usenofp.o)
    0x0800ac22   0x0800ac22   0x00000002   PAD
    0x0800ac24   0x0800ac24   0x00000008   Data   RO         2248    .constdata          c_w.l(_printf_wctomb.o)
    0x0800ac2c   0x0800ac2c   0x00000028   Data   RO         2277    .constdata          c_w.l(_printf_hex_int_ll_ptr.o)
    0x0800ac54   0x0800ac54   0x00000011   Data   RO         2297    .constdata          c_w.l(__printf_flags_ss_wp.o)
    0x0800ac65   0x0800ac65   0x00000026   Data   RO         2660    .constdata          c_w.l(_printf_fp_hex.o)
    0x0800ac8b   0x0800ac8b   0x00000001   PAD
    0x0800ac8c   0x0800ac8c   0x00000094   Data   RO         3028    .constdata          c_w.l(bigflt0.o)
    0x0800ad20   0x0800ad20   0x000000a0   Data   RO          227    .rodata             rtx_lib.o
    0x0800adc0   0x0800adc0   0x00000010   Data   RO         1516    .rodata.D1CorePrescTable  system_stm32h7xx.o
    0x0800add0   0x0800add0   0x00000018   Data   RO         1377    .rodata.UARTPrescTable  stm32h7xx_hal_uart.o
    0x0800ade8   0x0800ade8   0x00000008   Data   RO          283    .rodata.__stderr_name  retarget_io.o
    0x0800adf0   0x0800adf0   0x00000007   Data   RO          281    .rodata.__stdin_name  retarget_io.o
    0x0800adf7   0x0800adf7   0x00000008   Data   RO          282    .rodata.__stdout_name  retarget_io.o
    0x0800adff   0x0800adff   0x00000008   Data   RO          477    .rodata.cst8        stm32h7xx_hal_dma.o
    0x0800ae07   0x0800ae07   0x00000001   PAD
    0x0800ae08   0x0800ae08   0x00000004   Data   RO          229    .rodata.osRtxUserSVC  rtx_lib.o
    0x0800ae0c   0x0800ae0c   0x00000024   Data   RO          224    .rodata.os_idle_thread_attr  rtx_lib.o
    0x0800ae30   0x0800ae30   0x00000018   Data   RO          226    .rodata.os_timer_mq_attr  rtx_lib.o
    0x0800ae48   0x0800ae48   0x00000024   Data   RO          225    .rodata.os_timer_thread_attr  rtx_lib.o
    0x0800ae6c   0x0800ae6c   0x00000019   Data   RO          149    .rodata.str1.1      thread.o
    0x0800ae85   0x0800ae85   0x00000059   Data   RO         1487    .rodata.str1.1      stm32h7xx_hal_msp.o
    0x0800aede   0x0800aede   0x00000002   PAD
    0x0800aee0   0x0800aee0   0x0000000b   Data   RO         1580    .rodata.str1.4      RTX_CM4F.lib(rtx_kernel.o)
    0x0800aeeb   0x0800aeeb   0x00000001   PAD
    0x0800aeec   0x0800aeec   0x00000020   Data   RO         3237    Region$$Table       anon$$obj.o
    0x0800af0c   0x0800af0c   0x0000001c   Data   RO         3067    locale$$data        c_w.l(lc_numeric_c.o)
    0x0800af28   0x0800af28   0x00000110   Data   RO         3173    locale$$data        c_w.l(lc_ctype_c.o)
    0x0800b038   0x0800b038   0x00000004   Data   RO          151    .init_array         thread.o
    0x0800b03c   0x0800b038   0x00000000   Data   RO         2071    .init_array         c_w.l(init_aeabi.o)


    Execution Region RW_IRAM1 (Exec base: 0x20000000, Load base: 0x0800b03c, Size: 0x00000000, Max: 0x00020000, ABSOLUTE)

    **** No section assigned to this execution region ****


    Execution Region RW_IRAM2 (Exec base: 0x24000000, Load base: 0x0800b040, Size: 0x0000ad90, Max: 0x00080000, ABSOLUTE)

    Exec Addr    Load Addr    Size         Type   Attr      Idx    E Section Name        Object

    0x24000000   0x0800b040   0x00000004   Data   RW         2325    .data               c_w.l(stdio_streams.o)
    0x24000004   0x0800b044   0x00000004   Data   RW         2326    .data               c_w.l(stdio_streams.o)
    0x24000008   0x0800b048   0x00000004   Data   RW         2327    .data               c_w.l(stdio_streams.o)
    0x2400000c   0x0800b04c   0x00000004   Data   RW         3058    .data               c_w.l(streamlock.o)
    0x24000010   0x0800b050   0x00000008   Data   RW          394    .data..L_MergedGlobals  stm32h7xx_hal.o
    0x24000018   0x0800b058   0x00000004   Data   RW         1514    .data.SystemCoreClock  system_stm32h7xx.o
    0x2400001c   0x0800b05c   0x00000004   Data   RW         1515    .data.SystemD2Clock  system_stm32h7xx.o
    0x24000020   0x0800b060   0x000000a4   Data   RW         1581    .data.os            RTX_CM4F.lib(rtx_kernel.o)
    0x240000c4   0x0800b104   0x0000000c   PAD
    0x240000d0        -       0x00000054   Zero   RW         2322    .bss                c_w.l(stdio_streams.o)
    0x24000124        -       0x00000054   Zero   RW         2323    .bss                c_w.l(stdio_streams.o)
    0x24000178        -       0x00000054   Zero   RW         2324    .bss                c_w.l(stdio_streams.o)
    0x240001cc        -       0x00000060   Zero   RW         2995    .bss                c_w.l(libspace.o)
    0x2400022c   0x0800b104   0x00000004   PAD
    0x24000230        -       0x00000040   Zero   RW           34    .bss..L_MergedGlobals  main.o
    0x24000270        -       0x00000040   Zero   RW           35    .bss..L_MergedGlobals.1  main.o
    0x240002b0        -       0x0000004c   Zero   RW           36    .bss..L_MergedGlobals.2  main.o
    0x240002fc   0x0800b104   0x00000004   PAD
    0x24000300        -       0x00000078   Zero   RW           37    .bss..L_MergedGlobals.3  main.o
    0x24000378        -       0x00000001   Zero   RW         1488    .bss.FMC_Initialized  stm32h7xx_hal_msp.o
    0x24000379        -       0x00000001   Zero   RW         2035    .bss.PendST         RTX_CM4F.lib(os_systick.o)
    0x2400037a   0x0800b104   0x00000002   PAD
    0x2400037c        -       0x00000004   Zero   RW          147    .bss.adcQspiSem_id  thread.o
    0x24000380        -       0x00000028   Zero   RW          148    .bss.adcfifo        thread.o
    0x240003a8        -       0x00000004   Zero   RW           95    .bss.addrADCsmpl    ramfunc.o
    0x240003ac        -       0x00000078   Zero   RW           31    .bss.hdma_uart4_rx  main.o
    0x24000424        -       0x00000078   Zero   RW           32    .bss.hdma_uart4_tx  main.o
    0x2400049c        -       0x0000006c   Zero   RW           29    .bss.hmdma_quadspi_fifo_th  main.o
    0x24000508        -       0x00000040   Zero   RW            9    .bss.htim7          stm32h7xx_hal_timebase_tim.o
    0x24000548        -       0x00000080   Zero   RW           30    .bss.huart4         main.o
    0x240005c8        -       0x00000004   Zero   RW           91    .bss.ipos           ramfunc.o
    0x240005cc   0x0800b104   0x00000004   PAD
    0x240005d0        -       0x00009c80   Zero   RW          223    .bss.os             rtx_lib.o
    0x2400a250        -       0x000001f0   Zero   RW          230    .bss.os.libspace    rtx_lib.o
    0x2400a440        -       0x00000034   Zero   RW          233    .bss.os.msgqueue.cb  rtx_lib.o
    0x2400a474        -       0x00000050   Zero   RW          234    .bss.os.msgqueue.mem  rtx_lib.o
    0x2400a4c4        -       0x00000088   Zero   RW          231    .bss.os.thread.cb   rtx_lib.o
    0x2400a54c   0x0800b104   0x00000004   PAD
    0x2400a550        -       0x00000200   Zero   RW          232    .bss.os.thread.stack  rtx_lib.o
    0x2400a750        -       0x00000001   Zero   RW          235    .bss.os_kernel_is_active.os_kernel_active  rtx_lib.o
    0x2400a751   0x0800b104   0x00000003   PAD
    0x2400a754        -       0x00000004   Zero   RW           94    .bss.p_addrADCsmpl  ramfunc.o
    0x2400a758        -       0x00000028   Zero   RW          150    .bss.sendfifo       thread.o
    0x2400a780        -       0x00000004   Zero   RW          143    .bss.tid_Thread     thread.o
    0x2400a784        -       0x00000004   Zero   RW          146    .bss.uartRec        thread.o
    0x2400a788        -       0x00000004   Zero   RW          145    .bss.uart_Task_id   thread.o
    0x2400a78c        -       0x00000004   Zero   RW          393    .bss.uwTick         stm32h7xx_hal.o
    0x2400a790        -       0x00000200   Zero   RW         1501    HEAP                startup_stm32h743xx.o
    0x2400a990        -       0x00000400   Zero   RW         1500    STACK               startup_stm32h743xx.o


==============================================================================

Image component sizes


      Code (inc. data)   RO Data    RW Data    ZI Data      Debug   Object Name

      1388          0          0          0        800      25272   main.o
       542          0          0          0          0       8750   multififo.o
       500          0          0          0         12      11762   ramfunc.o
       254          0         23          0          0       3131   retarget_io.o
         4          0          0          0          0        827   rtx_config.o
       186          0        260          0      41341       8091   rtx_lib.o
        64         26        664          0       1536        856   startup_stm32h743xx.o
        68          0          0          8          4      15890   stm32h7xx_hal.o
       234          0          0          0          0      12440   stm32h7xx_hal_cortex.o
      2146          4          8          0          0      12718   stm32h7xx_hal_dma.o
       442          0          0          0          0       7440   stm32h7xx_hal_gpio.o
      1126          0          0          0          0      13310   stm32h7xx_hal_mdma.o
       962          0         89          0          1      18315   stm32h7xx_hal_msp.o
        98          0          0          0          0      16927   stm32h7xx_hal_nand.o
      2022          0          0          0          0      20300   stm32h7xx_hal_qspi.o
      2370          4          0          0          0      10650   stm32h7xx_hal_rcc.o
      4702        166          0          0          0      20424   stm32h7xx_hal_rcc_ex.o
      2082         12          0          0          0      51149   stm32h7xx_hal_tim.o
        92          0          0          0          0      18989   stm32h7xx_hal_tim_ex.o
       144          0          0          0         64      10098   stm32h7xx_hal_timebase_tim.o
      3724        492         24          0          0      25080   stm32h7xx_hal_uart.o
         2          0          0          0          0       6943   stm32h7xx_hal_uart_ex.o
        84          0          0          0          0       1611   stm32h7xx_it.o
       110          0          0          0          0       9783   stm32h7xx_ll_fmc.o
       108          0         16          8          0       4590   system_stm32h7xx.o
      1848         48         29          0         96      29807   thread.o

    ----------------------------------------------------------------------
     25798        764       1148         16      43869     365153   Object Totals
         0          0         32          0          0          0   (incl. Generated)
       496         12          3          0         15          0   (incl. Padding)

    ----------------------------------------------------------------------

      Code (inc. data)   RO Data    RW Data    ZI Data      Debug   Library Member Name

       196         12          0          0          0        540   irq_cm4f.o
       114         20          0          0          1       3578   os_systick.o
        56          4          0          0          0       3088   rtx_delay.o
       648         44         11        164          0      18714   rtx_kernel.o
       264          0          0          0          0       2707   rtx_memory.o
      1094         32          0          0          0      15835   rtx_mempool.o
      1610         36          0          0          0      18606   rtx_msgqueue.o
       212          8          0          0          0      10258   rtx_mutex.o
       620         24          0          0          0      11844   rtx_semaphore.o
       364         16          0          0          0       5544   rtx_system.o
      1712         60          0          0          0      33996   rtx_thread.o
       236         20          0          0          0      10983   rtx_timer.o
         8          0          0          0          0         68   __main.o
       392          4         17          0          0         92   __printf_flags_ss_wp.o
        14          0          0          0          0         68   __printf_wp.o
         0          0          0          0          0          0   __rtentry.o
        20          0          0          0          0          0   __rtentry2.o
         6          0          0          0          0          0   __rtentry4.o
        52          8          0          0          0          0   __scatter.o
        26          0          0          0          0          0   __scatter_copy.o
        28          0          0          0          0          0   __scatter_zi.o
        72          0          0          0          0         96   _c16rtomb.o
         6          0          0          0          0          0   _printf_a.o
         6          0          0          0          0          0   _printf_c.o
        44          0          0          0          0        108   _printf_char.o
        48          6          0          0          0         96   _printf_char_common.o
        64          6          0          0          0         84   _printf_char_file_locked.o
        40          0          0          0          0         68   _printf_charcount.o
         6          0          0          0          0          0   _printf_d.o
       120         16          0          0          0         92   _printf_dec.o
         6          0          0          0          0          0   _printf_e.o
         6          0          0          0          0          0   _printf_f.o
      1052          0          0          0          0        148   _printf_fp_dec.o
       764          8         38          0          0        100   _printf_fp_hex.o
       128         16          0          0          0         84   _printf_fp_infnan.o
         6          0          0          0          0          0   _printf_g.o
       148          4         40          0          0        160   _printf_hex_int_ll_ptr.o
         6          0          0          0          0          0   _printf_i.o
       178          0          0          0          0         88   _printf_intcommon.o
        10          0          0          0          0          0   _printf_l.o
         6          0          0          0          0          0   _printf_lc.o
        10          0          0          0          0          0   _printf_ll.o
         6          0          0          0          0          0   _printf_lld.o
         6          0          0          0          0          0   _printf_lli.o
         6          0          0          0          0          0   _printf_llo.o
         6          0          0          0          0          0   _printf_llu.o
         6          0          0          0          0          0   _printf_llx.o
       124         16          0          0          0         92   _printf_longlong_dec.o
         6          0          0          0          0          0   _printf_ls.o
         6          0          0          0          0          0   _printf_n.o
         6          0          0          0          0          0   _printf_o.o
       112          8          0          0          0        124   _printf_oct_int_ll.o
         6          0          0          0          0          0   _printf_p.o
        78          0          0          0          0        108   _printf_pad.o
         0          0          0          0          0          0   _printf_percent.o
         4          0          0          0          0          0   _printf_percent_end.o
         6          0          0          0          0          0   _printf_s.o
        82          0          0          0          0         80   _printf_str.o
        36          0          0          0          0         84   _printf_truncate.o
         6          0          0          0          0          0   _printf_u.o
        44          0          0          0          0        108   _printf_wchar.o
       188          6          8          0          0         92   _printf_wctomb.o
         6          0          0          0          0          0   _printf_x.o
        46          0          0          0          0         84   aeabi_atexit.o
       228          4        148          0          0         96   bigflt0.o
      1936        128          0          0          0        672   btod.o
        10          0          0          0          0         68   cxa_atexit.o
        66          0          0          0          0         84   cxa_finalize.o
        10          0          0          0          0         68   defsig_exit.o
        50          0          0          0          0         88   defsig_general.o
        80         58          0          0          0         76   defsig_rtmem_inner.o
        14          0          0          0          0         80   defsig_rtmem_outer.o
        52         38          0          0          0         76   defsig_rtred_inner.o
        14          0          0          0          0         80   defsig_rtred_outer.o
        18          0          0          0          0         80   exit.o
        76          0          0          0          0         88   fclose.o
       470          0          0          0          0         88   flsbuf.o
       324          8          0          0          0        152   fopen_locked.o
        26          0          0          0          0         68   fputc.o
       248          6          0          0          0         84   fseek.o
        66          0          0          0          0         76   ftell.o
       158          0          0          0          0        128   h1_alloc_mt.o
        62          0          0          0          0         80   h1_extend_mt.o
        10          0          0          0          0         76   h1_final_mt.o
       118          0          0          0          0        108   h1_free_mt.o
        18          0          0          0          0         84   h1_init_mt.o
         6          0          0          0          0        152   heapauxi.o
         4          0          0          0          0        136   hguard.o
         0          0          0          0          0          0   indicate_semi.o
        36         10          0          0          0         80   init_aeabi.o
       138          0          0          0          0        168   init_alloc.o
       456         48          0          0          0        116   initio_locked.o
        44         10        272          0          0         76   lc_ctype_c.o
        44         10         28          0          0         76   lc_numeric_c.o
         2          0          0          0          0          0   libinit.o
        50          0          0          0          0          0   libinit2.o
         2          0          0          0          0          0   libshutdown.o
        16          0          0          0          0          0   libshutdown2.o
         8          4          0          0         96         68   libspace.o
       138          0          0          0          0         80   lludiv10.o
       238          0          0          0          0        100   lludivv7m.o
         0          0          0          0          0          0   maybetermalloc2.o
        24          4          0          0          0         84   printf.o
        16          4          0          0          0         76   rt_ctype_table.o
        10          0          0          0          0         76   rt_ddtor_pointer_addr_twolibspace.o
         4          0          0          0          0         68   rt_errno_addr_twolibspace.o
        10          0          0          0          0         76   rt_heap_descriptor_twolibspace.o
        10          0          0          0          0         76   rt_locale_twolibspace.o
        68          0          0          0          0         68   rt_memclr.o
        78          0          0          0          0         80   rt_memclr_w.o
       138          0          0          0          0         68   rt_memcpy_v6.o
       100          0          0          0          0         80   rt_memcpy_w.o
         2          0          0          0          0          0   rtexit.o
        10          0          0          0          0          0   rtexit2.o
       104          0          0          0          0         88   setvbuf_locked.o
       240          6          0          0          0        156   stdio.o
         0          0          0         12        252          0   stdio_streams.o
       124          0          0          0          0         88   strcmpv7m_pel.o
         0          0          0          4          0          0   streamlock.o
        12          4          0          0          0         68   sys_exit.o
        74          0          0          0          0         80   sys_stackheap_outer.o
        14          0          0          0          0         76   sys_wrch.o
        16          0          0          0          0         80   term_alloc.o
         2          0          0          0          0         68   use_no_semi.o
        10          0          0          0          0        116   fpinit.o
         4          0          0          0          0        116   printf1.o
         4          0          0          0          0        116   printf2.o
         0          0          0          0          0          0   usenofp.o
        14          0          0          0          0          0   new.cpp.o
        48          0          0          0          0        124   fpclassify.o

    ----------------------------------------------------------------------
     17606        720        564        180        367     143297   Library Totals
        50          4          2          0         18          0   (incl. Padding)

    ----------------------------------------------------------------------

      Code (inc. data)   RO Data    RW Data    ZI Data      Debug   Library Name

      7126        276         11        164          1     135693   RTX_CM4F.lib
     10350        440        551         16        348       7132   c_w.l
        18          0          0          0          0        348   fz_wv.l
        14          0          0          0          0          0   libcpp_wx.l
        48          0          0          0          0        124   m_wv.l

    ----------------------------------------------------------------------
     17606        720        564        180        367     143297   Library Totals

    ----------------------------------------------------------------------

==============================================================================


      Code (inc. data)   RO Data    RW Data    ZI Data      Debug   

     43404       1484       1712        196      44236     503638   Grand Totals
     43404       1484       1712        196      44236     503638   ELF Image Totals
     43404       1484       1712        196          0          0   ROM Totals

==============================================================================

    Total RO  Size (Code + RO Data)                45116 (  44.06kB)
    Total RW  Size (RW Data + ZI Data)             44432 (  43.39kB)
    Total ROM Size (Code + RO Data + RW Data)      45312 (  44.25kB)

==============================================================================

